[WARN]  /home/c00946898/triton_mte3_scalar_store_camodel_20260921/n_st1 is not recommended to be writable by group or other users
=================================================================
                   >>>>>   MindStudio   <<<<<
    THE END-TO-END TOOLCHAIN TO UNLEASH HUAWEI ASCEND COMPUTE
=================================================================

/home/c00946898/.conda/envs/wj_autoscope/lib/python3.11/site-packages/torch_npu/utils/collect_env.py:58: UserWarning: Warning: The /usr/local/Ascend/cann-9.1.0 owner does not match the current owner.
  warnings.warn(f"Warning: The {path} owner does not match the current owner.")
/home/c00946898/.conda/envs/wj_autoscope/lib/python3.11/site-packages/torch_npu/utils/collect_env.py:58: UserWarning: Warning: The /usr/local/Ascend/cann-9.1.0/x86_64-linux/ascend_toolkit_install.info owner does not match the current owner.
  warnings.warn(f"Warning: The {path} owner does not match the current owner.")
/home/c00946898/.conda/envs/wj_autoscope/lib/python3.11/site-packages/torch_npu/utils/collect_env.py:58: UserWarning: Warning: The /usr/local/Ascend/cann-9.1.0 owner does not match the current owner.
  warnings.warn(f"Warning: The {path} owner does not match the current owner.")
/home/c00946898/.conda/envs/wj_autoscope/lib/python3.11/site-packages/torch_npu/utils/collect_env.py:58: UserWarning: Warning: The /usr/local/Ascend/cann-9.1.0/x86_64-linux/ascend_toolkit_install.info owner does not match the current owner.
  warnings.warn(f"Warning: The {path} owner does not match the current owner.")
[INFO]  Op profiling analysis start.
[INFO]  Running simulation task: Binary Simulation Running, use simulator Ascend950PR 9599 by --soc-version
[INFO] Top sim cfg file: /usr/local/Ascend/cann-9.1.0/x86_64-linux/simulator/dav_3510/lib/Ascend950pr_9599_sim.toml
[INFO] Model cfg file: /usr/local/Ascend/cann-9.1.0/x86_64-linux/simulator/dav_3510/lib/Ascend950pr_9599_model.toml
[INFO] FFTS plus cfg file: /usr/local/Ascend/cann-9.1.0/x86_64-linux/simulator/dav_3510/lib/Ascend950pr_9599_ffts_plus.toml
[INFO] [0000000000] sim_cfg: /usr/local/Ascend/cann-9.1.0/x86_64-linux/simulator/dav_3510/lib/Ascend950pr_9599_sim.toml
[INFO] [0000000000] model_cfg: /usr/local/Ascend/cann-9.1.0/x86_64-linux/simulator/dav_3510/lib/Ascend950pr_9599_model.toml
[INFO] [0000000000] stars_cfg: /usr/local/Ascend/cann-9.1.0/x86_64-linux/simulator/dav_3510/lib/Ascend950pr_9599_stars.toml
[INFO] [0000000000] ffts_cfg: /usr/local/Ascend/cann-9.1.0/x86_64-linux/simulator/dav_3510/lib/Ascend950pr_9599_ffts.toml
[INFO] [0000000000] ffts_plus_cfg: /usr/local/Ascend/cann-9.1.0/x86_64-linux/simulator/dav_3510/lib/Ascend950pr_9599_ffts_plus.toml
[FuncCache]: size:0x20000, line_size:128, way_num:16, line_num:1024, idx_num:64
             idx_lsb:7, idx_mask:0x3f, tag_lsb:13, tag_mask:0xffffffffffffffff, ofst_mask:0x7f

[INFO] Config file [1982_cloud_config.toml] from model dynamic library path. Path: /usr/local/Ascend/cann-9.1.0/x86_64-linux/simulator/dav_3510/lib/1982_cloud_config.toml
[TmSim]: Run in serial mode.
[INFO] Config file [./1982_cloud_config.toml] from model dynamic library path. Path: /usr/local/Ascend/cann-9.1.0/x86_64-linux/simulator/dav_3510/lib/1982_cloud_config.toml
[INFO] AicWrapper attach AIC 0, num_vec_core=2, num_subcore=3
[INFO] AicWrapper attach AIC 1, num_vec_core=2, num_subcore=3
[INFO] AicWrapper attach AIC 2, num_vec_core=2, num_subcore=3
[INFO] AicWrapper attach AIC 3, num_vec_core=2, num_subcore=3
[INFO] AicWrapper attach AIC 4, num_vec_core=2, num_subcore=3
[INFO] AicWrapper attach AIC 5, num_vec_core=2, num_subcore=3
[INFO] AicWrapper attach AIC 6, num_vec_core=2, num_subcore=3
[INFO] AicWrapper attach AIC 7, num_vec_core=2, num_subcore=3
[INFO] AicWrapper attach AIC 8, num_vec_core=2, num_subcore=3
[INFO] AicWrapper attach AIC 9, num_vec_core=2, num_subcore=3
[INFO] AicWrapper attach AIC 10, num_vec_core=2, num_subcore=3
[INFO] AicWrapper attach AIC 11, num_vec_core=2, num_subcore=3
[INFO] AicWrapper attach AIC 12, num_vec_core=2, num_subcore=3
[INFO] AicWrapper attach AIC 13, num_vec_core=2, num_subcore=3
[INFO] AicWrapper attach AIC 14, num_vec_core=2, num_subcore=3
[INFO] AicWrapper attach AIC 15, num_vec_core=2, num_subcore=3
[INFO] AicWrapper attach AIC 16, num_vec_core=2, num_subcore=3
[INFO] AicWrapper attach AIC 17, num_vec_core=2, num_subcore=3
[INFO] AicWrapper attach AIC 18, num_vec_core=2, num_subcore=3
[INFO] AicWrapper attach AIC 19, num_vec_core=2, num_subcore=3
[INFO] AicWrapper attach AIC 20, num_vec_core=2, num_subcore=3
[INFO] AicWrapper attach AIC 21, num_vec_core=2, num_subcore=3
[INFO] AicWrapper attach AIC 22, num_vec_core=2, num_subcore=3
[INFO] AicWrapper attach AIC 23, num_vec_core=2, num_subcore=3
[INFO] AicWrapper attach AIC 24, num_vec_core=2, num_subcore=3
[INFO] AicWrapper attach AIC 25, num_vec_core=2, num_subcore=3
[INFO] AicWrapper attach AIC 26, num_vec_core=2, num_subcore=3
[INFO] AicWrapper attach AIC 27, num_vec_core=2, num_subcore=3
[INFO] AicWrapper attach AIC 28, num_vec_core=2, num_subcore=3
[INFO] AicWrapper attach AIC 29, num_vec_core=2, num_subcore=3
[INFO] AicWrapper attach AIC 30, num_vec_core=2, num_subcore=3
[INFO] AicWrapper attach AIC 31, num_vec_core=2, num_subcore=3
[INFO] Chip 0 AIC / Scheduler / Soc periods: 200.0000 / 200.0000 / 105.0000
[INFO] chip 0 die 0 device created
================================================================================
>>>>                                                                        
>>>>                             " PEM MODEL "                                
>>>>             Total no. of 1 chip(s) Model Init Success!                
>>>>                                                                        
================================================================================
[INFO] Model Start Time: 2026-09-21 14:35:07
[DRVSTUB_LOG] driver_api.c:521 sendSwapBuf:swapbuf_base_addr:10000000
[DRVSTUB_LOG] driver_api.c:522 sendSwapBuf:sq:0 swapbuf_addr:10000000
[DRVSTUB_LOG] driver_api.c:521 sendSwapBuf:swapbuf_base_addr:10000000
[DRVSTUB_LOG] driver_api.c:522 sendSwapBuf:sq:1 swapbuf_addr:10000040
[DRVSTUB_LOG] driver_api.c:521 sendSwapBuf:swapbuf_base_addr:10000000
[DRVSTUB_LOG] driver_api.c:522 sendSwapBuf:sq:2 swapbuf_addr:10000080
[DRVSTUB_LOG] driver_api.c:521 sendSwapBuf:swapbuf_base_addr:10000000
[DRVSTUB_LOG] driver_api.c:522 sendSwapBuf:sq:3 swapbuf_addr:100000c0
[INFO] <ProfInit> Start profiling on kernel: _triton_scalar_store_demo
[info] [0000004891] [block_start]           : AIV, task_id=0, core_id=0, block_id=0
[info] [0000004891] [block_start]           : AIV, task_id=0, core_id=1, block_id=1
[info] [0000004892] [block_start]           : AIV, task_id=0, core_id=2, block_id=2
[info] [0000004893] [block_start]           : AIV, task_id=0, core_id=3, block_id=3
[info] [0000006924] [block_end]             : AIV, task_id=0, core_id=1, block_id=1
[info] [0000007200] [block_end]             : AIV, task_id=0, core_id=2, block_id=2
[info] [0000007216] [block_end]             : AIV, task_id=0, core_id=3, block_id=3
[info] [0000007225] [block_end]             : AIV, task_id=0, core_id=0, block_id=0
LAUNCHED triton_scalar_store_demo n_st=1 grid=4
[WARN]  Child process killed by signal 11
[WARN]  Profiling running finished. May cause generating performance files to fail.
[WARN]  Running task failed, proceeding to data parsing
[INFO]  Start parse dump file
[INFO]  Extract 80 relations from kernel
[WARN]  Kernel missed debug_line information. If you need code call stack, please recompile kernel with -g option
[WARN]  Code call stack is empty
[WARN]  Lack of code info of files
[INFO]  Core operator results run in simulator as follow:
core_name           duration_time(us)   running_time(us)    
core0.veccore0      0.91                0.91                
core0.veccore1      0.72                0.72                
[INFO]  Profiling results saved in /home/c00946898/triton_mte3_scalar_store_camodel_20260921/n_st1/OPPROF_20260921143501_XGODAFDWOXMIJVTR
[INFO]  Profiling data parse finished.
[INFO]  Op profiling finish. Welcome to next use.
