/home/c00946898/.conda/envs/wj_autoscope/lib/python3.11/site-packages/torch_npu/utils/collect_env.py:58: UserWarning: Warning: The /usr/local/Ascend/cann-9.1.0 owner does not match the current owner.
  warnings.warn(f"Warning: The {path} owner does not match the current owner.")
/home/c00946898/.conda/envs/wj_autoscope/lib/python3.11/site-packages/torch_npu/utils/collect_env.py:58: UserWarning: Warning: The /usr/local/Ascend/cann-9.1.0/x86_64-linux/ascend_toolkit_install.info owner does not match the current owner.
  warnings.warn(f"Warning: The {path} owner does not match the current owner.")
/home/c00946898/.conda/envs/wj_autoscope/lib/python3.11/site-packages/torch_npu/utils/collect_env.py:58: UserWarning: Warning: The /usr/local/Ascend/cann-9.1.0 owner does not match the current owner.
  warnings.warn(f"Warning: The {path} owner does not match the current owner.")
/home/c00946898/.conda/envs/wj_autoscope/lib/python3.11/site-packages/torch_npu/utils/collect_env.py:58: UserWarning: Warning: The /usr/local/Ascend/cann-9.1.0/x86_64-linux/ascend_toolkit_install.info owner does not match the current owner.
  warnings.warn(f"Warning: The {path} owner does not match the current owner.")
triton_stride_load b4 s3: expected=True contains=True match=True
triton_stride_load b4 s5: expected=True contains=True match=True
triton_stride_load b4 s6: expected=True contains=True match=True
triton_stride_load b4 s7: expected=True contains=True match=True
triton_stride_load b4 s9: expected=True contains=True match=True
triton_stride_load b4 s10: expected=True contains=True match=True
triton_stride_load b4 s11: expected=True contains=True match=True
triton_stride_load b4 s12: expected=True contains=True match=True
triton_stride_load b4 s13: expected=True contains=True match=True
triton_stride_load b4 s14: expected=True contains=True match=True
triton_stride_load b4 s15: expected=True contains=True match=True
triton_stride_load b4 s17: expected=True contains=True match=True
triton_stride_load b4 s18: expected=True contains=True match=True
triton_stride_load b4 s19: expected=True contains=True match=True
triton_stride_load b4 s20: expected=True contains=True match=True
triton_stride_load b4 s21: expected=True contains=True match=True
triton_stride_load b4 s22: expected=True contains=True match=True
triton_stride_load b4 s23: expected=True contains=True match=True
triton_stride_load b4 s24: expected=True contains=True match=True
triton_stride_load b4 s25: expected=True contains=True match=True
triton_stride_load b4 s26: expected=True contains=True match=True
triton_stride_load b4 s27: expected=True contains=True match=True
triton_stride_load b4 s28: expected=True contains=True match=True
triton_stride_load b4 s29: expected=True contains=True match=True
triton_stride_load b4 s30: expected=True contains=True match=True
triton_stride_load b4 s31: expected=True contains=True match=True
triton_stride_load b4 s1: expected=False contains=False match=True
triton_stride_load b4 s2: expected=False contains=False match=True
triton_stride_load b4 s4: expected=False contains=False match=True
triton_stride_load b4 s8: expected=False contains=False match=True
triton_stride_load b4 s16: expected=False contains=False match=True
triton_stride_load b4 s32: expected=False contains=False match=True
triton_stride_load b4 s64: expected=False contains=False match=True
triton_stride_load b4 s128: expected=False contains=False match=True
triton_stride_load b4 s256: expected=False contains=False match=True
triton_stride_load b8 s3: expected=True contains=True match=True
triton_stride_load b8 s5: expected=True contains=True match=True
triton_stride_load b8 s6: expected=True contains=True match=True
triton_stride_load b8 s7: expected=True contains=True match=True
triton_stride_load b8 s9: expected=True contains=True match=True
triton_stride_load b8 s10: expected=True contains=True match=True
triton_stride_load b8 s11: expected=True contains=True match=True
triton_stride_load b8 s12: expected=True contains=True match=True
triton_stride_load b8 s13: expected=True contains=True match=True
triton_stride_load b8 s14: expected=True contains=True match=True
triton_stride_load b8 s15: expected=True contains=True match=True
triton_stride_load b8 s17: expected=True contains=True match=True
triton_stride_load b8 s18: expected=True contains=True match=True
triton_stride_load b8 s19: expected=True contains=True match=True
triton_stride_load b8 s20: expected=True contains=True match=True
triton_stride_load b8 s21: expected=True contains=True match=True
triton_stride_load b8 s22: expected=True contains=True match=True
triton_stride_load b8 s23: expected=True contains=True match=True
triton_stride_load b8 s24: expected=True contains=True match=True
triton_stride_load b8 s25: expected=True contains=True match=True
triton_stride_load b8 s26: expected=True contains=True match=True
triton_stride_load b8 s27: expected=True contains=True match=True
triton_stride_load b8 s28: expected=True contains=True match=True
triton_stride_load b8 s29: expected=True contains=True match=True
triton_stride_load b8 s30: expected=True contains=True match=True
triton_stride_load b8 s31: expected=True contains=True match=True
triton_stride_load b8 s1: expected=False contains=False match=True
triton_stride_load b8 s2: expected=False contains=False match=True
triton_stride_load b8 s4: expected=False contains=False match=True
triton_stride_load b8 s8: expected=False contains=False match=True
triton_stride_load b8 s16: expected=False contains=False match=True
triton_stride_load b8 s32: expected=False contains=False match=True
triton_stride_load b8 s64: expected=False contains=False match=True
triton_stride_load b8 s128: expected=False contains=False match=True
triton_stride_load b8 s256: expected=False contains=False match=True
triton_stride_load b16 s3: expected=True contains=True match=True
triton_stride_load b16 s5: expected=True contains=True match=True
triton_stride_load b16 s6: expected=True contains=True match=True
triton_stride_load b16 s7: expected=True contains=True match=True
triton_stride_load b16 s9: expected=True contains=True match=True
triton_stride_load b16 s10: expected=True contains=True match=True
triton_stride_load b16 s11: expected=True contains=True match=True
triton_stride_load b16 s12: expected=True contains=True match=True
triton_stride_load b16 s13: expected=True contains=True match=True
triton_stride_load b16 s14: expected=True contains=True match=True
triton_stride_load b16 s15: expected=True contains=True match=True
triton_stride_load b16 s17: expected=True contains=True match=True
triton_stride_load b16 s18: expected=True contains=True match=True
triton_stride_load b16 s19: expected=True contains=True match=True
triton_stride_load b16 s20: expected=True contains=True match=True
triton_stride_load b16 s21: expected=True contains=True match=True
triton_stride_load b16 s22: expected=True contains=True match=True
triton_stride_load b16 s23: expected=True contains=True match=True
triton_stride_load b16 s24: expected=True contains=True match=True
triton_stride_load b16 s25: expected=True contains=True match=True
triton_stride_load b16 s26: expected=True contains=True match=True
triton_stride_load b16 s27: expected=True contains=True match=True
triton_stride_load b16 s28: expected=True contains=True match=True
triton_stride_load b16 s29: expected=True contains=True match=True
triton_stride_load b16 s30: expected=True contains=True match=True
triton_stride_load b16 s31: expected=True contains=True match=True
triton_stride_load b16 s1: expected=False contains=False match=True
triton_stride_load b16 s2: expected=False contains=False match=True
triton_stride_load b16 s4: expected=False contains=False match=True
triton_stride_load b16 s8: expected=False contains=False match=True
triton_stride_load b16 s16: expected=False contains=False match=True
triton_stride_load b16 s32: expected=False contains=False match=True
triton_stride_load b16 s64: expected=False contains=False match=True
triton_stride_load b16 s128: expected=False contains=False match=True
triton_stride_load b16 s256: expected=False contains=False match=True
triton_stride_load b32 s3: expected=True contains=True match=True
triton_stride_load b32 s5: expected=True contains=True match=True
triton_stride_load b32 s6: expected=True contains=True match=True
triton_stride_load b32 s7: expected=True contains=True match=True
triton_stride_load b32 s9: expected=True contains=True match=True
triton_stride_load b32 s10: expected=True contains=True match=True
triton_stride_load b32 s11: expected=True contains=True match=True
triton_stride_load b32 s12: expected=True contains=True match=True
triton_stride_load b32 s13: expected=True contains=True match=True
triton_stride_load b32 s14: expected=True contains=True match=True
triton_stride_load b32 s15: expected=True contains=True match=True
triton_stride_load b32 s17: expected=True contains=True match=True
triton_stride_load b32 s18: expected=True contains=True match=True
triton_stride_load b32 s19: expected=True contains=True match=True
triton_stride_load b32 s20: expected=True contains=True match=True
triton_stride_load b32 s21: expected=True contains=True match=True
triton_stride_load b32 s22: expected=True contains=True match=True
triton_stride_load b32 s23: expected=True contains=True match=True
triton_stride_load b32 s24: expected=True contains=True match=True
triton_stride_load b32 s25: expected=True contains=True match=True
triton_stride_load b32 s26: expected=True contains=True match=True
triton_stride_load b32 s27: expected=True contains=True match=True
triton_stride_load b32 s28: expected=True contains=True match=True
triton_stride_load b32 s29: expected=True contains=True match=True
triton_stride_load b32 s30: expected=True contains=True match=True
triton_stride_load b32 s31: expected=True contains=True match=True
triton_stride_load b32 s1: expected=False contains=False match=True
triton_stride_load b32 s2: expected=False contains=False match=True
triton_stride_load b32 s4: expected=False contains=False match=True
triton_stride_load b32 s8: expected=False contains=False match=True
triton_stride_load b32 s16: expected=False contains=False match=True
triton_stride_load b32 s32: expected=False contains=False match=True
triton_stride_load b32 s64: expected=False contains=False match=True
triton_stride_load b32 s128: expected=False contains=False match=True
triton_stride_load b32 s256: expected=False contains=False match=True
triton_stride_load b64 s3: expected=True contains=True match=True
triton_stride_load b64 s5: expected=True contains=True match=True
triton_stride_load b64 s6: expected=True contains=True match=True
triton_stride_load b64 s7: expected=True contains=True match=True
triton_stride_load b64 s9: expected=True contains=True match=True
triton_stride_load b64 s10: expected=True contains=True match=True
triton_stride_load b64 s11: expected=True contains=True match=True
triton_stride_load b64 s12: expected=True contains=True match=True
triton_stride_load b64 s13: expected=True contains=True match=True
triton_stride_load b64 s14: expected=True contains=True match=True
triton_stride_load b64 s15: expected=True contains=True match=True
triton_stride_load b64 s17: expected=True contains=True match=True
triton_stride_load b64 s18: expected=True contains=True match=True
triton_stride_load b64 s19: expected=True contains=True match=True
triton_stride_load b64 s20: expected=True contains=True match=True
triton_stride_load b64 s21: expected=True contains=True match=True
triton_stride_load b64 s22: expected=True contains=True match=True
triton_stride_load b64 s23: expected=True contains=True match=True
triton_stride_load b64 s24: expected=True contains=True match=True
triton_stride_load b64 s25: expected=True contains=True match=True
triton_stride_load b64 s26: expected=True contains=True match=True
triton_stride_load b64 s27: expected=True contains=True match=True
triton_stride_load b64 s28: expected=True contains=True match=True
triton_stride_load b64 s29: expected=True contains=True match=True
triton_stride_load b64 s30: expected=True contains=True match=True
triton_stride_load b64 s31: expected=True contains=True match=True
triton_stride_load b64 s1: expected=False contains=False match=True
triton_stride_load b64 s2: expected=False contains=False match=True
triton_stride_load b64 s4: expected=False contains=False match=True
triton_stride_load b64 s8: expected=False contains=False match=True
triton_stride_load b64 s16: expected=False contains=False match=True
triton_stride_load b64 s32: expected=False contains=False match=True
triton_stride_load b64 s64: expected=False contains=False match=True
triton_stride_load b64 s128: expected=False contains=False match=True
triton_stride_load b64 s256: expected=False contains=False match=True
triton_stride_load b128 s3: expected=True contains=True match=True
triton_stride_load b128 s5: expected=True contains=True match=True
triton_stride_load b128 s6: expected=True contains=True match=True
triton_stride_load b128 s7: expected=True contains=True match=True
triton_stride_load b128 s9: expected=True contains=True match=True
triton_stride_load b128 s10: expected=True contains=True match=True
triton_stride_load b128 s11: expected=True contains=True match=True
triton_stride_load b128 s12: expected=True contains=True match=True
triton_stride_load b128 s13: expected=True contains=True match=True
triton_stride_load b128 s14: expected=True contains=True match=True
triton_stride_load b128 s15: expected=True contains=True match=True
triton_stride_load b128 s17: expected=True contains=True match=True
triton_stride_load b128 s18: expected=True contains=True match=True
triton_stride_load b128 s19: expected=True contains=True match=True
triton_stride_load b128 s20: expected=True contains=True match=True
triton_stride_load b128 s21: expected=True contains=True match=True
triton_stride_load b128 s22: expected=True contains=True match=True
triton_stride_load b128 s23: expected=True contains=True match=True
triton_stride_load b128 s24: expected=True contains=True match=True
triton_stride_load b128 s25: expected=True contains=True match=True
triton_stride_load b128 s26: expected=True contains=True match=True
triton_stride_load b128 s27: expected=True contains=True match=True
triton_stride_load b128 s28: expected=True contains=True match=True
triton_stride_load b128 s29: expected=True contains=True match=True
triton_stride_load b128 s30: expected=True contains=True match=True
triton_stride_load b128 s31: expected=True contains=True match=True
triton_stride_load b128 s1: expected=False contains=False match=True
triton_stride_load b128 s2: expected=False contains=False match=True
triton_stride_load b128 s4: expected=False contains=False match=True
triton_stride_load b128 s8: expected=False contains=False match=True
triton_stride_load b128 s16: expected=False contains=False match=True
triton_stride_load b128 s32: expected=False contains=False match=True
triton_stride_load b128 s64: expected=False contains=False match=True
triton_stride_load b128 s128: expected=False contains=False match=True
triton_stride_load b128 s256: expected=False contains=False match=True
triton_stride_load b256 s3: expected=True contains=True match=True
triton_stride_load b256 s5: expected=True contains=True match=True
triton_stride_load b256 s6: expected=True contains=True match=True
triton_stride_load b256 s7: expected=True contains=True match=True
triton_stride_load b256 s9: expected=True contains=True match=True
triton_stride_load b256 s10: expected=True contains=True match=True
triton_stride_load b256 s11: expected=True contains=True match=True
triton_stride_load b256 s12: expected=True contains=True match=True
triton_stride_load b256 s13: expected=True contains=True match=True
triton_stride_load b256 s14: expected=True contains=True match=True
triton_stride_load b256 s15: expected=True contains=True match=True
triton_stride_load b256 s17: expected=True contains=True match=True
triton_stride_load b256 s18: expected=True contains=True match=True
triton_stride_load b256 s19: expected=True contains=True match=True
triton_stride_load b256 s20: expected=True contains=True match=True
triton_stride_load b256 s21: expected=True contains=True match=True
triton_stride_load b256 s22: expected=True contains=True match=True
triton_stride_load b256 s23: expected=True contains=True match=True
triton_stride_load b256 s24: expected=True contains=True match=True
triton_stride_load b256 s25: expected=True contains=True match=True
triton_stride_load b256 s26: expected=True contains=True match=True
triton_stride_load b256 s27: expected=True contains=True match=True
triton_stride_load b256 s28: expected=True contains=True match=True
triton_stride_load b256 s29: expected=True contains=True match=True
triton_stride_load b256 s30: expected=True contains=True match=True
triton_stride_load b256 s31: expected=True contains=True match=True
triton_stride_load b256 s1: expected=False contains=False match=True
triton_stride_load b256 s2: expected=False contains=False match=True
triton_stride_load b256 s4: expected=False contains=False match=True
triton_stride_load b256 s8: expected=False contains=False match=True
triton_stride_load b256 s16: expected=False contains=False match=True
triton_stride_load b256 s32: expected=False contains=False match=True
triton_stride_load b256 s64: expected=False contains=False match=True
triton_stride_load b256 s128: expected=False contains=False match=True
triton_stride_load b256 s256: expected=False contains=False match=True
triton_stride_load b512 s3: expected=True contains=True match=True
triton_stride_load b512 s5: expected=True contains=True match=True
triton_stride_load b512 s6: expected=True contains=True match=True
triton_stride_load b512 s7: expected=True contains=True match=True
triton_stride_load b512 s9: expected=True contains=True match=True
triton_stride_load b512 s10: expected=True contains=True match=True
triton_stride_load b512 s11: expected=True contains=True match=True
triton_stride_load b512 s12: expected=True contains=True match=True
triton_stride_load b512 s13: expected=True contains=True match=True
triton_stride_load b512 s14: expected=True contains=True match=True
triton_stride_load b512 s15: expected=True contains=True match=True
triton_stride_load b512 s17: expected=True contains=True match=True
triton_stride_load b512 s18: expected=True contains=True match=True
triton_stride_load b512 s19: expected=True contains=True match=True
triton_stride_load b512 s20: expected=True contains=True match=True
triton_stride_load b512 s21: expected=True contains=True match=True
triton_stride_load b512 s22: expected=True contains=True match=True
triton_stride_load b512 s23: expected=True contains=True match=True
triton_stride_load b512 s24: expected=True contains=True match=True
triton_stride_load b512 s25: expected=True contains=True match=True
triton_stride_load b512 s26: expected=True contains=True match=True
triton_stride_load b512 s27: expected=True contains=True match=True
triton_stride_load b512 s28: expected=True contains=True match=True
triton_stride_load b512 s29: expected=True contains=True match=True
triton_stride_load b512 s30: expected=True contains=True match=True
triton_stride_load b512 s31: expected=True contains=True match=True
triton_stride_load b512 s1: expected=False contains=False match=True
triton_stride_load b512 s2: expected=False contains=False match=True
triton_stride_load b512 s4: expected=False contains=False match=True
triton_stride_load b512 s8: expected=False contains=False match=True
triton_stride_load b512 s16: expected=False contains=False match=True
triton_stride_load b512 s32: expected=False contains=False match=True
triton_stride_load b512 s64: expected=False contains=False match=True
triton_stride_load b512 s128: expected=False contains=False match=True
triton_stride_load b512 s256: expected=False contains=False match=True
triton_stride_load b1024 s3: expected=True contains=True match=True
triton_stride_load b1024 s5: expected=True contains=True match=True
triton_stride_load b1024 s6: expected=True contains=True match=True
triton_stride_load b1024 s7: expected=True contains=True match=True
triton_stride_load b1024 s9: expected=True contains=True match=True
triton_stride_load b1024 s10: expected=True contains=True match=True
triton_stride_load b1024 s11: expected=True contains=True match=True
triton_stride_load b1024 s12: expected=True contains=True match=True
triton_stride_load b1024 s13: expected=True contains=True match=True
triton_stride_load b1024 s14: expected=True contains=True match=True
triton_stride_load b1024 s15: expected=True contains=True match=True
triton_stride_load b1024 s17: expected=True contains=True match=True
triton_stride_load b1024 s18: expected=True contains=True match=True
triton_stride_load b1024 s19: expected=True contains=True match=True
triton_stride_load b1024 s20: expected=True contains=True match=True
triton_stride_load b1024 s21: expected=True contains=True match=True
triton_stride_load b1024 s22: expected=True contains=True match=True
triton_stride_load b1024 s23: expected=True contains=True match=True
triton_stride_load b1024 s24: expected=True contains=True match=True
triton_stride_load b1024 s25: expected=True contains=True match=True
triton_stride_load b1024 s26: expected=True contains=True match=True
triton_stride_load b1024 s27: expected=True contains=True match=True
triton_stride_load b1024 s28: expected=True contains=True match=True
triton_stride_load b1024 s29: expected=True contains=True match=True
triton_stride_load b1024 s30: expected=True contains=True match=True
triton_stride_load b1024 s31: expected=True contains=True match=True
triton_stride_load b1024 s1: expected=False contains=False match=True
triton_stride_load b1024 s2: expected=False contains=False match=True
triton_stride_load b1024 s4: expected=False contains=False match=True
triton_stride_load b1024 s8: expected=False contains=False match=True
triton_stride_load b1024 s16: expected=False contains=False match=True
triton_stride_load b1024 s32: expected=False contains=False match=True
triton_stride_load b1024 s64: expected=False contains=False match=True
triton_stride_load b1024 s128: expected=False contains=False match=True
triton_stride_load b1024 s256: expected=False contains=False match=True
triton_stride_load b2048 s3: expected=True contains=True match=True
triton_stride_load b2048 s5: expected=True contains=True match=True
triton_stride_load b2048 s6: expected=True contains=True match=True
triton_stride_load b2048 s7: expected=True contains=True match=True
triton_stride_load b2048 s9: expected=True contains=True match=True
triton_stride_load b2048 s10: expected=True contains=True match=True
triton_stride_load b2048 s11: expected=True contains=True match=True
triton_stride_load b2048 s12: expected=True contains=True match=True
triton_stride_load b2048 s13: expected=True contains=True match=True
triton_stride_load b2048 s14: expected=True contains=True match=True
triton_stride_load b2048 s15: expected=True contains=True match=True
triton_stride_load b2048 s17: expected=True contains=True match=True
triton_stride_load b2048 s18: expected=True contains=True match=True
triton_stride_load b2048 s19: expected=True contains=True match=True
triton_stride_load b2048 s20: expected=True contains=True match=True
triton_stride_load b2048 s21: expected=True contains=True match=True
triton_stride_load b2048 s22: expected=True contains=True match=True
triton_stride_load b2048 s23: expected=True contains=True match=True
triton_stride_load b2048 s24: expected=True contains=True match=True
triton_stride_load b2048 s25: expected=True contains=True match=True
triton_stride_load b2048 s26: expected=True contains=True match=True
triton_stride_load b2048 s27: expected=True contains=True match=True
triton_stride_load b2048 s28: expected=True contains=True match=True
triton_stride_load b2048 s29: expected=True contains=True match=True
triton_stride_load b2048 s30: expected=True contains=True match=True
triton_stride_load b2048 s31: expected=True contains=True match=True
triton_stride_load b2048 s1: expected=False contains=False match=True
triton_stride_load b2048 s2: expected=False contains=False match=True
triton_stride_load b2048 s4: expected=False contains=False match=True
triton_stride_load b2048 s8: expected=False contains=False match=True
triton_stride_load b2048 s16: expected=False contains=False match=True
triton_stride_load b2048 s32: expected=False contains=False match=True
triton_stride_load b2048 s64: expected=False contains=False match=True
triton_stride_load b2048 s128: expected=False contains=False match=True
triton_stride_load b2048 s256: expected=False contains=False match=True
triton_stride_store b4 s3: expected=True contains=True match=True
triton_stride_store b4 s5: expected=True contains=True match=True
triton_stride_store b4 s6: expected=True contains=True match=True
triton_stride_store b4 s7: expected=True contains=True match=True
triton_stride_store b4 s9: expected=True contains=True match=True
triton_stride_store b4 s10: expected=True contains=True match=True
triton_stride_store b4 s11: expected=True contains=True match=True
triton_stride_store b4 s12: expected=True contains=True match=True
triton_stride_store b4 s13: expected=True contains=True match=True
triton_stride_store b4 s14: expected=True contains=True match=True
triton_stride_store b4 s15: expected=True contains=True match=True
triton_stride_store b4 s17: expected=True contains=True match=True
triton_stride_store b4 s18: expected=True contains=True match=True
triton_stride_store b4 s19: expected=True contains=True match=True
triton_stride_store b4 s20: expected=True contains=True match=True
triton_stride_store b4 s21: expected=True contains=True match=True
triton_stride_store b4 s22: expected=True contains=True match=True
triton_stride_store b4 s23: expected=True contains=True match=True
triton_stride_store b4 s24: expected=True contains=True match=True
triton_stride_store b4 s25: expected=True contains=True match=True
triton_stride_store b4 s26: expected=True contains=True match=True
triton_stride_store b4 s27: expected=True contains=True match=True
triton_stride_store b4 s28: expected=True contains=True match=True
triton_stride_store b4 s29: expected=True contains=True match=True
triton_stride_store b4 s30: expected=True contains=True match=True
triton_stride_store b4 s31: expected=True contains=True match=True
triton_stride_store b4 s1: expected=False contains=False match=True
triton_stride_store b4 s2: expected=False contains=False match=True
triton_stride_store b4 s4: expected=False contains=False match=True
triton_stride_store b4 s8: expected=False contains=False match=True
triton_stride_store b4 s16: expected=False contains=False match=True
triton_stride_store b4 s32: expected=False contains=False match=True
triton_stride_store b4 s64: expected=False contains=False match=True
triton_stride_store b4 s128: expected=False contains=False match=True
triton_stride_store b4 s256: expected=False contains=False match=True
triton_stride_store b8 s3: expected=True contains=True match=True
triton_stride_store b8 s5: expected=True contains=True match=True
triton_stride_store b8 s6: expected=True contains=True match=True
triton_stride_store b8 s7: expected=True contains=True match=True
triton_stride_store b8 s9: expected=True contains=True match=True
triton_stride_store b8 s10: expected=True contains=True match=True
triton_stride_store b8 s11: expected=True contains=True match=True
triton_stride_store b8 s12: expected=True contains=True match=True
triton_stride_store b8 s13: expected=True contains=True match=True
triton_stride_store b8 s14: expected=True contains=True match=True
triton_stride_store b8 s15: expected=True contains=True match=True
triton_stride_store b8 s17: expected=True contains=True match=True
triton_stride_store b8 s18: expected=True contains=True match=True
triton_stride_store b8 s19: expected=True contains=True match=True
triton_stride_store b8 s20: expected=True contains=True match=True
triton_stride_store b8 s21: expected=True contains=True match=True
triton_stride_store b8 s22: expected=True contains=True match=True
triton_stride_store b8 s23: expected=True contains=True match=True
triton_stride_store b8 s24: expected=True contains=True match=True
triton_stride_store b8 s25: expected=True contains=True match=True
triton_stride_store b8 s26: expected=True contains=True match=True
triton_stride_store b8 s27: expected=True contains=True match=True
triton_stride_store b8 s28: expected=True contains=True match=True
triton_stride_store b8 s29: expected=True contains=True match=True
triton_stride_store b8 s30: expected=True contains=True match=True
triton_stride_store b8 s31: expected=True contains=True match=True
triton_stride_store b8 s1: expected=False contains=False match=True
triton_stride_store b8 s2: expected=False contains=False match=True
triton_stride_store b8 s4: expected=False contains=False match=True
triton_stride_store b8 s8: expected=False contains=False match=True
triton_stride_store b8 s16: expected=False contains=False match=True
triton_stride_store b8 s32: expected=False contains=False match=True
triton_stride_store b8 s64: expected=False contains=False match=True
triton_stride_store b8 s128: expected=False contains=False match=True
triton_stride_store b8 s256: expected=False contains=False match=True
triton_stride_store b16 s3: expected=True contains=True match=True
triton_stride_store b16 s5: expected=True contains=True match=True
triton_stride_store b16 s6: expected=True contains=True match=True
triton_stride_store b16 s7: expected=True contains=True match=True
triton_stride_store b16 s9: expected=True contains=True match=True
triton_stride_store b16 s10: expected=True contains=True match=True
triton_stride_store b16 s11: expected=True contains=True match=True
triton_stride_store b16 s12: expected=True contains=True match=True
triton_stride_store b16 s13: expected=True contains=True match=True
triton_stride_store b16 s14: expected=True contains=True match=True
triton_stride_store b16 s15: expected=True contains=True match=True
triton_stride_store b16 s17: expected=True contains=True match=True
triton_stride_store b16 s18: expected=True contains=True match=True
triton_stride_store b16 s19: expected=True contains=True match=True
triton_stride_store b16 s20: expected=True contains=True match=True
triton_stride_store b16 s21: expected=True contains=True match=True
triton_stride_store b16 s22: expected=True contains=True match=True
triton_stride_store b16 s23: expected=True contains=True match=True
triton_stride_store b16 s24: expected=True contains=True match=True
triton_stride_store b16 s25: expected=True contains=True match=True
triton_stride_store b16 s26: expected=True contains=True match=True
triton_stride_store b16 s27: expected=True contains=True match=True
triton_stride_store b16 s28: expected=True contains=True match=True
triton_stride_store b16 s29: expected=True contains=True match=True
triton_stride_store b16 s30: expected=True contains=True match=True
triton_stride_store b16 s31: expected=True contains=True match=True
triton_stride_store b16 s1: expected=False contains=False match=True
triton_stride_store b16 s2: expected=False contains=False match=True
triton_stride_store b16 s4: expected=False contains=False match=True
triton_stride_store b16 s8: expected=False contains=False match=True
triton_stride_store b16 s16: expected=False contains=False match=True
triton_stride_store b16 s32: expected=False contains=False match=True
triton_stride_store b16 s64: expected=False contains=False match=True
triton_stride_store b16 s128: expected=False contains=False match=True
triton_stride_store b16 s256: expected=False contains=False match=True
triton_stride_store b32 s3: expected=True contains=True match=True
triton_stride_store b32 s5: expected=True contains=True match=True
triton_stride_store b32 s6: expected=True contains=True match=True
triton_stride_store b32 s7: expected=True contains=True match=True
triton_stride_store b32 s9: expected=True contains=True match=True
triton_stride_store b32 s10: expected=True contains=True match=True
triton_stride_store b32 s11: expected=True contains=True match=True
triton_stride_store b32 s12: expected=True contains=True match=True
triton_stride_store b32 s13: expected=True contains=True match=True
triton_stride_store b32 s14: expected=True contains=True match=True
triton_stride_store b32 s15: expected=True contains=True match=True
triton_stride_store b32 s17: expected=True contains=True match=True
triton_stride_store b32 s18: expected=True contains=True match=True
triton_stride_store b32 s19: expected=True contains=True match=True
triton_stride_store b32 s20: expected=True contains=True match=True
triton_stride_store b32 s21: expected=True contains=True match=True
triton_stride_store b32 s22: expected=True contains=True match=True
triton_stride_store b32 s23: expected=True contains=True match=True
triton_stride_store b32 s24: expected=True contains=True match=True
triton_stride_store b32 s25: expected=True contains=True match=True
triton_stride_store b32 s26: expected=True contains=True match=True
triton_stride_store b32 s27: expected=True contains=True match=True
triton_stride_store b32 s28: expected=True contains=True match=True
triton_stride_store b32 s29: expected=True contains=True match=True
triton_stride_store b32 s30: expected=True contains=True match=True
triton_stride_store b32 s31: expected=True contains=True match=True
triton_stride_store b32 s1: expected=False contains=False match=True
triton_stride_store b32 s2: expected=False contains=False match=True
triton_stride_store b32 s4: expected=False contains=False match=True
triton_stride_store b32 s8: expected=False contains=False match=True
triton_stride_store b32 s16: expected=False contains=False match=True
triton_stride_store b32 s32: expected=False contains=False match=True
triton_stride_store b32 s64: expected=False contains=False match=True
triton_stride_store b32 s128: expected=False contains=False match=True
triton_stride_store b32 s256: expected=False contains=False match=True
triton_stride_store b64 s3: expected=True contains=True match=True
triton_stride_store b64 s5: expected=True contains=True match=True
triton_stride_store b64 s6: expected=True contains=True match=True
triton_stride_store b64 s7: expected=True contains=True match=True
triton_stride_store b64 s9: expected=True contains=True match=True
triton_stride_store b64 s10: expected=True contains=True match=True
triton_stride_store b64 s11: expected=True contains=True match=True
triton_stride_store b64 s12: expected=True contains=True match=True
triton_stride_store b64 s13: expected=True contains=True match=True
triton_stride_store b64 s14: expected=True contains=True match=True
triton_stride_store b64 s15: expected=True contains=True match=True
triton_stride_store b64 s17: expected=True contains=True match=True
triton_stride_store b64 s18: expected=True contains=True match=True
triton_stride_store b64 s19: expected=True contains=True match=True
triton_stride_store b64 s20: expected=True contains=True match=True
triton_stride_store b64 s21: expected=True contains=True match=True
triton_stride_store b64 s22: expected=True contains=True match=True
triton_stride_store b64 s23: expected=True contains=True match=True
triton_stride_store b64 s24: expected=True contains=True match=True
triton_stride_store b64 s25: expected=True contains=True match=True
triton_stride_store b64 s26: expected=True contains=True match=True
triton_stride_store b64 s27: expected=True contains=True match=True
triton_stride_store b64 s28: expected=True contains=True match=True
triton_stride_store b64 s29: expected=True contains=True match=True
triton_stride_store b64 s30: expected=True contains=True match=True
triton_stride_store b64 s31: expected=True contains=True match=True
triton_stride_store b64 s1: expected=False contains=False match=True
triton_stride_store b64 s2: expected=False contains=False match=True
triton_stride_store b64 s4: expected=False contains=False match=True
triton_stride_store b64 s8: expected=False contains=False match=True
triton_stride_store b64 s16: expected=False contains=False match=True
triton_stride_store b64 s32: expected=False contains=False match=True
triton_stride_store b64 s64: expected=False contains=False match=True
triton_stride_store b64 s128: expected=False contains=False match=True
triton_stride_store b64 s256: expected=False contains=False match=True
triton_stride_store b128 s3: expected=True contains=True match=True
triton_stride_store b128 s5: expected=True contains=True match=True
triton_stride_store b128 s6: expected=True contains=True match=True
triton_stride_store b128 s7: expected=True contains=True match=True
triton_stride_store b128 s9: expected=True contains=True match=True
triton_stride_store b128 s10: expected=True contains=True match=True
triton_stride_store b128 s11: expected=True contains=True match=True
triton_stride_store b128 s12: expected=True contains=True match=True
triton_stride_store b128 s13: expected=True contains=True match=True
triton_stride_store b128 s14: expected=True contains=True match=True
triton_stride_store b128 s15: expected=True contains=True match=True
triton_stride_store b128 s17: expected=True contains=True match=True
triton_stride_store b128 s18: expected=True contains=True match=True
triton_stride_store b128 s19: expected=True contains=True match=True
triton_stride_store b128 s20: expected=True contains=True match=True
triton_stride_store b128 s21: expected=True contains=True match=True
triton_stride_store b128 s22: expected=True contains=True match=True
triton_stride_store b128 s23: expected=True contains=True match=True
triton_stride_store b128 s24: expected=True contains=True match=True
triton_stride_store b128 s25: expected=True contains=True match=True
triton_stride_store b128 s26: expected=True contains=True match=True
triton_stride_store b128 s27: expected=True contains=True match=True
triton_stride_store b128 s28: expected=True contains=True match=True
triton_stride_store b128 s29: expected=True contains=True match=True
triton_stride_store b128 s30: expected=True contains=True match=True
triton_stride_store b128 s31: expected=True contains=True match=True
triton_stride_store b128 s1: expected=False contains=False match=True
triton_stride_store b128 s2: expected=False contains=False match=True
triton_stride_store b128 s4: expected=False contains=False match=True
triton_stride_store b128 s8: expected=False contains=False match=True
triton_stride_store b128 s16: expected=False contains=False match=True
triton_stride_store b128 s32: expected=False contains=False match=True
triton_stride_store b128 s64: expected=False contains=False match=True
triton_stride_store b128 s128: expected=False contains=False match=True
triton_stride_store b128 s256: expected=False contains=False match=True
triton_stride_store b256 s3: expected=True contains=True match=True
triton_stride_store b256 s5: expected=True contains=True match=True
triton_stride_store b256 s6: expected=True contains=True match=True
triton_stride_store b256 s7: expected=True contains=True match=True
triton_stride_store b256 s9: expected=True contains=True match=True
triton_stride_store b256 s10: expected=True contains=True match=True
triton_stride_store b256 s11: expected=True contains=True match=True
triton_stride_store b256 s12: expected=True contains=True match=True
triton_stride_store b256 s13: expected=True contains=True match=True
triton_stride_store b256 s14: expected=True contains=True match=True
triton_stride_store b256 s15: expected=True contains=True match=True
triton_stride_store b256 s17: expected=True contains=True match=True
triton_stride_store b256 s18: expected=True contains=True match=True
triton_stride_store b256 s19: expected=True contains=True match=True
triton_stride_store b256 s20: expected=True contains=True match=True
triton_stride_store b256 s21: expected=True contains=True match=True
triton_stride_store b256 s22: expected=True contains=True match=True
triton_stride_store b256 s23: expected=True contains=True match=True
triton_stride_store b256 s24: expected=True contains=True match=True
triton_stride_store b256 s25: expected=True contains=True match=True
triton_stride_store b256 s26: expected=True contains=True match=True
triton_stride_store b256 s27: expected=True contains=True match=True
triton_stride_store b256 s28: expected=True contains=True match=True
triton_stride_store b256 s29: expected=True contains=True match=True
triton_stride_store b256 s30: expected=True contains=True match=True
triton_stride_store b256 s31: expected=True contains=True match=True
triton_stride_store b256 s1: expected=False contains=False match=True
triton_stride_store b256 s2: expected=False contains=False match=True
triton_stride_store b256 s4: expected=False contains=False match=True
triton_stride_store b256 s8: expected=False contains=False match=True
triton_stride_store b256 s16: expected=False contains=False match=True
triton_stride_store b256 s32: expected=False contains=False match=True
triton_stride_store b256 s64: expected=False contains=False match=True
triton_stride_store b256 s128: expected=False contains=False match=True
triton_stride_store b256 s256: expected=False contains=False match=True
triton_stride_store b512 s3: expected=True contains=True match=True
triton_stride_store b512 s5: expected=True contains=True match=True
triton_stride_store b512 s6: expected=True contains=True match=True
triton_stride_store b512 s7: expected=True contains=True match=True
triton_stride_store b512 s9: expected=True contains=True match=True
triton_stride_store b512 s10: expected=True contains=True match=True
triton_stride_store b512 s11: expected=True contains=True match=True
triton_stride_store b512 s12: expected=True contains=True match=True
triton_stride_store b512 s13: expected=True contains=True match=True
triton_stride_store b512 s14: expected=True contains=True match=True
triton_stride_store b512 s15: expected=True contains=True match=True
triton_stride_store b512 s17: expected=True contains=True match=True
triton_stride_store b512 s18: expected=True contains=True match=True
triton_stride_store b512 s19: expected=True contains=True match=True
triton_stride_store b512 s20: expected=True contains=True match=True
triton_stride_store b512 s21: expected=True contains=True match=True
triton_stride_store b512 s22: expected=True contains=True match=True
triton_stride_store b512 s23: expected=True contains=True match=True
triton_stride_store b512 s24: expected=True contains=True match=True
triton_stride_store b512 s25: expected=True contains=True match=True
triton_stride_store b512 s26: expected=True contains=True match=True
triton_stride_store b512 s27: expected=True contains=True match=True
triton_stride_store b512 s28: expected=True contains=True match=True
triton_stride_store b512 s29: expected=True contains=True match=True
triton_stride_store b512 s30: expected=True contains=True match=True
triton_stride_store b512 s31: expected=True contains=True match=True
triton_stride_store b512 s1: expected=False contains=False match=True
triton_stride_store b512 s2: expected=False contains=False match=True
triton_stride_store b512 s4: expected=False contains=False match=True
triton_stride_store b512 s8: expected=False contains=False match=True
triton_stride_store b512 s16: expected=False contains=False match=True
triton_stride_store b512 s32: expected=False contains=False match=True
triton_stride_store b512 s64: expected=False contains=False match=True
triton_stride_store b512 s128: expected=False contains=False match=True
triton_stride_store b512 s256: expected=False contains=False match=True
triton_stride_store b1024 s3: expected=True contains=True match=True
triton_stride_store b1024 s5: expected=True contains=True match=True
triton_stride_store b1024 s6: expected=True contains=True match=True
triton_stride_store b1024 s7: expected=True contains=True match=True
triton_stride_store b1024 s9: expected=True contains=True match=True
triton_stride_store b1024 s10: expected=True contains=True match=True
triton_stride_store b1024 s11: expected=True contains=True match=True
triton_stride_store b1024 s12: expected=True contains=True match=True
triton_stride_store b1024 s13: expected=True contains=True match=True
triton_stride_store b1024 s14: expected=True contains=True match=True
triton_stride_store b1024 s15: expected=True contains=True match=True
triton_stride_store b1024 s17: expected=True contains=True match=True
triton_stride_store b1024 s18: expected=True contains=True match=True
triton_stride_store b1024 s19: expected=True contains=True match=True
triton_stride_store b1024 s20: expected=True contains=True match=True
triton_stride_store b1024 s21: expected=True contains=True match=True
triton_stride_store b1024 s22: expected=True contains=True match=True
triton_stride_store b1024 s23: expected=True contains=True match=True
triton_stride_store b1024 s24: expected=True contains=True match=True
triton_stride_store b1024 s25: expected=True contains=True match=True
triton_stride_store b1024 s26: expected=True contains=True match=True
triton_stride_store b1024 s27: expected=True contains=True match=True
triton_stride_store b1024 s28: expected=True contains=True match=True
triton_stride_store b1024 s29: expected=True contains=True match=True
triton_stride_store b1024 s30: expected=True contains=True match=True
triton_stride_store b1024 s31: expected=True contains=True match=True
triton_stride_store b1024 s1: expected=False contains=False match=True
triton_stride_store b1024 s2: expected=False contains=False match=True
triton_stride_store b1024 s4: expected=False contains=False match=True
triton_stride_store b1024 s8: expected=False contains=False match=True
triton_stride_store b1024 s16: expected=False contains=False match=True
triton_stride_store b1024 s32: expected=False contains=False match=True
triton_stride_store b1024 s64: expected=False contains=False match=True
triton_stride_store b1024 s128: expected=False contains=False match=True
triton_stride_store b1024 s256: expected=False contains=False match=True
triton_stride_store b2048 s3: expected=True contains=True match=True
triton_stride_store b2048 s5: expected=True contains=True match=True
triton_stride_store b2048 s6: expected=True contains=True match=True
triton_stride_store b2048 s7: expected=True contains=True match=True
triton_stride_store b2048 s9: expected=True contains=True match=True
triton_stride_store b2048 s10: expected=True contains=True match=True
triton_stride_store b2048 s11: expected=True contains=True match=True
triton_stride_store b2048 s12: expected=True contains=True match=True
triton_stride_store b2048 s13: expected=True contains=True match=True
triton_stride_store b2048 s14: expected=True contains=True match=True
triton_stride_store b2048 s15: expected=True contains=True match=True
triton_stride_store b2048 s17: expected=True contains=True match=True
triton_stride_store b2048 s18: expected=True contains=True match=True
triton_stride_store b2048 s19: expected=True contains=True match=True
triton_stride_store b2048 s20: expected=True contains=True match=True
triton_stride_store b2048 s21: expected=True contains=True match=True
triton_stride_store b2048 s22: expected=True contains=True match=True
triton_stride_store b2048 s23: expected=True contains=True match=True
triton_stride_store b2048 s24: expected=True contains=True match=True
triton_stride_store b2048 s25: expected=True contains=True match=True
triton_stride_store b2048 s26: expected=True contains=True match=True
triton_stride_store b2048 s27: expected=True contains=True match=True
triton_stride_store b2048 s28: expected=True contains=True match=True
triton_stride_store b2048 s29: expected=True contains=True match=True
triton_stride_store b2048 s30: expected=True contains=True match=True
triton_stride_store b2048 s31: expected=True contains=True match=True
triton_stride_store b2048 s1: expected=False contains=False match=True
triton_stride_store b2048 s2: expected=False contains=False match=True
triton_stride_store b2048 s4: expected=False contains=False match=True
triton_stride_store b2048 s8: expected=False contains=False match=True
triton_stride_store b2048 s16: expected=False contains=False match=True
triton_stride_store b2048 s32: expected=False contains=False match=True
triton_stride_store b2048 s64: expected=False contains=False match=True
triton_stride_store b2048 s128: expected=False contains=False match=True
triton_stride_store b2048 s256: expected=False contains=False match=True
wrote results/model_template_stride_v2/ir_evidence/template_stride_path_check_v2.json; mismatches=0
