/home/c00946898/.conda/envs/wj_autoscope/lib/python3.11/site-packages/torch_npu/utils/collect_env.py:58: UserWarning: Warning: The /usr/local/Ascend/cann-9.1.0 owner does not match the current owner.
  warnings.warn(f"Warning: The {path} owner does not match the current owner.")
/home/c00946898/.conda/envs/wj_autoscope/lib/python3.11/site-packages/torch_npu/utils/collect_env.py:58: UserWarning: Warning: The /usr/local/Ascend/cann-9.1.0/x86_64-linux/ascend_toolkit_install.info owner does not match the current owner.
  warnings.warn(f"Warning: The {path} owner does not match the current owner.")
/home/c00946898/.conda/envs/wj_autoscope/lib/python3.11/site-packages/torch_npu/utils/collect_env.py:58: UserWarning: Warning: The /usr/local/Ascend/cann-9.1.0 owner does not match the current owner.
  warnings.warn(f"Warning: The {path} owner does not match the current owner.")
/home/c00946898/.conda/envs/wj_autoscope/lib/python3.11/site-packages/torch_npu/utils/collect_env.py:58: UserWarning: Warning: The /usr/local/Ascend/cann-9.1.0/x86_64-linux/ascend_toolkit_install.info owner does not match the current owner.
  warnings.warn(f"Warning: The {path} owner does not match the current owner.")
/home/c00946898/strided-template-calibration-v2/scripts/template_stride_load_probe.py:227: UserWarning: Cannot create tensor with interal format while allow_internel_format=False, tensor will be created with base format. (Triggered internally at ../torch_npu/csrc/aten/common/TensorFactories.cpp:340.)
  x = torch.arange(total, dtype=torch.float32, device="npu") % 7.0
template load b4 s3 W32: 247.626 ns/iter valid=True correct=True witness=[7599.85, 7618.94]us
template load b4 s5 W32: 237.784 ns/iter valid=True correct=True witness=[7598.22, 7580.98]us
template load b4 s6 W32: 243.296 ns/iter valid=True correct=True witness=[7573.2, 7585.94]us
template load b4 s7 W32: 232.461 ns/iter valid=True correct=True witness=[7583.4, 7592.92]us
template load b4 s9 W32: 244.980 ns/iter valid=True correct=True witness=[7582.19, 7578.99]us
template load b4 s10 W32: 244.591 ns/iter valid=True correct=True witness=[7617.64, 7573.42]us
template load b4 s11 W32: 258.017 ns/iter valid=True correct=True witness=[7689.89, 7584.74]us
template load b4 s12 W32: 268.063 ns/iter valid=True correct=True witness=[7605.18, 7581.77]us
template load b4 s13 W32: 260.095 ns/iter valid=True correct=True witness=[7579.61, 7590.52]us
template load b4 s14 W32: 242.367 ns/iter valid=True correct=True witness=[7689.86, 7577.5]us
template load b4 s15 W32: 277.407 ns/iter valid=True correct=True witness=[7598.16, 7596.81]us
template load b4 s17 W32: 255.421 ns/iter valid=True correct=True witness=[7603.66, 7575.41]us
template load b4 s18 W32: 259.613 ns/iter valid=True correct=True witness=[7583.19, 7586.05]us
template load b4 s19 W32: 255.602 ns/iter valid=True correct=True witness=[7589.4, 7597.06]us
template load b4 s20 W32: 256.979 ns/iter valid=True correct=True witness=[7579.6, 7590.17]us
template load b4 s21 W32: 259.492 ns/iter valid=True correct=True witness=[7750.63, 7588.61]us
template load b4 s22 W32: 274.307 ns/iter valid=True correct=True witness=[7590.0, 7582.73]us
template load b4 s23 W32: 259.512 ns/iter valid=True correct=True witness=[7590.29, 7577.57]us
template load b4 s24 W32: 273.270 ns/iter valid=True correct=True witness=[7587.3, 7584.15]us
template load b4 s25 W32: 268.824 ns/iter valid=True correct=True witness=[7577.77, 7577.01]us
template load b4 s26 W32: 273.138 ns/iter valid=True correct=True witness=[7572.39, 7581.3]us
template load b4 s27 W32: 273.471 ns/iter valid=True correct=True witness=[7605.44, 7577.97]us
template load b4 s28 W32: 261.061 ns/iter valid=True correct=True witness=[7580.41, 7594.41]us
template load b4 s29 W32: 264.018 ns/iter valid=True correct=True witness=[7579.79, 7603.61]us
template load b4 s30 W32: 255.636 ns/iter valid=True correct=True witness=[7570.64, 7584.79]us
template load b4 s31 W32: 260.219 ns/iter valid=True correct=True witness=[7822.78, 7589.33]us
template load b4 s40 W32: 290.760 ns/iter valid=True correct=True witness=[7594.5, 7594.2]us
template load b4 s48 W32: 288.208 ns/iter valid=True correct=True witness=[7635.45, 7573.78]us
template load b4 s63 W32: 281.432 ns/iter valid=True correct=True witness=[7589.72, 7630.33]us
template load b4 s65 W32: 292.742 ns/iter valid=True correct=True witness=[7576.18, 7578.31]us
template load b4 s80 W32: 288.223 ns/iter valid=True correct=True witness=[7595.13, 7619.6]us
template load b4 s96 W32: 272.500 ns/iter valid=True correct=True witness=[7576.96, 7581.0]us
template load b4 s127 W32: 265.513 ns/iter valid=True correct=True witness=[7574.77, 7589.53]us
template load b4 s129 W32: 268.405 ns/iter valid=True correct=True witness=[7596.86, 7696.58]us
template load b4 s160 W32: 255.040 ns/iter valid=True correct=True witness=[7607.11, 7578.75]us
template load b4 s192 W32: 260.854 ns/iter valid=True correct=True witness=[7623.06, 7599.53]us
template load b4 s255 W32: 249.393 ns/iter valid=True correct=True witness=[7606.21, 7597.41]us
template load b8 s3 W32: 245.183 ns/iter valid=True correct=True witness=[7739.76, 7595.45]us
template load b8 s5 W32: 259.608 ns/iter valid=True correct=True witness=[7568.69, 7575.22]us
template load b8 s6 W32: 257.493 ns/iter valid=True correct=True witness=[7580.95, 7589.2]us
template load b8 s7 W32: 246.667 ns/iter valid=True correct=True witness=[7576.44, 7644.85]us
template load b8 s9 W32: 257.660 ns/iter valid=True correct=True witness=[7593.88, 7595.0]us
template load b8 s10 W32: 275.826 ns/iter valid=True correct=True witness=[7581.75, 7576.85]us
template load b8 s11 W32: 274.213 ns/iter valid=True correct=True witness=[7576.7, 7593.59]us
template load b8 s12 W32: 270.014 ns/iter valid=True correct=True witness=[7586.19, 7586.35]us
template load b8 s13 W32: 270.743 ns/iter valid=True correct=True witness=[7578.33, 7624.7]us
template load b8 s14 W32: 281.203 ns/iter valid=True correct=True witness=[7583.04, 7569.23]us
template load b8 s15 W32: 277.385 ns/iter valid=True correct=True witness=[7646.07, 7580.12]us
template load b8 s17 W32: 289.655 ns/iter valid=True correct=True witness=[7606.81, 7581.86]us
template load b8 s18 W32: 289.895 ns/iter valid=True correct=True witness=[7582.06, 7591.07]us
template load b8 s19 W32: 307.469 ns/iter valid=True correct=True witness=[7577.65, 7590.33]us
template load b8 s20 W32: 303.687 ns/iter valid=True correct=True witness=[7592.83, 7619.69]us
template load b8 s21 W32: 306.584 ns/iter valid=True correct=True witness=[7584.28, 7576.51]us
template load b8 s22 W32: 304.021 ns/iter valid=True correct=True witness=[7611.64, 7615.07]us
template load b8 s23 W32: 297.254 ns/iter valid=True correct=True witness=[7577.86, 7587.45]us
template load b8 s24 W32: 307.946 ns/iter valid=True correct=True witness=[7597.84, 7580.19]us
template load b8 s25 W32: 301.634 ns/iter valid=True correct=True witness=[7605.4, 7611.48]us
template load b8 s26 W32: 308.756 ns/iter valid=True correct=True witness=[7570.99, 7603.03]us
template load b8 s27 W32: 306.698 ns/iter valid=True correct=True witness=[7578.56, 7578.21]us
template load b8 s28 W32: 295.702 ns/iter valid=True correct=True witness=[7599.18, 7600.03]us
template load b8 s29 W32: 296.931 ns/iter valid=True correct=True witness=[7590.4, 7582.63]us
template load b8 s30 W32: 295.781 ns/iter valid=True correct=True witness=[7643.75, 7612.45]us
template load b8 s31 W32: 296.463 ns/iter valid=True correct=True witness=[7588.12, 7580.19]us
template load b8 s40 W32: 302.460 ns/iter valid=True correct=True witness=[7578.75, 7581.42]us
template load b8 s48 W32: 307.513 ns/iter valid=True correct=True witness=[7580.16, 7582.16]us
template load b8 s63 W32: 296.119 ns/iter valid=True correct=True witness=[7597.68, 7597.09]us
template load b8 s65 W32: 297.465 ns/iter valid=True correct=True witness=[7599.16, 7570.38]us
template load b8 s80 W32: 298.704 ns/iter valid=True correct=True witness=[7586.25, 7600.31]us
template load b8 s96 W32: 340.861 ns/iter valid=True correct=True witness=[7586.67, 7596.48]us
template load b8 s127 W32: 380.638 ns/iter valid=True correct=True witness=[7587.44, 7588.61]us
template load b8 s129 W32: 374.978 ns/iter valid=True correct=True witness=[7599.26, 7587.42]us
template load b8 s160 W32: 483.342 ns/iter valid=False correct=True witness=[7589.2, 7581.43]us
template load b8 s192 W32: 477.230 ns/iter valid=True correct=True witness=[7637.65, 7633.5]us
template load b8 s255 W32: 450.894 ns/iter valid=False correct=True witness=[7574.79, 7575.29]us
template load b16 s3 W32: 256.823 ns/iter valid=True correct=True witness=[7580.72, 7578.86]us
template load b16 s5 W32: 274.055 ns/iter valid=True correct=True witness=[7614.09, 7595.17]us
template load b16 s6 W32: 274.850 ns/iter valid=True correct=True witness=[7583.15, 7586.69]us
template load b16 s7 W32: 274.183 ns/iter valid=True correct=True witness=[7577.21, 7567.4]us
template load b16 s9 W32: 314.191 ns/iter valid=True correct=True witness=[7589.52, 7599.96]us
template load b16 s10 W32: 305.377 ns/iter valid=True correct=True witness=[7578.68, 7580.43]us
template load b16 s11 W32: 307.182 ns/iter valid=True correct=True witness=[7574.23, 7578.76]us
template load b16 s12 W32: 308.677 ns/iter valid=True correct=True witness=[7580.77, 7580.09]us
template load b16 s13 W32: 305.278 ns/iter valid=True correct=True witness=[7601.76, 7606.08]us
template load b16 s14 W32: 298.368 ns/iter valid=True correct=True witness=[7578.5, 7580.81]us
template load b16 s15 W32: 289.465 ns/iter valid=True correct=True witness=[7594.41, 7576.64]us
template load b16 s17 W32: 311.118 ns/iter valid=True correct=True witness=[7575.62, 7599.42]us
template load b16 s18 W32: 312.750 ns/iter valid=True correct=True witness=[7576.89, 7579.32]us
template load b16 s19 W32: 308.176 ns/iter valid=True correct=True witness=[7576.78, 7590.44]us
template load b16 s20 W32: 312.215 ns/iter valid=True correct=True witness=[7668.91, 7579.02]us
template load b16 s21 W32: 312.578 ns/iter valid=True correct=True witness=[7587.59, 7573.75]us
template load b16 s22 W32: 313.474 ns/iter valid=True correct=True witness=[7578.08, 7583.23]us
template load b16 s23 W32: 300.488 ns/iter valid=True correct=True witness=[7583.28, 7580.99]us
template load b16 s24 W32: 315.861 ns/iter valid=True correct=True witness=[7580.2, 7599.35]us
template load b16 s25 W32: 311.698 ns/iter valid=True correct=True witness=[7578.07, 7577.6]us
template load b16 s26 W32: 316.040 ns/iter valid=True correct=True witness=[7610.79, 7575.5]us
template load b16 s27 W32: 316.118 ns/iter valid=True correct=True witness=[7589.39, 7596.37]us
template load b16 s28 W32: 305.688 ns/iter valid=True correct=True witness=[7584.17, 7615.38]us
template load b16 s29 W32: 307.145 ns/iter valid=True correct=True witness=[7580.15, 7613.41]us
template load b16 s30 W32: 309.724 ns/iter valid=True correct=True witness=[7576.9, 7584.36]us
template load b16 s31 W32: 310.049 ns/iter valid=True correct=True witness=[7574.82, 7585.98]us
template load b16 s40 W32: 312.463 ns/iter valid=True correct=True witness=[7587.65, 7577.06]us
template load b16 s48 W32: 381.520 ns/iter valid=True correct=True witness=[7589.8, 7573.7]us
template load b16 s63 W32: 444.448 ns/iter valid=True correct=True witness=[7610.87, 7596.08]us
template load b16 s65 W32: 416.776 ns/iter valid=True correct=True witness=[7585.3, 7576.78]us
template load b16 s80 W32: 557.784 ns/iter valid=False correct=True witness=[7574.92, 7574.31]us
template load b16 s96 W32: 559.739 ns/iter valid=False correct=True witness=[7581.39, 7604.43]us
template load b16 s127 W32: 548.321 ns/iter valid=False correct=True witness=[7586.57, 7582.88]us
template load b16 s129 W32: 550.678 ns/iter valid=False correct=True witness=[7592.83, 7586.09]us
template load b16 s160 W32: 559.368 ns/iter valid=False correct=True witness=[7573.44, 7581.59]us
template load b16 s192 W32: 547.670 ns/iter valid=False correct=True witness=[7576.55, 7572.75]us
template load b16 s255 W32: 516.247 ns/iter valid=True correct=True witness=[7569.58, 7605.8]us
template load b32 s3 W32: 251.580 ns/iter valid=True correct=True witness=[7598.43, 7580.35]us
template load b32 s5 W32: 280.504 ns/iter valid=True correct=True witness=[7621.55, 7601.82]us
template load b32 s6 W32: 284.585 ns/iter valid=True correct=True witness=[7581.67, 7593.75]us
template load b32 s7 W32: 284.835 ns/iter valid=True correct=True witness=[7578.99, 7576.76]us
template load b32 s9 W32: 285.692 ns/iter valid=True correct=True witness=[7612.29, 7578.96]us
template load b32 s10 W32: 286.838 ns/iter valid=True correct=True witness=[7575.12, 7578.68]us
template load b32 s11 W32: 290.871 ns/iter valid=True correct=True witness=[7579.65, 7590.85]us
template load b32 s12 W32: 288.139 ns/iter valid=True correct=True witness=[7575.17, 7586.95]us
template load b32 s13 W32: 293.835 ns/iter valid=True correct=True witness=[7576.98, 7585.13]us
template load b32 s14 W32: 296.315 ns/iter valid=True correct=True witness=[7568.73, 7597.5]us
template load b32 s15 W32: 300.052 ns/iter valid=True correct=True witness=[7607.63, 7593.64]us
template load b32 s17 W32: 301.415 ns/iter valid=True correct=True witness=[7581.54, 7613.0]us
template load b32 s18 W32: 301.620 ns/iter valid=True correct=True witness=[7573.35, 7570.63]us
template load b32 s19 W32: 299.405 ns/iter valid=True correct=True witness=[7568.99, 7583.44]us
template load b32 s20 W32: 306.768 ns/iter valid=True correct=True witness=[7636.81, 7578.11]us
template load b32 s21 W32: 365.782 ns/iter valid=True correct=True witness=[7592.37, 7576.37]us
template load b32 s22 W32: 371.117 ns/iter valid=True correct=True witness=[7582.07, 7584.13]us
template load b32 s23 W32: 376.290 ns/iter valid=True correct=True witness=[7592.38, 7571.44]us
template load b32 s24 W32: 374.221 ns/iter valid=True correct=True witness=[7578.83, 7575.98]us
template load b32 s25 W32: 430.000 ns/iter valid=True correct=True witness=[7587.15, 7601.91]us
template load b32 s26 W32: 432.082 ns/iter valid=True correct=True witness=[7569.87, 7587.57]us
template load b32 s27 W32: 433.811 ns/iter valid=True correct=True witness=[7581.12, 7579.37]us
template load b32 s28 W32: 438.911 ns/iter valid=True correct=True witness=[7587.85, 7610.73]us
template load b32 s29 W32: 434.335 ns/iter valid=True correct=True witness=[7588.59, 7578.16]us
template load b32 s30 W32: 433.182 ns/iter valid=True correct=True witness=[7572.09, 7580.88]us
template load b32 s31 W32: 434.472 ns/iter valid=True correct=True witness=[8067.48, 7592.28]us
template load b32 s40 W32: 591.906 ns/iter valid=False correct=True witness=[7579.03, 7574.02]us
template load b32 s48 W32: 586.788 ns/iter valid=False correct=True witness=[7581.08, 7579.46]us
template load b32 s63 W32: 590.472 ns/iter valid=False correct=True witness=[7591.53, 7579.37]us
template load b32 s65 W32: 582.859 ns/iter valid=False correct=True witness=[7624.26, 7608.1]us
template load b32 s80 W32: 589.104 ns/iter valid=False correct=True witness=[7575.23, 7583.04]us
template load b32 s96 W32: 571.377 ns/iter valid=False correct=True witness=[7608.46, 7586.84]us
template load b32 s127 W32: 565.877 ns/iter valid=False correct=True witness=[7591.18, 7582.25]us
template load b32 s129 W32: 563.586 ns/iter valid=False correct=True witness=[7594.87, 7573.37]us
template load b32 s160 W32: 566.453 ns/iter valid=False correct=True witness=[7587.52, 7592.5]us
template load b32 s192 W32: 559.494 ns/iter valid=False correct=True witness=[7583.31, 7576.32]us
template load b32 s255 W32: 541.614 ns/iter valid=False correct=True witness=[7594.36, 7637.28]us
template load b64 s3 W32: 283.996 ns/iter valid=True correct=True witness=[7610.93, 7581.73]us
template load b64 s5 W32: 286.462 ns/iter valid=True correct=True witness=[7578.75, 7576.64]us
template load b64 s6 W32: 290.570 ns/iter valid=True correct=True witness=[7575.66, 7577.03]us
template load b64 s7 W32: 296.939 ns/iter valid=True correct=True witness=[7596.17, 7592.13]us
template load b64 s9 W32: 299.738 ns/iter valid=True correct=True witness=[7686.0, 7579.59]us
template load b64 s10 W32: 303.592 ns/iter valid=True correct=True witness=[7575.5, 7582.3]us
template load b64 s11 W32: 371.922 ns/iter valid=True correct=True witness=[7601.91, 7579.9]us
template load b64 s12 W32: 375.839 ns/iter valid=True correct=True witness=[7587.88, 7570.96]us
template load b64 s13 W32: 429.435 ns/iter valid=True correct=True witness=[7596.12, 7572.95]us
template load b64 s14 W32: 440.418 ns/iter valid=True correct=True witness=[7574.99, 7580.78]us
template load b64 s15 W32: 436.392 ns/iter valid=True correct=True witness=[7581.86, 7582.5]us
template load b64 s17 W32: 599.416 ns/iter valid=False correct=True witness=[7583.38, 7575.37]us
template load b64 s18 W32: 611.986 ns/iter valid=False correct=True witness=[7589.33, 7580.66]us
template load b64 s19 W32: 606.816 ns/iter valid=False correct=True witness=[7582.69, 7583.3]us
template load b64 s20 W32: 607.946 ns/iter valid=False correct=True witness=[7572.43, 7577.45]us
template load b64 s21 W32: 592.275 ns/iter valid=True correct=True witness=[7594.4, 7597.03]us
template load b64 s22 W32: 619.377 ns/iter valid=False correct=True witness=[7585.72, 7578.01]us
template load b64 s23 W32: 616.962 ns/iter valid=False correct=True witness=[7589.74, 7599.0]us
template load b64 s24 W32: 619.668 ns/iter valid=False correct=True witness=[7579.73, 7588.85]us
template load b64 s25 W32: 629.659 ns/iter valid=False correct=True witness=[7588.66, 7595.41]us
template load b64 s26 W32: 633.600 ns/iter valid=False correct=True witness=[7598.05, 7585.24]us
template load b64 s27 W32: 638.856 ns/iter valid=False correct=True witness=[7609.48, 7576.55]us
template load b64 s28 W32: 633.202 ns/iter valid=False correct=True witness=[7608.3, 7591.31]us
template load b64 s29 W32: 650.525 ns/iter valid=False correct=True witness=[7595.79, 7578.01]us
template load b64 s30 W32: 650.500 ns/iter valid=False correct=True witness=[7582.76, 7578.34]us
template load b64 s31 W32: 649.966 ns/iter valid=False correct=True witness=[7579.99, 7587.58]us
template load b64 s40 W32: 647.282 ns/iter valid=False correct=True witness=[7573.17, 7586.42]us
template load b64 s48 W32: 646.116 ns/iter valid=False correct=True witness=[7597.97, 7582.89]us
template load b64 s63 W32: 647.361 ns/iter valid=False correct=True witness=[7588.45, 7587.55]us
template load b64 s65 W32: 643.449 ns/iter valid=False correct=True witness=[7596.25, 7577.89]us
template load b64 s80 W32: 626.646 ns/iter valid=False correct=True witness=[7590.42, 7576.21]us
template load b64 s96 W32: 600.942 ns/iter valid=True correct=True witness=[7580.34, 7574.39]us
template load b64 s127 W32: 592.594 ns/iter valid=True correct=True witness=[7591.12, 7578.48]us
template load b64 s129 W32: 599.518 ns/iter valid=True correct=True witness=[7603.67, 7580.9]us
template load b64 s160 W32: 601.193 ns/iter valid=True correct=True witness=[7596.0, 7580.27]us
template load b64 s192 W32: 616.302 ns/iter valid=True correct=True witness=[7574.62, 7569.37]us
template load b64 s255 W32: 600.308 ns/iter valid=False correct=True witness=[7578.83, 7592.51]us
template load b128 s3 W32: 300.994 ns/iter valid=True correct=True witness=[7590.47, 7592.46]us
template load b128 s5 W32: 313.880 ns/iter valid=True correct=True witness=[7591.28, 7577.99]us
template load b128 s6 W32: 388.411 ns/iter valid=True correct=True witness=[7576.83, 7652.96]us
template load b128 s7 W32: 447.049 ns/iter valid=True correct=True witness=[7599.49, 7589.04]us
template load b128 s9 W32: 610.988 ns/iter valid=False correct=True witness=[7579.8, 7579.49]us
template load b128 s10 W32: 620.536 ns/iter valid=False correct=True witness=[7576.79, 7579.03]us
template load b128 s11 W32: 627.034 ns/iter valid=False correct=True witness=[7632.31, 7580.58]us
template load b128 s12 W32: 633.497 ns/iter valid=False correct=True witness=[7583.31, 7595.53]us
template load b128 s13 W32: 643.568 ns/iter valid=False correct=True witness=[7587.82, 7578.68]us
template load b128 s14 W32: 650.910 ns/iter valid=False correct=True witness=[7575.01, 7590.31]us
template load b128 s15 W32: 663.452 ns/iter valid=False correct=True witness=[7584.42, 7651.03]us
template load b128 s17 W32: 670.490 ns/iter valid=False correct=True witness=[7579.03, 7589.54]us
template load b128 s18 W32: 674.652 ns/iter valid=False correct=True witness=[7615.21, 7586.14]us
template load b128 s19 W32: 684.671 ns/iter valid=False correct=True witness=[7583.61, 7601.06]us
template load b128 s20 W32: 688.988 ns/iter valid=False correct=True witness=[7589.25, 7574.8]us
template load b128 s21 W32: 694.879 ns/iter valid=False correct=True witness=[7583.95, 7582.42]us
template load b128 s22 W32: 705.532 ns/iter valid=False correct=True witness=[7577.32, 7581.01]us
template load b128 s23 W32: 713.692 ns/iter valid=False correct=True witness=[7584.47, 7580.27]us
template load b128 s24 W32: 719.174 ns/iter valid=False correct=True witness=[7577.95, 7571.45]us
template load b128 s25 W32: 723.998 ns/iter valid=True correct=True witness=[7579.74, 7597.35]us
template load b128 s26 W32: 730.624 ns/iter valid=True correct=True witness=[7585.47, 7572.18]us
template load b128 s27 W32: 740.222 ns/iter valid=True correct=True witness=[7574.69, 7585.98]us
template load b128 s28 W32: 747.420 ns/iter valid=True correct=True witness=[7570.85, 7578.92]us
template load b128 s29 W32: 750.501 ns/iter valid=True correct=True witness=[7579.28, 7578.59]us
template load b128 s30 W32: 757.417 ns/iter valid=True correct=True witness=[7605.43, 7600.13]us
template load b128 s31 W32: 762.835 ns/iter valid=True correct=True witness=[7582.29, 7583.2]us
template load b128 s40 W32: 740.729 ns/iter valid=True correct=True witness=[7594.79, 7596.45]us
template load b128 s48 W32: 734.373 ns/iter valid=True correct=True witness=[7575.22, 7577.12]us
template load b128 s63 W32: 733.980 ns/iter valid=True correct=True witness=[7580.37, 7577.51]us
template load b128 s65 W32: 724.848 ns/iter valid=True correct=True witness=[7578.8, 7590.63]us
template load b128 s80 W32: 695.272 ns/iter valid=True correct=True witness=[7578.12, 7595.44]us
template load b128 s96 W32: 721.789 ns/iter valid=True correct=True witness=[7578.42, 7581.73]us
template load b128 s127 W32: 694.478 ns/iter valid=True correct=True witness=[7581.63, 7579.47]us
template load b128 s129 W32: 714.579 ns/iter valid=True correct=True witness=[7570.94, 7589.51]us
template load b128 s160 W32: 693.526 ns/iter valid=True correct=True witness=[7588.9, 7595.79]us
template load b128 s192 W32: 690.054 ns/iter valid=True correct=True witness=[7582.71, 7587.88]us
template load b128 s255 W32: 713.786 ns/iter valid=True correct=True witness=[7579.67, 7588.28]us
template load b256 s3 W32: 394.590 ns/iter valid=True correct=True witness=[7583.65, 7582.32]us
template load b256 s5 W32: 624.724 ns/iter valid=False correct=True witness=[7595.42, 7580.92]us
template load b256 s6 W32: 644.986 ns/iter valid=False correct=True witness=[7589.93, 7591.1]us
template load b256 s7 W32: 647.441 ns/iter valid=False correct=True witness=[7593.36, 7578.08]us
template load b256 s9 W32: 699.516 ns/iter valid=False correct=True witness=[7578.29, 7668.51]us
template load b256 s10 W32: 708.727 ns/iter valid=False correct=True witness=[7586.51, 7583.76]us
template load b256 s11 W32: 724.995 ns/iter valid=True correct=True witness=[7602.59, 7587.71]us
template load b256 s12 W32: 744.413 ns/iter valid=True correct=True witness=[7582.08, 7583.12]us
template load b256 s13 W32: 759.124 ns/iter valid=True correct=True witness=[7573.13, 7587.62]us
template load b256 s14 W32: 762.834 ns/iter valid=True correct=True witness=[7590.53, 7582.88]us
template load b256 s15 W32: 770.972 ns/iter valid=True correct=True witness=[7578.24, 7576.05]us
template load b256 s17 W32: 800.248 ns/iter valid=True correct=True witness=[7578.5, 7577.03]us
template load b256 s18 W32: 812.294 ns/iter valid=True correct=True witness=[7574.92, 7587.13]us
template load b256 s19 W32: 846.689 ns/iter valid=True correct=True witness=[7583.29, 7581.11]us
template load b256 s20 W32: 896.249 ns/iter valid=True correct=True witness=[7574.06, 7572.38]us
template load b256 s21 W32: 912.736 ns/iter valid=True correct=True witness=[7676.79, 7595.94]us
template load b256 s22 W32: 927.535 ns/iter valid=True correct=True witness=[7572.87, 7576.04]us
template load b256 s23 W32: 924.034 ns/iter valid=True correct=True witness=[7582.21, 7577.68]us
template load b256 s24 W32: 945.456 ns/iter valid=True correct=True witness=[7640.8, 7595.77]us
template load b256 s25 W32: 965.314 ns/iter valid=True correct=True witness=[7589.95, 7588.43]us
template load b256 s26 W32: 975.841 ns/iter valid=True correct=True witness=[7577.57, 7585.27]us
template load b256 s27 W32: 993.811 ns/iter valid=True correct=True witness=[7628.66, 7600.08]us
template load b256 s28 W32: 998.610 ns/iter valid=True correct=True witness=[7592.47, 7577.25]us
template load b256 s29 W32: 997.701 ns/iter valid=True correct=True witness=[7580.07, 7582.54]us
template load b256 s30 W32: 1026.826 ns/iter valid=True correct=True witness=[7575.45, 7589.86]us
template load b256 s31 W32: 1044.410 ns/iter valid=True correct=True witness=[7589.22, 7584.45]us
template load b256 s40 W32: 1028.158 ns/iter valid=True correct=True witness=[7574.47, 7590.33]us
template load b256 s48 W32: 1025.256 ns/iter valid=True correct=True witness=[7578.12, 7576.39]us
template load b256 s63 W32: 940.818 ns/iter valid=True correct=True witness=[7585.67, 7573.59]us
template load b256 s65 W32: 916.374 ns/iter valid=True correct=True witness=[7595.26, 7578.53]us
template load b256 s80 W32: 1029.964 ns/iter valid=True correct=True witness=[7579.74, 7591.82]us
template load b256 s96 W32: 1043.056 ns/iter valid=True correct=True witness=[7606.79, 7578.67]us
template load b256 s127 W32: 902.473 ns/iter valid=True correct=True witness=[7577.41, 7583.71]us
template load b256 s129 W32: 899.959 ns/iter valid=True correct=True witness=[7594.31, 7579.5]us
template load b256 s160 W32: 1016.922 ns/iter valid=True correct=True witness=[7577.89, 7578.89]us
template load b256 s192 W32: 858.583 ns/iter valid=True correct=True witness=[7573.7, 7580.32]us
template load b256 s255 W32: 967.641 ns/iter valid=True correct=True witness=[7598.36, 7584.67]us
template load b512 s3 W32: 655.390 ns/iter valid=False correct=True witness=[7578.57, 7598.45]us
template load b512 s5 W32: 717.721 ns/iter valid=False correct=True witness=[7578.72, 7579.85]us
template load b512 s6 W32: 748.329 ns/iter valid=True correct=True witness=[7577.78, 7592.92]us
template load b512 s7 W32: 766.061 ns/iter valid=True correct=True witness=[7578.66, 7580.17]us
template load b512 s9 W32: 831.121 ns/iter valid=True correct=True witness=[7577.71, 7584.92]us
template load b512 s10 W32: 902.502 ns/iter valid=True correct=True witness=[7579.78, 7589.34]us
template load b512 s11 W32: 932.258 ns/iter valid=True correct=True witness=[7593.6, 7576.33]us
template load b512 s12 W32: 957.236 ns/iter valid=True correct=True witness=[7583.02, 7582.18]us
template load b512 s13 W32: 993.609 ns/iter valid=True correct=True witness=[7589.61, 7573.6]us
template load b512 s14 W32: 1000.553 ns/iter valid=True correct=True witness=[7576.09, 7574.14]us
template load b512 s15 W32: 1034.892 ns/iter valid=True correct=True witness=[7580.48, 7582.77]us
template load b512 s17 W32: 1114.135 ns/iter valid=True correct=True witness=[7590.8, 7585.14]us
template load b512 s18 W32: 1141.186 ns/iter valid=True correct=True witness=[7578.27, 7576.83]us
template load b512 s19 W32: 1164.227 ns/iter valid=True correct=True witness=[7575.46, 7582.72]us
template load b512 s20 W32: 1177.665 ns/iter valid=True correct=True witness=[7581.39, 7587.43]us
template load b512 s21 W32: 1190.362 ns/iter valid=True correct=True witness=[7591.35, 7580.4]us
template load b512 s22 W32: 1213.263 ns/iter valid=True correct=True witness=[7587.94, 7593.12]us
template load b512 s23 W32: 1233.709 ns/iter valid=True correct=True witness=[7572.11, 7604.89]us
template load b512 s24 W32: 1256.127 ns/iter valid=True correct=True witness=[7579.7, 7574.61]us
template load b512 s25 W32: 1271.238 ns/iter valid=True correct=True witness=[7577.57, 7574.32]us
template load b512 s26 W32: 1291.909 ns/iter valid=True correct=True witness=[7582.34, 7581.53]us
template load b512 s27 W32: 1307.682 ns/iter valid=True correct=True witness=[7578.23, 7587.15]us
template load b512 s28 W32: 1323.972 ns/iter valid=True correct=True witness=[7586.33, 7584.56]us
template load b512 s29 W32: 1339.701 ns/iter valid=True correct=True witness=[7574.44, 7596.34]us
template load b512 s30 W32: 1360.123 ns/iter valid=True correct=True witness=[7583.0, 7590.61]us
template load b512 s31 W32: 1382.817 ns/iter valid=True correct=True witness=[7583.6, 7581.17]us
template load b512 s40 W32: 1440.480 ns/iter valid=True correct=True witness=[7661.84, 7595.3]us
template load b512 s48 W32: 1403.424 ns/iter valid=True correct=True witness=[7576.04, 7633.76]us
template load b512 s63 W32: 1373.008 ns/iter valid=True correct=True witness=[7592.33, 7590.84]us
template load b512 s65 W32: 1330.713 ns/iter valid=True correct=True witness=[7577.54, 7574.42]us
template load b512 s80 W32: 1342.711 ns/iter valid=True correct=True witness=[7593.33, 7590.68]us
template load b512 s96 W32: 1322.848 ns/iter valid=True correct=True witness=[7573.09, 7571.86]us
template load b512 s127 W32: 1286.132 ns/iter valid=True correct=True witness=[7570.73, 7584.96]us
template load b512 s129 W32: 1277.824 ns/iter valid=True correct=True witness=[7578.95, 7585.4]us
template load b512 s160 W32: 1309.005 ns/iter valid=True correct=True witness=[7589.77, 7595.97]us
template load b512 s192 W32: 1170.563 ns/iter valid=True correct=True witness=[7577.95, 7575.45]us
template load b512 s255 W32: 1311.822 ns/iter valid=True correct=True witness=[7618.35, 7587.31]us
template load b1024 s3 W32: 747.967 ns/iter valid=True correct=True witness=[7602.48, 7578.42]us
template load b1024 s5 W32: 892.078 ns/iter valid=True correct=True witness=[7577.1, 7578.6]us
template load b1024 s6 W32: 921.492 ns/iter valid=True correct=True witness=[7570.78, 7591.06]us
template load b1024 s7 W32: 999.259 ns/iter valid=True correct=True witness=[7634.35, 7573.83]us
template load b1024 s9 W32: 1114.022 ns/iter valid=True correct=True witness=[7619.85, 7581.27]us
template load b1024 s10 W32: 1162.002 ns/iter valid=True correct=True witness=[7603.73, 7576.93]us
template load b1024 s11 W32: 1199.306 ns/iter valid=True correct=True witness=[7607.6, 7586.96]us
template load b1024 s12 W32: 1238.453 ns/iter valid=True correct=True witness=[7575.84, 7571.42]us
template load b1024 s13 W32: 1290.431 ns/iter valid=True correct=True witness=[7576.1, 7576.04]us
template load b1024 s14 W32: 1330.135 ns/iter valid=True correct=True witness=[7576.2, 7586.93]us
template load b1024 s15 W32: 1370.681 ns/iter valid=True correct=True witness=[7573.92, 7588.06]us
template load b1024 s17 W32: 1464.660 ns/iter valid=True correct=True witness=[7594.22, 7574.85]us
template load b1024 s18 W32: 1501.201 ns/iter valid=True correct=True witness=[7582.67, 7581.89]us
template load b1024 s19 W32: 1585.804 ns/iter valid=True correct=True witness=[7581.43, 7576.11]us
template load b1024 s20 W32: 1580.410 ns/iter valid=True correct=True witness=[7588.99, 7631.44]us
template load b1024 s21 W32: 1693.773 ns/iter valid=True correct=True witness=[7577.46, 7579.16]us
template load b1024 s22 W32: 1770.356 ns/iter valid=True correct=True witness=[7577.19, 7579.35]us
template load b1024 s23 W32: 1785.015 ns/iter valid=True correct=True witness=[7572.85, 7569.84]us
template load b1024 s24 W32: 1790.059 ns/iter valid=True correct=True witness=[7592.08, 7601.52]us
template load b1024 s25 W32: 1891.161 ns/iter valid=True correct=True witness=[7611.93, 7586.41]us
template load b1024 s26 W32: 1931.554 ns/iter valid=True correct=True witness=[7604.6, 7589.33]us
template load b1024 s27 W32: 1931.876 ns/iter valid=True correct=True witness=[7576.09, 7576.99]us
template load b1024 s28 W32: 1974.614 ns/iter valid=True correct=True witness=[7723.63, 7573.67]us
template load b1024 s29 W32: 1982.278 ns/iter valid=True correct=True witness=[7574.61, 7590.54]us
template load b1024 s30 W32: 2053.945 ns/iter valid=True correct=True witness=[7575.38, 7582.2]us
template load b1024 s31 W32: 2097.189 ns/iter valid=True correct=True witness=[7578.58, 7577.51]us
template load b1024 s40 W32: 2190.533 ns/iter valid=True correct=True witness=[7579.02, 7587.54]us
template load b1024 s48 W32: 2147.605 ns/iter valid=True correct=True witness=[7579.75, 7579.38]us
template load b1024 s63 W32: 2216.512 ns/iter valid=True correct=True witness=[7579.75, 7576.53]us
template load b1024 s65 W32: 2196.896 ns/iter valid=True correct=True witness=[7583.27, 7578.62]us
template load b1024 s80 W32: 2122.979 ns/iter valid=True correct=True witness=[7573.26, 7574.53]us
template load b1024 s96 W32: 2136.081 ns/iter valid=True correct=True witness=[7582.14, 7588.42]us
template load b1024 s127 W32: 2116.135 ns/iter valid=True correct=True witness=[7578.11, 7582.89]us
template load b1024 s129 W32: 2095.404 ns/iter valid=True correct=True witness=[7585.67, 7580.99]us
template load b1024 s160 W32: 2119.503 ns/iter valid=True correct=True witness=[7579.11, 7576.64]us
template load b1024 s192 W32: 1997.491 ns/iter valid=True correct=True witness=[7579.31, 7600.36]us
template load b1024 s255 W32: 2028.449 ns/iter valid=True correct=True witness=[7581.73, 7577.04]us
template load b2048 s3 W32: 1230.367 ns/iter valid=True correct=True witness=[7576.71, 7580.35]us
template load b2048 s5 W32: 1382.829 ns/iter valid=True correct=True witness=[7570.81, 7596.69]us
template load b2048 s6 W32: 1397.459 ns/iter valid=True correct=True witness=[7578.01, 7574.19]us
template load b2048 s7 W32: 1438.620 ns/iter valid=True correct=True witness=[7579.47, 7579.42]us
template load b2048 s9 W32: 1583.473 ns/iter valid=True correct=True witness=[7582.34, 7581.28]us
template load b2048 s10 W32: 1707.274 ns/iter valid=True correct=True witness=[7578.08, 7578.32]us
template load b2048 s11 W32: 1786.422 ns/iter valid=True correct=True witness=[7580.0, 7577.3]us
template load b2048 s12 W32: 1880.722 ns/iter valid=True correct=True witness=[7581.46, 7587.5]us
template load b2048 s13 W32: 1981.746 ns/iter valid=True correct=True witness=[7593.35, 7587.95]us
template load b2048 s14 W32: 2082.996 ns/iter valid=True correct=True witness=[7585.32, 7579.03]us
template load b2048 s15 W32: 2196.465 ns/iter valid=True correct=True witness=[7575.6, 7576.92]us
template load b2048 s17 W32: 2419.253 ns/iter valid=True correct=True witness=[7590.66, 7587.13]us
template load b2048 s18 W32: 2500.637 ns/iter valid=True correct=True witness=[7573.09, 7575.11]us
template load b2048 s19 W32: 2629.474 ns/iter valid=True correct=True witness=[7587.45, 7580.04]us
template load b2048 s20 W32: 2754.614 ns/iter valid=True correct=True witness=[7572.21, 7575.93]us
template load b2048 s21 W32: 2847.248 ns/iter valid=True correct=True witness=[7582.56, 7580.53]us
template load b2048 s22 W32: 2963.870 ns/iter valid=True correct=True witness=[7583.78, 7628.66]us
template load b2048 s23 W32: 3044.037 ns/iter valid=True correct=True witness=[7577.88, 7581.22]us
template load b2048 s24 W32: 3161.083 ns/iter valid=True correct=True witness=[7578.7, 7578.1]us
template load b2048 s25 W32: 3218.507 ns/iter valid=True correct=True witness=[7588.34, 7576.37]us
template load b2048 s26 W32: 3265.907 ns/iter valid=True correct=True witness=[7602.03, 7611.53]us
template load b2048 s27 W32: 3368.064 ns/iter valid=True correct=True witness=[7587.41, 7577.7]us
template load b2048 s28 W32: 3516.454 ns/iter valid=True correct=True witness=[7572.18, 7572.8]us
template load b2048 s29 W32: 3512.985 ns/iter valid=True correct=True witness=[7579.34, 7585.35]us
template load b2048 s30 W32: 3672.215 ns/iter valid=True correct=True witness=[7590.68, 7592.35]us
template load b2048 s31 W32: 3774.983 ns/iter valid=True correct=True witness=[7588.09, 7573.53]us
template load b2048 s40 W32: 3922.116 ns/iter valid=True correct=True witness=[7584.68, 7585.75]us
template load b2048 s48 W32: 3909.267 ns/iter valid=True correct=True witness=[7586.78, 7610.13]us
template load b2048 s63 W32: 4220.519 ns/iter valid=True correct=True witness=[7588.04, 7577.62]us
template load b2048 s65 W32: 4168.051 ns/iter valid=True correct=True witness=[7590.07, 7577.17]us
template load b2048 s80 W32: 3848.657 ns/iter valid=True correct=True witness=[7585.32, 7584.35]us
template load b2048 s96 W32: 3805.809 ns/iter valid=True correct=True witness=[7594.86, 7591.12]us
template load b2048 s127 W32: 3984.471 ns/iter valid=True correct=True witness=[7571.2, 7578.27]us
template load b2048 s129 W32: 3972.488 ns/iter valid=True correct=True witness=[7582.43, 7595.05]us
template load b2048 s160 W32: 3770.057 ns/iter valid=True correct=True witness=[7604.01, 7578.94]us
template load b2048 s192 W32: 3628.372 ns/iter valid=True correct=True witness=[7586.32, 7586.59]us
template load b2048 s255 W32: 3699.397 ns/iter valid=True correct=True witness=[7577.22, 7592.25]us
WROTE results/model_template_stride_v2/raw/board_template_stride_load_pass1.json valid=309/370 freq=1650MHz query=0.448s ref_witness=7571.64us elapsed=4522.1s
