/home/c00946898/.conda/envs/wj_autoscope/lib/python3.11/site-packages/torch_npu/utils/collect_env.py:58: UserWarning: Warning: The /usr/local/Ascend/cann-9.1.0 owner does not match the current owner.
  warnings.warn(f"Warning: The {path} owner does not match the current owner.")
/home/c00946898/.conda/envs/wj_autoscope/lib/python3.11/site-packages/torch_npu/utils/collect_env.py:58: UserWarning: Warning: The /usr/local/Ascend/cann-9.1.0/x86_64-linux/ascend_toolkit_install.info owner does not match the current owner.
  warnings.warn(f"Warning: The {path} owner does not match the current owner.")
/home/c00946898/.conda/envs/wj_autoscope/lib/python3.11/site-packages/torch_npu/utils/collect_env.py:58: UserWarning: Warning: The /usr/local/Ascend/cann-9.1.0 owner does not match the current owner.
  warnings.warn(f"Warning: The {path} owner does not match the current owner.")
/home/c00946898/.conda/envs/wj_autoscope/lib/python3.11/site-packages/torch_npu/utils/collect_env.py:58: UserWarning: Warning: The /usr/local/Ascend/cann-9.1.0/x86_64-linux/ascend_toolkit_install.info owner does not match the current owner.
  warnings.warn(f"Warning: The {path} owner does not match the current owner.")
/home/c00946898/strided-template-calibration-v2/scripts/template_stride_load_probe.py:227: UserWarning: Cannot create tensor with interal format while allow_internel_format=False, tensor will be created with base format. (Triggered internally at ../torch_npu/csrc/aten/common/TensorFactories.cpp:340.)
  x = torch.arange(total, dtype=torch.float32, device="npu") % 7.0
template load b4 s3 W32: 245.186 ns/iter valid=True correct=True witness=[7582.49]us
template load b4 s5 W32: 245.381 ns/iter valid=True correct=True witness=[7582.95]us
template load b4 s6 W32: 245.492 ns/iter valid=True correct=True witness=[7579.83]us
template load b4 s7 W32: 235.750 ns/iter valid=True correct=True witness=[7582.61]us
template load b4 s9 W32: 243.840 ns/iter valid=True correct=True witness=[7583.79]us
template load b4 s10 W32: 245.956 ns/iter valid=True correct=True witness=[7574.02]us
template load b4 s11 W32: 260.908 ns/iter valid=True correct=True witness=[7572.48]us
template load b4 s12 W32: 269.263 ns/iter valid=True correct=True witness=[7576.32]us
template load b4 s13 W32: 261.923 ns/iter valid=True correct=True witness=[7576.7]us
template load b4 s14 W32: 250.206 ns/iter valid=True correct=True witness=[7584.56]us
template load b4 s15 W32: 272.244 ns/iter valid=True correct=True witness=[7573.55]us
template load b4 s17 W32: 261.806 ns/iter valid=True correct=True witness=[7584.13]us
template load b4 s18 W32: 260.014 ns/iter valid=True correct=True witness=[7578.26]us
template load b4 s19 W32: 260.031 ns/iter valid=True correct=True witness=[7586.05]us
template load b4 s20 W32: 261.035 ns/iter valid=True correct=True witness=[7588.46]us
template load b4 s21 W32: 259.621 ns/iter valid=True correct=True witness=[7585.11]us
template load b4 s22 W32: 276.389 ns/iter valid=True correct=True witness=[7571.96]us
template load b4 s23 W32: 264.072 ns/iter valid=True correct=True witness=[7576.06]us
template load b4 s24 W32: 276.883 ns/iter valid=True correct=True witness=[7596.4]us
template load b4 s25 W32: 274.768 ns/iter valid=True correct=True witness=[7574.12]us
template load b4 s26 W32: 278.774 ns/iter valid=True correct=True witness=[7582.23]us
template load b4 s27 W32: 273.447 ns/iter valid=True correct=True witness=[7578.2]us
template load b4 s28 W32: 261.699 ns/iter valid=True correct=True witness=[7593.96]us
template load b4 s29 W32: 265.792 ns/iter valid=True correct=True witness=[7595.19]us
template load b4 s30 W32: 263.932 ns/iter valid=True correct=True witness=[7583.5]us
template load b4 s31 W32: 262.979 ns/iter valid=True correct=True witness=[7601.44]us
template load b4 s40 W32: 297.798 ns/iter valid=True correct=True witness=[7584.69]us
template load b4 s48 W32: 290.895 ns/iter valid=True correct=True witness=[7575.83]us
template load b4 s63 W32: 280.136 ns/iter valid=True correct=True witness=[7576.11]us
template load b4 s65 W32: 290.217 ns/iter valid=True correct=True witness=[7574.3]us
template load b4 s80 W32: 293.371 ns/iter valid=True correct=True witness=[7596.94]us
template load b4 s96 W32: 278.053 ns/iter valid=True correct=True witness=[7576.79]us
template load b4 s127 W32: 265.529 ns/iter valid=True correct=True witness=[7577.3]us
template load b4 s129 W32: 265.759 ns/iter valid=True correct=True witness=[7595.44]us
template load b4 s160 W32: 265.541 ns/iter valid=True correct=True witness=[7577.38]us
template load b4 s192 W32: 263.265 ns/iter valid=True correct=True witness=[7576.76]us
template load b4 s255 W32: 253.007 ns/iter valid=True correct=True witness=[7587.21]us
template load b8 s3 W32: 243.671 ns/iter valid=True correct=True witness=[7575.99]us
template load b8 s5 W32: 261.253 ns/iter valid=True correct=True witness=[7595.66]us
template load b8 s6 W32: 260.837 ns/iter valid=True correct=True witness=[7583.31]us
template load b8 s7 W32: 245.764 ns/iter valid=True correct=True witness=[7576.2]us
template load b8 s9 W32: 259.569 ns/iter valid=True correct=True witness=[7603.71]us
template load b8 s10 W32: 275.158 ns/iter valid=True correct=True witness=[7582.2]us
template load b8 s11 W32: 274.631 ns/iter valid=True correct=True witness=[7576.1]us
template load b8 s12 W32: 274.936 ns/iter valid=True correct=True witness=[7583.51]us
template load b8 s13 W32: 277.222 ns/iter valid=True correct=True witness=[7582.89]us
template load b8 s14 W32: 279.478 ns/iter valid=True correct=True witness=[7586.05]us
template load b8 s15 W32: 279.649 ns/iter valid=True correct=True witness=[7577.04]us
template load b8 s17 W32: 290.528 ns/iter valid=True correct=True witness=[7590.16]us
template load b8 s18 W32: 290.768 ns/iter valid=True correct=True witness=[7578.36]us
template load b8 s19 W32: 304.918 ns/iter valid=True correct=True witness=[7593.06]us
template load b8 s20 W32: 307.281 ns/iter valid=True correct=True witness=[7575.95]us
template load b8 s21 W32: 308.043 ns/iter valid=True correct=True witness=[7575.71]us
template load b8 s22 W32: 303.933 ns/iter valid=True correct=True witness=[7593.09]us
template load b8 s23 W32: 296.793 ns/iter valid=True correct=True witness=[7577.04]us
template load b8 s24 W32: 308.594 ns/iter valid=True correct=True witness=[7569.6]us
template load b8 s25 W32: 307.769 ns/iter valid=True correct=True witness=[7594.8]us
template load b8 s26 W32: 309.790 ns/iter valid=True correct=True witness=[7598.89]us
template load b8 s27 W32: 315.510 ns/iter valid=True correct=True witness=[7572.2]us
template load b8 s28 W32: 299.429 ns/iter valid=True correct=True witness=[7568.75]us
template load b8 s29 W32: 297.863 ns/iter valid=True correct=True witness=[7576.99]us
template load b8 s30 W32: 299.923 ns/iter valid=True correct=True witness=[7581.6]us
template load b8 s31 W32: 296.891 ns/iter valid=True correct=True witness=[7579.31]us
template load b8 s40 W32: 309.561 ns/iter valid=True correct=True witness=[7590.12]us
template load b8 s48 W32: 310.996 ns/iter valid=True correct=True witness=[7581.56]us
template load b8 s63 W32: 304.989 ns/iter valid=True correct=True witness=[7582.12]us
template load b8 s65 W32: 298.435 ns/iter valid=True correct=True witness=[7582.11]us
template load b8 s80 W32: 434.942 ns/iter valid=True correct=True witness=[7578.82]us
template load b8 s96 W32: 443.678 ns/iter valid=True correct=True witness=[7588.87]us
template load b8 s127 W32: 427.999 ns/iter valid=False correct=True witness=[7584.89]us
template load b8 s129 W32: 432.541 ns/iter valid=True correct=True witness=[7575.38]us
template load b8 s160 W32: 474.524 ns/iter valid=False correct=True witness=[7583.49]us
template load b8 s192 W32: 494.494 ns/iter valid=False correct=True witness=[7585.09]us
template load b8 s255 W32: 474.945 ns/iter valid=False correct=True witness=[7577.89]us
template load b16 s3 W32: 260.465 ns/iter valid=True correct=True witness=[7579.37]us
template load b16 s5 W32: 273.733 ns/iter valid=True correct=True witness=[7574.33]us
template load b16 s6 W32: 276.895 ns/iter valid=True correct=True witness=[7584.1]us
template load b16 s7 W32: 275.434 ns/iter valid=True correct=True witness=[7572.92]us
template load b16 s9 W32: 303.282 ns/iter valid=True correct=True witness=[7578.0]us
template load b16 s10 W32: 306.560 ns/iter valid=True correct=True witness=[7575.52]us
template load b16 s11 W32: 306.390 ns/iter valid=True correct=True witness=[7592.44]us
template load b16 s12 W32: 308.806 ns/iter valid=True correct=True witness=[7573.94]us
template load b16 s13 W32: 309.487 ns/iter valid=True correct=True witness=[7580.38]us
template load b16 s14 W32: 299.005 ns/iter valid=True correct=True witness=[7574.97]us
template load b16 s15 W32: 301.874 ns/iter valid=True correct=True witness=[7574.51]us
template load b16 s17 W32: 311.480 ns/iter valid=True correct=True witness=[7576.23]us
template load b16 s18 W32: 311.808 ns/iter valid=True correct=True witness=[7576.53]us
template load b16 s19 W32: 312.663 ns/iter valid=True correct=True witness=[7577.05]us
template load b16 s20 W32: 313.655 ns/iter valid=True correct=True witness=[7572.65]us
template load b16 s21 W32: 314.490 ns/iter valid=True correct=True witness=[7574.93]us
template load b16 s22 W32: 321.503 ns/iter valid=True correct=True witness=[7580.98]us
template load b16 s23 W32: 301.066 ns/iter valid=True correct=True witness=[7573.86]us
template load b16 s24 W32: 315.175 ns/iter valid=True correct=True witness=[7573.53]us
template load b16 s25 W32: 316.850 ns/iter valid=True correct=True witness=[7574.63]us
template load b16 s26 W32: 317.598 ns/iter valid=True correct=True witness=[7585.72]us
template load b16 s27 W32: 317.918 ns/iter valid=True correct=True witness=[7584.93]us
template load b16 s28 W32: 307.187 ns/iter valid=True correct=True witness=[7569.9]us
template load b16 s29 W32: 307.709 ns/iter valid=True correct=True witness=[7588.04]us
template load b16 s30 W32: 312.059 ns/iter valid=True correct=True witness=[7575.43]us
template load b16 s31 W32: 309.991 ns/iter valid=True correct=True witness=[7575.83]us
template load b16 s40 W32: 469.910 ns/iter valid=True correct=True witness=[7613.33]us
template load b16 s48 W32: 483.479 ns/iter valid=True correct=True witness=[7576.57]us
template load b16 s63 W32: 466.746 ns/iter valid=True correct=True witness=[7578.0]us
template load b16 s65 W32: 474.908 ns/iter valid=True correct=True witness=[7703.08]us
template load b16 s80 W32: 536.432 ns/iter valid=False correct=True witness=[7568.44]us
template load b16 s96 W32: 527.817 ns/iter valid=False correct=True witness=[7576.79]us
template load b16 s127 W32: 511.250 ns/iter valid=False correct=True witness=[7575.28]us
template load b16 s129 W32: 515.325 ns/iter valid=False correct=True witness=[7585.33]us
template load b16 s160 W32: 553.420 ns/iter valid=False correct=True witness=[7578.45]us
template load b16 s192 W32: 550.546 ns/iter valid=False correct=True witness=[7576.26]us
template load b16 s255 W32: 529.228 ns/iter valid=False correct=True witness=[7575.45]us
template load b32 s3 W32: 253.425 ns/iter valid=True correct=True witness=[7588.23]us
template load b32 s5 W32: 284.373 ns/iter valid=True correct=True witness=[7587.25]us
template load b32 s6 W32: 286.116 ns/iter valid=True correct=True witness=[7599.44]us
template load b32 s7 W32: 287.869 ns/iter valid=True correct=True witness=[7583.37]us
template load b32 s9 W32: 290.909 ns/iter valid=True correct=True witness=[7574.03]us
template load b32 s10 W32: 292.381 ns/iter valid=True correct=True witness=[7584.08]us
template load b32 s11 W32: 290.864 ns/iter valid=True correct=True witness=[7572.55]us
template load b32 s12 W32: 291.520 ns/iter valid=True correct=True witness=[7582.92]us
template load b32 s13 W32: 296.069 ns/iter valid=True correct=True witness=[7576.69]us
template load b32 s14 W32: 299.550 ns/iter valid=True correct=True witness=[7573.62]us
template load b32 s15 W32: 299.029 ns/iter valid=True correct=True witness=[7569.36]us
template load b32 s17 W32: 447.075 ns/iter valid=True correct=True witness=[7574.82]us
template load b32 s18 W32: 451.640 ns/iter valid=True correct=True witness=[7582.58]us
template load b32 s19 W32: 459.157 ns/iter valid=True correct=True witness=[7591.58]us
template load b32 s20 W32: 456.174 ns/iter valid=True correct=True witness=[7587.77]us
template load b32 s21 W32: 471.411 ns/iter valid=True correct=True witness=[7574.57]us
template load b32 s22 W32: 471.840 ns/iter valid=True correct=True witness=[7574.87]us
template load b32 s23 W32: 478.136 ns/iter valid=True correct=True witness=[7575.45]us
template load b32 s24 W32: 476.869 ns/iter valid=True correct=True witness=[7573.24]us
template load b32 s25 W32: 478.394 ns/iter valid=True correct=True witness=[7580.14]us
template load b32 s26 W32: 483.571 ns/iter valid=True correct=True witness=[7579.7]us
template load b32 s27 W32: 486.705 ns/iter valid=True correct=True witness=[7572.44]us
template load b32 s28 W32: 488.715 ns/iter valid=True correct=True witness=[7585.07]us
template load b32 s29 W32: 489.590 ns/iter valid=True correct=True witness=[7576.92]us
template load b32 s30 W32: 486.067 ns/iter valid=True correct=True witness=[7585.17]us
template load b32 s31 W32: 492.335 ns/iter valid=True correct=True witness=[7580.66]us
template load b32 s40 W32: 558.274 ns/iter valid=False correct=True witness=[7572.46]us
template load b32 s48 W32: 553.211 ns/iter valid=False correct=True witness=[7582.63]us
template load b32 s63 W32: 548.140 ns/iter valid=False correct=True witness=[7590.99]us
template load b32 s65 W32: 551.989 ns/iter valid=False correct=True witness=[7583.12]us
template load b32 s80 W32: 579.879 ns/iter valid=False correct=True witness=[7583.4]us
template load b32 s96 W32: 599.444 ns/iter valid=False correct=True witness=[7640.66]us
template load b32 s127 W32: 572.771 ns/iter valid=False correct=True witness=[7574.21]us
template load b32 s129 W32: 568.021 ns/iter valid=False correct=True witness=[7575.84]us
template load b32 s160 W32: 566.880 ns/iter valid=True correct=True witness=[7569.12]us
template load b32 s192 W32: 562.935 ns/iter valid=False correct=True witness=[7574.5]us
template load b32 s255 W32: 539.254 ns/iter valid=False correct=True witness=[7576.28]us
template load b64 s3 W32: 283.017 ns/iter valid=True correct=True witness=[7575.37]us
template load b64 s5 W32: 289.791 ns/iter valid=True correct=True witness=[7567.78]us
template load b64 s6 W32: 292.992 ns/iter valid=True correct=True witness=[7576.01]us
template load b64 s7 W32: 297.683 ns/iter valid=True correct=True witness=[7573.47]us
template load b64 s9 W32: 452.966 ns/iter valid=True correct=True witness=[7591.8]us
template load b64 s10 W32: 457.583 ns/iter valid=True correct=True witness=[7582.11]us
template load b64 s11 W32: 473.831 ns/iter valid=True correct=True witness=[7589.07]us
template load b64 s12 W32: 477.908 ns/iter valid=True correct=True witness=[7581.14]us
template load b64 s13 W32: 481.211 ns/iter valid=True correct=True witness=[7577.31]us
template load b64 s14 W32: 487.281 ns/iter valid=True correct=True witness=[7585.55]us
template load b64 s15 W32: 491.295 ns/iter valid=True correct=True witness=[7575.01]us
template load b64 s17 W32: 534.387 ns/iter valid=False correct=True witness=[7575.32]us
template load b64 s18 W32: 543.291 ns/iter valid=False correct=True witness=[7574.67]us
template load b64 s19 W32: 572.036 ns/iter valid=False correct=True witness=[7582.1]us
template load b64 s20 W32: 573.683 ns/iter valid=False correct=True witness=[7574.92]us
template load b64 s21 W32: 577.624 ns/iter valid=False correct=True witness=[7600.06]us
template load b64 s22 W32: 584.225 ns/iter valid=False correct=True witness=[7586.16]us
template load b64 s23 W32: 585.193 ns/iter valid=False correct=True witness=[7586.89]us
template load b64 s24 W32: 586.072 ns/iter valid=False correct=True witness=[7579.69]us
template load b64 s25 W32: 591.000 ns/iter valid=False correct=True witness=[7574.06]us
template load b64 s26 W32: 595.914 ns/iter valid=False correct=True witness=[7583.25]us
template load b64 s27 W32: 599.350 ns/iter valid=False correct=True witness=[7575.97]us
template load b64 s28 W32: 604.970 ns/iter valid=False correct=True witness=[7571.2]us
template load b64 s29 W32: 609.837 ns/iter valid=False correct=True witness=[7586.63]us
template load b64 s30 W32: 611.301 ns/iter valid=False correct=True witness=[7584.23]us
template load b64 s31 W32: 617.459 ns/iter valid=False correct=True witness=[7573.94]us
template load b64 s40 W32: 648.516 ns/iter valid=False correct=True witness=[7584.59]us
template load b64 s48 W32: 652.049 ns/iter valid=False correct=True witness=[7583.13]us
template load b64 s63 W32: 652.647 ns/iter valid=False correct=True witness=[7584.29]us
template load b64 s65 W32: 646.077 ns/iter valid=False correct=True witness=[7573.07]us
template load b64 s80 W32: 637.058 ns/iter valid=True correct=True witness=[7576.4]us
template load b64 s96 W32: 632.812 ns/iter valid=True correct=True witness=[7575.37]us
template load b64 s127 W32: 624.994 ns/iter valid=True correct=True witness=[7590.37]us
template load b64 s129 W32: 631.043 ns/iter valid=True correct=True witness=[7578.13]us
template load b64 s160 W32: 631.221 ns/iter valid=True correct=True witness=[7574.38]us
template load b64 s192 W32: 629.309 ns/iter valid=True correct=True witness=[7574.18]us
template load b64 s255 W32: 608.480 ns/iter valid=False correct=True witness=[7590.54]us
template load b128 s3 W32: 300.509 ns/iter valid=True correct=True witness=[7599.61]us
template load b128 s5 W32: 464.433 ns/iter valid=True correct=True witness=[7585.03]us
template load b128 s6 W32: 486.828 ns/iter valid=True correct=True witness=[7575.57]us
template load b128 s7 W32: 496.524 ns/iter valid=True correct=True witness=[7571.32]us
template load b128 s9 W32: 550.759 ns/iter valid=False correct=True witness=[7574.11]us
template load b128 s10 W32: 585.107 ns/iter valid=False correct=True witness=[7583.06]us
template load b128 s11 W32: 595.114 ns/iter valid=False correct=True witness=[7598.34]us
template load b128 s12 W32: 600.041 ns/iter valid=False correct=True witness=[7577.84]us
template load b128 s13 W32: 607.968 ns/iter valid=False correct=True witness=[7575.33]us
template load b128 s14 W32: 615.958 ns/iter valid=False correct=True witness=[7577.96]us
template load b128 s15 W32: 625.937 ns/iter valid=False correct=True witness=[7578.38]us
template load b128 s17 W32: 660.852 ns/iter valid=False correct=True witness=[7592.97]us
template load b128 s18 W32: 690.312 ns/iter valid=False correct=True witness=[7586.37]us
template load b128 s19 W32: 686.431 ns/iter valid=False correct=True witness=[7578.01]us
template load b128 s20 W32: 699.554 ns/iter valid=False correct=True witness=[7631.3]us
template load b128 s21 W32: 699.636 ns/iter valid=False correct=True witness=[7576.26]us
template load b128 s22 W32: 710.669 ns/iter valid=False correct=True witness=[7576.38]us
template load b128 s23 W32: 715.565 ns/iter valid=False correct=True witness=[7575.23]us
template load b128 s24 W32: 723.510 ns/iter valid=False correct=True witness=[7574.71]us
template load b128 s25 W32: 732.757 ns/iter valid=False correct=True witness=[7590.5]us
template load b128 s26 W32: 736.532 ns/iter valid=False correct=True witness=[7587.79]us
template load b128 s27 W32: 738.891 ns/iter valid=True correct=True witness=[7661.48]us
template load b128 s28 W32: 749.478 ns/iter valid=False correct=True witness=[7576.85]us
template load b128 s29 W32: 757.897 ns/iter valid=False correct=True witness=[7581.85]us
template load b128 s30 W32: 761.310 ns/iter valid=True correct=True witness=[7573.91]us
template load b128 s31 W32: 781.154 ns/iter valid=False correct=True witness=[7577.06]us
template load b128 s40 W32: 767.896 ns/iter valid=True correct=True witness=[7587.13]us
template load b128 s48 W32: 754.785 ns/iter valid=True correct=True witness=[7576.22]us
template load b128 s63 W32: 760.152 ns/iter valid=True correct=True witness=[7568.3]us
template load b128 s65 W32: 746.748 ns/iter valid=True correct=True witness=[7577.28]us
template load b128 s80 W32: 744.967 ns/iter valid=True correct=True witness=[7605.09]us
template load b128 s96 W32: 744.885 ns/iter valid=True correct=True witness=[7579.93]us
template load b128 s127 W32: 730.126 ns/iter valid=True correct=True witness=[7595.19]us
template load b128 s129 W32: 733.200 ns/iter valid=True correct=True witness=[7576.97]us
template load b128 s160 W32: 733.494 ns/iter valid=True correct=True witness=[7579.21]us
template load b128 s192 W32: 739.186 ns/iter valid=True correct=True witness=[7583.66]us
template load b128 s255 W32: 721.071 ns/iter valid=False correct=True witness=[7589.16]us
template load b256 s3 W32: 500.475 ns/iter valid=True correct=True witness=[7576.25]us
template load b256 s5 W32: 602.729 ns/iter valid=False correct=True witness=[7582.57]us
template load b256 s6 W32: 618.032 ns/iter valid=False correct=True witness=[7570.39]us
template load b256 s7 W32: 614.441 ns/iter valid=False correct=True witness=[7572.08]us
template load b256 s9 W32: 687.284 ns/iter valid=False correct=True witness=[7579.91]us
template load b256 s10 W32: 711.928 ns/iter valid=False correct=True witness=[7578.32]us
template load b256 s11 W32: 732.369 ns/iter valid=False correct=True witness=[7579.75]us
template load b256 s12 W32: 749.047 ns/iter valid=False correct=True witness=[7575.55]us
template load b256 s13 W32: 761.118 ns/iter valid=True correct=True witness=[7580.43]us
template load b256 s14 W32: 764.901 ns/iter valid=True correct=True witness=[7592.88]us
template load b256 s15 W32: 778.646 ns/iter valid=True correct=True witness=[7587.39]us
template load b256 s17 W32: 834.630 ns/iter valid=True correct=True witness=[7586.89]us
template load b256 s18 W32: 855.111 ns/iter valid=True correct=True witness=[7576.14]us
template load b256 s19 W32: 882.957 ns/iter valid=True correct=True witness=[7595.36]us
template load b256 s20 W32: 899.067 ns/iter valid=True correct=True witness=[7583.39]us
template load b256 s21 W32: 927.977 ns/iter valid=True correct=True witness=[7586.28]us
template load b256 s22 W32: 943.353 ns/iter valid=True correct=True witness=[7579.57]us
template load b256 s23 W32: 942.149 ns/iter valid=True correct=True witness=[7575.58]us
template load b256 s24 W32: 972.537 ns/iter valid=True correct=True witness=[7583.99]us
template load b256 s25 W32: 988.785 ns/iter valid=True correct=True witness=[7584.32]us
template load b256 s26 W32: 999.018 ns/iter valid=True correct=True witness=[7576.27]us
template load b256 s27 W32: 1017.106 ns/iter valid=True correct=True witness=[7583.05]us
template load b256 s28 W32: 1023.668 ns/iter valid=True correct=True witness=[7590.17]us
template load b256 s29 W32: 1039.440 ns/iter valid=True correct=True witness=[7575.99]us
template load b256 s30 W32: 1055.448 ns/iter valid=True correct=True witness=[7572.24]us
template load b256 s31 W32: 1071.081 ns/iter valid=True correct=True witness=[7577.79]us
template load b256 s40 W32: 1056.863 ns/iter valid=True correct=True witness=[7574.75]us
template load b256 s48 W32: 1058.305 ns/iter valid=True correct=True witness=[7574.01]us
template load b256 s63 W32: 971.635 ns/iter valid=True correct=True witness=[7592.39]us
template load b256 s65 W32: 938.645 ns/iter valid=True correct=True witness=[7595.71]us
template load b256 s80 W32: 1051.103 ns/iter valid=True correct=True witness=[7585.72]us
template load b256 s96 W32: 1062.315 ns/iter valid=True correct=True witness=[7570.38]us
template load b256 s127 W32: 926.917 ns/iter valid=True correct=True witness=[7569.14]us
template load b256 s129 W32: 921.068 ns/iter valid=True correct=True witness=[7576.23]us
template load b256 s160 W32: 1050.415 ns/iter valid=True correct=True witness=[7639.21]us
template load b256 s192 W32: 891.115 ns/iter valid=True correct=True witness=[7585.52]us
template load b256 s255 W32: 1013.475 ns/iter valid=True correct=True witness=[7599.42]us
template load b512 s3 W32: 624.760 ns/iter valid=False correct=True witness=[7574.68]us
template load b512 s5 W32: 719.964 ns/iter valid=False correct=True witness=[7597.79]us
template load b512 s6 W32: 753.742 ns/iter valid=True correct=True witness=[7582.52]us
template load b512 s7 W32: 768.279 ns/iter valid=True correct=True witness=[7574.8]us
template load b512 s9 W32: 868.995 ns/iter valid=True correct=True witness=[7578.23]us
template load b512 s10 W32: 906.642 ns/iter valid=True correct=True witness=[7592.5]us
template load b512 s11 W32: 949.839 ns/iter valid=True correct=True witness=[7570.57]us
template load b512 s12 W32: 974.922 ns/iter valid=True correct=True witness=[7576.08]us
template load b512 s13 W32: 1005.039 ns/iter valid=True correct=True witness=[7584.25]us
template load b512 s14 W32: 1023.871 ns/iter valid=True correct=True witness=[7574.9]us
template load b512 s15 W32: 1056.481 ns/iter valid=True correct=True witness=[7575.31]us
template load b512 s17 W32: 1137.231 ns/iter valid=True correct=True witness=[7578.2]us
template load b512 s18 W32: 1154.976 ns/iter valid=True correct=True witness=[7576.6]us
template load b512 s19 W32: 1179.381 ns/iter valid=True correct=True witness=[7574.75]us
template load b512 s20 W32: 1195.921 ns/iter valid=True correct=True witness=[7586.75]us
template load b512 s21 W32: 1205.752 ns/iter valid=True correct=True witness=[7592.16]us
template load b512 s22 W32: 1221.774 ns/iter valid=True correct=True witness=[7575.65]us
template load b512 s23 W32: 1250.863 ns/iter valid=True correct=True witness=[7598.49]us
template load b512 s24 W32: 1274.069 ns/iter valid=True correct=True witness=[7577.77]us
template load b512 s25 W32: 1290.150 ns/iter valid=True correct=True witness=[7571.76]us
template load b512 s26 W32: 1303.611 ns/iter valid=True correct=True witness=[7574.18]us
template load b512 s27 W32: 1332.323 ns/iter valid=True correct=True witness=[7569.12]us
template load b512 s28 W32: 1342.182 ns/iter valid=True correct=True witness=[7572.98]us
template load b512 s29 W32: 1357.812 ns/iter valid=True correct=True witness=[7572.77]us
template load b512 s30 W32: 1381.085 ns/iter valid=True correct=True witness=[7573.96]us
template load b512 s31 W32: 1401.037 ns/iter valid=True correct=True witness=[7574.74]us
template load b512 s40 W32: 1479.547 ns/iter valid=True correct=True witness=[7569.06]us
template load b512 s48 W32: 1442.420 ns/iter valid=True correct=True witness=[7575.61]us
template load b512 s63 W32: 1404.110 ns/iter valid=True correct=True witness=[7577.28]us
template load b512 s65 W32: 1391.012 ns/iter valid=True correct=True witness=[7577.24]us
template load b512 s80 W32: 1451.329 ns/iter valid=True correct=True witness=[7572.7]us
template load b512 s96 W32: 1368.475 ns/iter valid=True correct=True witness=[7574.57]us
template load b512 s127 W32: 1326.929 ns/iter valid=True correct=True witness=[7575.99]us
template load b512 s129 W32: 1318.755 ns/iter valid=True correct=True witness=[7573.89]us
template load b512 s160 W32: 1355.863 ns/iter valid=True correct=True witness=[7569.88]us
template load b512 s192 W32: 1213.517 ns/iter valid=True correct=True witness=[7618.13]us
template load b512 s255 W32: 1348.656 ns/iter valid=True correct=True witness=[7585.87]us
template load b1024 s3 W32: 750.058 ns/iter valid=True correct=True witness=[7591.01]us
template load b1024 s5 W32: 900.331 ns/iter valid=True correct=True witness=[7585.58]us
template load b1024 s6 W32: 964.608 ns/iter valid=True correct=True witness=[7576.22]us
template load b1024 s7 W32: 1031.691 ns/iter valid=True correct=True witness=[7607.89]us
template load b1024 s9 W32: 1158.720 ns/iter valid=True correct=True witness=[7589.73]us
template load b1024 s10 W32: 1206.631 ns/iter valid=True correct=True witness=[7591.66]us
template load b1024 s11 W32: 1238.362 ns/iter valid=True correct=True witness=[7584.31]us
template load b1024 s12 W32: 1293.626 ns/iter valid=True correct=True witness=[7590.38]us
template load b1024 s13 W32: 1344.986 ns/iter valid=True correct=True witness=[7577.12]us
template load b1024 s14 W32: 1392.613 ns/iter valid=True correct=True witness=[7573.89]us
template load b1024 s15 W32: 1438.942 ns/iter valid=True correct=True witness=[7604.44]us
template load b1024 s17 W32: 1505.835 ns/iter valid=True correct=True witness=[7586.66]us
template load b1024 s18 W32: 1540.116 ns/iter valid=True correct=True witness=[7569.43]us
template load b1024 s19 W32: 1621.015 ns/iter valid=True correct=True witness=[7574.32]us
template load b1024 s20 W32: 1673.635 ns/iter valid=True correct=True witness=[7597.0]us
template load b1024 s21 W32: 1714.087 ns/iter valid=True correct=True witness=[7597.1]us
template load b1024 s22 W32: 1715.398 ns/iter valid=True correct=True witness=[7677.65]us
template load b1024 s23 W32: 1760.249 ns/iter valid=True correct=True witness=[7593.31]us
template load b1024 s24 W32: 1808.988 ns/iter valid=True correct=True witness=[7587.2]us
template load b1024 s25 W32: 1878.138 ns/iter valid=True correct=True witness=[7575.78]us
template load b1024 s26 W32: 1916.658 ns/iter valid=True correct=True witness=[7580.29]us
template load b1024 s27 W32: 1983.726 ns/iter valid=True correct=True witness=[7601.9]us
template load b1024 s28 W32: 1987.727 ns/iter valid=True correct=True witness=[7575.09]us
template load b1024 s29 W32: 2094.930 ns/iter valid=True correct=True witness=[7588.13]us
template load b1024 s30 W32: 2112.206 ns/iter valid=True correct=True witness=[7576.17]us
template load b1024 s31 W32: 2126.752 ns/iter valid=True correct=True witness=[7585.87]us
template load b1024 s40 W32: 2252.904 ns/iter valid=True correct=True witness=[7576.91]us
template load b1024 s48 W32: 2176.483 ns/iter valid=True correct=True witness=[7570.67]us
template load b1024 s63 W32: 2243.996 ns/iter valid=True correct=True witness=[7576.73]us
template load b1024 s65 W32: 2240.337 ns/iter valid=True correct=True witness=[7574.28]us
template load b1024 s80 W32: 2197.165 ns/iter valid=True correct=True witness=[7572.51]us
template load b1024 s96 W32: 2178.768 ns/iter valid=True correct=True witness=[7584.27]us
template load b1024 s127 W32: 2138.379 ns/iter valid=True correct=True witness=[7578.05]us
template load b1024 s129 W32: 2118.515 ns/iter valid=True correct=True witness=[7576.2]us
template load b1024 s160 W32: 2211.264 ns/iter valid=True correct=True witness=[7584.75]us
template load b1024 s192 W32: 1981.270 ns/iter valid=True correct=True witness=[7587.59]us
template load b1024 s255 W32: 2060.141 ns/iter valid=True correct=True witness=[7577.32]us
template load b2048 s3 W32: 1271.625 ns/iter valid=True correct=True witness=[7574.79]us
template load b2048 s5 W32: 1402.784 ns/iter valid=True correct=True witness=[7598.11]us
template load b2048 s6 W32: 1421.905 ns/iter valid=True correct=True witness=[7574.46]us
template load b2048 s7 W32: 1458.987 ns/iter valid=True correct=True witness=[7574.41]us
template load b2048 s9 W32: 1617.276 ns/iter valid=True correct=True witness=[7572.09]us
template load b2048 s10 W32: 1728.226 ns/iter valid=True correct=True witness=[7592.83]us
template load b2048 s11 W32: 1811.120 ns/iter valid=True correct=True witness=[7568.39]us
template load b2048 s12 W32: 1905.009 ns/iter valid=True correct=True witness=[7577.56]us
template load b2048 s13 W32: 2009.921 ns/iter valid=True correct=True witness=[7582.07]us
template load b2048 s14 W32: 2107.316 ns/iter valid=True correct=True witness=[7575.33]us
template load b2048 s15 W32: 2227.446 ns/iter valid=True correct=True witness=[7582.96]us
template load b2048 s17 W32: 2448.876 ns/iter valid=True correct=True witness=[7587.14]us
template load b2048 s18 W32: 2513.939 ns/iter valid=True correct=True witness=[7600.12]us
template load b2048 s19 W32: 2649.920 ns/iter valid=True correct=True witness=[7573.55]us
template load b2048 s20 W32: 2780.022 ns/iter valid=True correct=True witness=[7576.83]us
template load b2048 s21 W32: 2874.334 ns/iter valid=True correct=True witness=[7578.92]us
template load b2048 s22 W32: 3002.817 ns/iter valid=True correct=True witness=[7590.8]us
template load b2048 s23 W32: 3080.046 ns/iter valid=True correct=True witness=[7577.79]us
template load b2048 s24 W32: 3186.150 ns/iter valid=True correct=True witness=[7575.39]us
template load b2048 s25 W32: 3277.735 ns/iter valid=True correct=True witness=[7575.51]us
template load b2048 s26 W32: 3361.850 ns/iter valid=True correct=True witness=[7573.03]us
template load b2048 s27 W32: 3410.019 ns/iter valid=True correct=True witness=[7575.14]us
template load b2048 s28 W32: 3507.190 ns/iter valid=True correct=True witness=[7588.94]us
template load b2048 s29 W32: 3548.217 ns/iter valid=True correct=True witness=[7575.13]us
template load b2048 s30 W32: 3703.665 ns/iter valid=True correct=True witness=[7573.16]us
template load b2048 s31 W32: 3795.142 ns/iter valid=True correct=True witness=[7574.52]us
template load b2048 s40 W32: 3952.068 ns/iter valid=True correct=True witness=[7573.06]us
template load b2048 s48 W32: 3933.348 ns/iter valid=True correct=True witness=[7588.58]us
template load b2048 s63 W32: 4260.328 ns/iter valid=True correct=True witness=[7577.13]us
template load b2048 s65 W32: 4198.650 ns/iter valid=True correct=True witness=[7570.75]us
template load b2048 s80 W32: 3895.247 ns/iter valid=True correct=True witness=[7574.72]us
template load b2048 s96 W32: 3836.859 ns/iter valid=True correct=True witness=[7590.72]us
template load b2048 s127 W32: 4033.289 ns/iter valid=True correct=True witness=[7568.79]us
template load b2048 s129 W32: 4005.751 ns/iter valid=True correct=True witness=[7579.12]us
template load b2048 s160 W32: 3806.589 ns/iter valid=True correct=True witness=[7574.41]us
template load b2048 s192 W32: 3645.555 ns/iter valid=True correct=True witness=[7576.54]us
template load b2048 s255 W32: 3745.410 ns/iter valid=True correct=True witness=[7575.66]us
WROTE results/model_template_stride_v2/raw/board_template_stride_load_pass2.json valid=299/370 freq=1650MHz query=0.389s ref_witness=7583.00us elapsed=227.3s
