/home/c00946898/.conda/envs/wj_autoscope/lib/python3.11/site-packages/torch_npu/utils/collect_env.py:58: UserWarning: Warning: The /usr/local/Ascend/cann-9.1.0 owner does not match the current owner.
  warnings.warn(f"Warning: The {path} owner does not match the current owner.")
/home/c00946898/.conda/envs/wj_autoscope/lib/python3.11/site-packages/torch_npu/utils/collect_env.py:58: UserWarning: Warning: The /usr/local/Ascend/cann-9.1.0/x86_64-linux/ascend_toolkit_install.info owner does not match the current owner.
  warnings.warn(f"Warning: The {path} owner does not match the current owner.")
/home/c00946898/.conda/envs/wj_autoscope/lib/python3.11/site-packages/torch_npu/utils/collect_env.py:58: UserWarning: Warning: The /usr/local/Ascend/cann-9.1.0 owner does not match the current owner.
  warnings.warn(f"Warning: The {path} owner does not match the current owner.")
/home/c00946898/.conda/envs/wj_autoscope/lib/python3.11/site-packages/torch_npu/utils/collect_env.py:58: UserWarning: Warning: The /usr/local/Ascend/cann-9.1.0/x86_64-linux/ascend_toolkit_install.info owner does not match the current owner.
  warnings.warn(f"Warning: The {path} owner does not match the current owner.")
template store b4 s3 W32: 229.919 ns/iter valid=True correct=True witness=[7588.21, 7569.14]us
template store b4 s5 W32: 232.577 ns/iter valid=True correct=True witness=[7577.37, 7588.03]us
template store b4 s6 W32: 229.809 ns/iter valid=True correct=True witness=[7578.0, 7594.41]us
template store b4 s7 W32: 227.434 ns/iter valid=True correct=True witness=[7571.0, 7570.6]us
template store b4 s9 W32: 227.890 ns/iter valid=True correct=True witness=[7596.73, 7582.92]us
template store b4 s10 W32: 229.169 ns/iter valid=True correct=True witness=[7574.47, 7590.66]us
template store b4 s11 W32: 236.819 ns/iter valid=True correct=True witness=[7579.12, 7569.92]us
template store b4 s12 W32: 237.729 ns/iter valid=True correct=True witness=[7580.39, 7580.23]us
template store b4 s13 W32: 236.318 ns/iter valid=True correct=True witness=[7571.19, 7574.14]us
template store b4 s14 W32: 238.606 ns/iter valid=True correct=True witness=[7586.66, 7579.57]us
template store b4 s15 W32: 240.664 ns/iter valid=True correct=True witness=[7592.21, 7701.33]us
template store b4 s17 W32: 234.808 ns/iter valid=True correct=True witness=[7581.94, 7660.36]us
template store b4 s18 W32: 236.084 ns/iter valid=True correct=True witness=[7577.79, 7612.53]us
template store b4 s19 W32: 243.817 ns/iter valid=True correct=True witness=[7592.92, 7571.25]us
template store b4 s20 W32: 239.776 ns/iter valid=True correct=True witness=[7594.33, 7576.96]us
template store b4 s21 W32: 247.669 ns/iter valid=True correct=True witness=[7587.78, 7571.13]us
template store b4 s22 W32: 238.652 ns/iter valid=True correct=True witness=[7573.92, 7630.3]us
template store b4 s23 W32: 247.954 ns/iter valid=True correct=True witness=[7594.51, 7598.54]us
template store b4 s24 W32: 248.195 ns/iter valid=True correct=True witness=[7574.93, 7575.24]us
template store b4 s25 W32: 246.362 ns/iter valid=True correct=True witness=[7573.64, 7570.27]us
template store b4 s26 W32: 246.360 ns/iter valid=True correct=True witness=[7602.27, 7577.87]us
template store b4 s27 W32: 244.751 ns/iter valid=True correct=True witness=[7577.45, 7574.8]us
template store b4 s28 W32: 246.376 ns/iter valid=True correct=True witness=[7590.31, 7599.4]us
template store b4 s29 W32: 248.575 ns/iter valid=True correct=True witness=[7596.29, 7587.89]us
template store b4 s30 W32: 244.915 ns/iter valid=True correct=True witness=[7579.71, 7578.02]us
template store b4 s31 W32: 240.221 ns/iter valid=True correct=True witness=[7578.74, 7579.46]us
template store b4 s40 W32: 254.972 ns/iter valid=True correct=True witness=[7572.11, 7571.98]us
template store b4 s48 W32: 253.648 ns/iter valid=True correct=True witness=[7578.29, 7579.68]us
template store b4 s63 W32: 254.856 ns/iter valid=True correct=True witness=[7582.49, 7595.1]us
template store b4 s65 W32: 256.592 ns/iter valid=True correct=True witness=[7586.6, 7604.41]us
template store b4 s80 W32: 251.334 ns/iter valid=True correct=True witness=[7579.13, 7603.2]us
template store b4 s96 W32: 244.787 ns/iter valid=True correct=True witness=[7592.74, 7571.22]us
template store b4 s127 W32: 240.750 ns/iter valid=True correct=True witness=[7580.86, 7570.82]us
template store b4 s129 W32: 240.352 ns/iter valid=True correct=True witness=[7596.22, 7572.26]us
template store b4 s160 W32: 241.902 ns/iter valid=True correct=True witness=[7597.54, 7580.44]us
template store b4 s192 W32: 239.988 ns/iter valid=True correct=True witness=[7596.06, 7601.1]us
template store b4 s255 W32: 240.544 ns/iter valid=True correct=True witness=[7577.76, 7586.78]us
template store b8 s3 W32: 229.851 ns/iter valid=True correct=True witness=[7597.16, 7587.41]us
template store b8 s5 W32: 239.705 ns/iter valid=True correct=True witness=[7574.93, 7578.74]us
template store b8 s6 W32: 239.596 ns/iter valid=True correct=True witness=[7573.18, 7571.12]us
template store b8 s7 W32: 233.845 ns/iter valid=True correct=True witness=[7576.71, 7580.74]us
template store b8 s9 W32: 238.456 ns/iter valid=True correct=True witness=[7596.45, 7605.82]us
template store b8 s10 W32: 245.128 ns/iter valid=True correct=True witness=[7579.15, 7579.4]us
template store b8 s11 W32: 247.731 ns/iter valid=True correct=True witness=[7579.04, 7571.82]us
template store b8 s12 W32: 246.547 ns/iter valid=True correct=True witness=[7571.89, 7593.51]us
template store b8 s13 W32: 247.218 ns/iter valid=True correct=True witness=[7592.7, 7595.75]us
template store b8 s14 W32: 258.080 ns/iter valid=True correct=True witness=[7580.84, 7581.62]us
template store b8 s15 W32: 257.628 ns/iter valid=True correct=True witness=[7599.41, 7578.24]us
template store b8 s17 W32: 256.358 ns/iter valid=True correct=True witness=[7579.07, 7580.55]us
template store b8 s18 W32: 255.387 ns/iter valid=True correct=True witness=[7575.74, 7606.2]us
template store b8 s19 W32: 270.856 ns/iter valid=True correct=True witness=[7579.13, 7581.94]us
template store b8 s20 W32: 260.872 ns/iter valid=True correct=True witness=[7600.31, 7578.82]us
template store b8 s21 W32: 275.619 ns/iter valid=True correct=True witness=[7571.42, 7579.88]us
template store b8 s22 W32: 264.795 ns/iter valid=True correct=True witness=[7580.28, 7579.91]us
template store b8 s23 W32: 269.644 ns/iter valid=True correct=True witness=[7578.46, 7587.43]us
template store b8 s24 W32: 271.193 ns/iter valid=True correct=True witness=[7602.95, 7584.72]us
template store b8 s25 W32: 270.443 ns/iter valid=True correct=True witness=[7585.67, 7581.82]us
template store b8 s26 W32: 272.648 ns/iter valid=True correct=True witness=[7571.23, 7578.13]us
template store b8 s27 W32: 271.979 ns/iter valid=True correct=True witness=[7581.98, 7577.04]us
template store b8 s28 W32: 274.058 ns/iter valid=True correct=True witness=[7603.67, 7588.05]us
template store b8 s29 W32: 274.207 ns/iter valid=True correct=True witness=[7588.28, 7583.81]us
template store b8 s30 W32: 269.493 ns/iter valid=True correct=True witness=[7577.38, 7588.24]us
template store b8 s31 W32: 268.469 ns/iter valid=True correct=True witness=[7571.66, 7581.92]us
template store b8 s40 W32: 272.888 ns/iter valid=True correct=True witness=[7572.93, 7613.99]us
template store b8 s48 W32: 266.462 ns/iter valid=True correct=True witness=[7578.39, 7570.53]us
template store b8 s63 W32: 260.769 ns/iter valid=True correct=True witness=[7572.56, 7574.16]us
template store b8 s65 W32: 256.902 ns/iter valid=True correct=True witness=[7576.49, 7590.95]us
template store b8 s80 W32: 257.575 ns/iter valid=True correct=True witness=[7594.41, 7581.08]us
template store b8 s96 W32: 253.582 ns/iter valid=True correct=True witness=[7572.08, 7582.18]us
template store b8 s127 W32: 252.357 ns/iter valid=True correct=True witness=[7591.21, 7584.44]us
template store b8 s129 W32: 245.471 ns/iter valid=True correct=True witness=[7594.25, 7589.5]us
template store b8 s160 W32: 248.617 ns/iter valid=True correct=True witness=[7578.51, 7572.57]us
template store b8 s192 W32: 249.541 ns/iter valid=True correct=True witness=[7580.07, 7581.28]us
template store b8 s255 W32: 244.225 ns/iter valid=True correct=True witness=[7590.47, 7576.73]us
template store b16 s3 W32: 239.043 ns/iter valid=True correct=True witness=[7585.17, 7574.63]us
template store b16 s5 W32: 247.695 ns/iter valid=True correct=True witness=[7573.96, 7591.28]us
template store b16 s6 W32: 248.803 ns/iter valid=True correct=True witness=[7572.76, 7576.15]us
template store b16 s7 W32: 252.980 ns/iter valid=True correct=True witness=[7587.72, 7590.67]us
template store b16 s9 W32: 260.894 ns/iter valid=True correct=True witness=[7576.22, 7583.21]us
template store b16 s10 W32: 264.631 ns/iter valid=True correct=True witness=[7594.05, 7592.24]us
template store b16 s11 W32: 270.206 ns/iter valid=True correct=True witness=[7582.34, 7575.81]us
template store b16 s12 W32: 274.174 ns/iter valid=True correct=True witness=[7571.9, 7591.76]us
template store b16 s13 W32: 274.892 ns/iter valid=True correct=True witness=[7580.11, 7580.57]us
template store b16 s14 W32: 275.037 ns/iter valid=True correct=True witness=[7597.13, 7580.12]us
template store b16 s15 W32: 279.999 ns/iter valid=True correct=True witness=[7579.94, 7572.73]us
template store b16 s17 W32: 277.905 ns/iter valid=True correct=True witness=[7578.86, 7575.38]us
template store b16 s18 W32: 279.185 ns/iter valid=True correct=True witness=[7575.87, 7577.95]us
template store b16 s19 W32: 288.734 ns/iter valid=True correct=True witness=[7577.43, 7688.74]us
template store b16 s20 W32: 279.350 ns/iter valid=True correct=True witness=[7580.66, 7590.79]us
template store b16 s21 W32: 287.317 ns/iter valid=True correct=True witness=[7594.5, 7577.73]us
template store b16 s22 W32: 276.620 ns/iter valid=True correct=True witness=[7576.98, 7577.15]us
template store b16 s23 W32: 279.219 ns/iter valid=True correct=True witness=[7571.43, 7571.41]us
template store b16 s24 W32: 281.185 ns/iter valid=True correct=True witness=[7572.04, 7573.77]us
template store b16 s25 W32: 282.486 ns/iter valid=True correct=True witness=[7584.46, 7575.82]us
template store b16 s26 W32: 283.225 ns/iter valid=True correct=True witness=[7575.19, 7579.48]us
template store b16 s27 W32: 282.479 ns/iter valid=True correct=True witness=[7571.98, 7578.82]us
template store b16 s28 W32: 284.716 ns/iter valid=True correct=True witness=[7574.64, 7581.48]us
template store b16 s29 W32: 281.512 ns/iter valid=True correct=True witness=[7571.54, 7579.0]us
template store b16 s30 W32: 280.669 ns/iter valid=True correct=True witness=[7572.22, 7588.6]us
template store b16 s31 W32: 282.963 ns/iter valid=True correct=True witness=[7578.72, 7577.52]us
template store b16 s40 W32: 273.426 ns/iter valid=True correct=True witness=[7571.33, 7587.39]us
template store b16 s48 W32: 279.621 ns/iter valid=True correct=True witness=[7578.26, 7578.51]us
template store b16 s63 W32: 274.138 ns/iter valid=True correct=True witness=[7578.45, 7594.56]us
template store b16 s65 W32: 273.190 ns/iter valid=True correct=True witness=[7581.89, 7584.06]us
template store b16 s80 W32: 487.046 ns/iter valid=False correct=True witness=[7573.34, 7586.71]us
template store b16 s96 W32: 481.707 ns/iter valid=False correct=True witness=[7595.19, 7577.05]us
template store b16 s127 W32: 483.641 ns/iter valid=False correct=True witness=[7575.85, 7595.72]us
template store b16 s129 W32: 475.142 ns/iter valid=False correct=True witness=[7577.53, 7576.34]us
template store b16 s160 W32: 476.466 ns/iter valid=False correct=True witness=[7588.99, 7581.4]us
template store b16 s192 W32: 454.154 ns/iter valid=False correct=True witness=[7590.49, 7593.87]us
template store b16 s255 W32: 387.139 ns/iter valid=True correct=True witness=[7575.0, 7574.06]us
template store b32 s3 W32: 221.107 ns/iter valid=True correct=True witness=[7575.59, 7575.64]us
template store b32 s5 W32: 241.696 ns/iter valid=True correct=True witness=[7576.4, 7575.41]us
template store b32 s6 W32: 250.156 ns/iter valid=True correct=True witness=[7597.35, 7572.73]us
template store b32 s7 W32: 249.629 ns/iter valid=True correct=True witness=[7586.01, 7595.57]us
template store b32 s9 W32: 256.977 ns/iter valid=True correct=True witness=[7585.35, 7583.58]us
template store b32 s10 W32: 253.444 ns/iter valid=True correct=True witness=[7572.9, 7594.48]us
template store b32 s11 W32: 255.990 ns/iter valid=True correct=True witness=[7583.41, 7571.36]us
template store b32 s12 W32: 258.801 ns/iter valid=True correct=True witness=[7590.1, 7576.19]us
template store b32 s13 W32: 257.097 ns/iter valid=True correct=True witness=[7583.69, 7591.84]us
template store b32 s14 W32: 259.738 ns/iter valid=True correct=True witness=[7589.41, 7578.72]us
template store b32 s15 W32: 261.852 ns/iter valid=True correct=True witness=[7573.9, 7572.13]us
template store b32 s17 W32: 264.448 ns/iter valid=True correct=True witness=[7571.85, 7577.31]us
template store b32 s18 W32: 266.643 ns/iter valid=True correct=True witness=[7589.6, 7581.82]us
template store b32 s19 W32: 279.613 ns/iter valid=True correct=True witness=[7586.32, 7592.55]us
template store b32 s20 W32: 266.319 ns/iter valid=True correct=True witness=[7579.79, 7578.91]us
template store b32 s21 W32: 278.519 ns/iter valid=True correct=True witness=[7573.05, 7578.72]us
template store b32 s22 W32: 270.156 ns/iter valid=True correct=True witness=[7572.81, 7579.94]us
template store b32 s23 W32: 270.224 ns/iter valid=True correct=True witness=[7571.9, 7590.51]us
template store b32 s24 W32: 270.933 ns/iter valid=True correct=True witness=[7571.77, 7580.1]us
template store b32 s25 W32: 274.503 ns/iter valid=True correct=True witness=[7578.39, 7577.91]us
template store b32 s26 W32: 270.425 ns/iter valid=True correct=True witness=[7579.93, 7581.03]us
template store b32 s27 W32: 277.562 ns/iter valid=True correct=True witness=[7588.01, 7580.58]us
template store b32 s28 W32: 277.732 ns/iter valid=True correct=True witness=[7572.88, 7573.4]us
template store b32 s29 W32: 278.658 ns/iter valid=True correct=True witness=[7590.08, 7577.57]us
template store b32 s30 W32: 279.977 ns/iter valid=True correct=True witness=[7576.33, 7574.2]us
template store b32 s31 W32: 280.201 ns/iter valid=True correct=True witness=[7571.57, 7580.31]us
template store b32 s40 W32: 543.418 ns/iter valid=False correct=True witness=[7574.35, 7577.93]us
template store b32 s48 W32: 511.772 ns/iter valid=False correct=True witness=[7572.47, 7580.21]us
template store b32 s63 W32: 518.392 ns/iter valid=False correct=True witness=[7574.43, 7572.17]us
template store b32 s65 W32: 507.403 ns/iter valid=False correct=True witness=[7572.32, 7589.62]us
template store b32 s80 W32: 495.202 ns/iter valid=False correct=True witness=[7572.0, 7588.41]us
template store b32 s96 W32: 487.588 ns/iter valid=False correct=True witness=[7579.41, 7573.23]us
template store b32 s127 W32: 477.645 ns/iter valid=False correct=True witness=[7571.8, 7580.29]us
template store b32 s129 W32: 456.155 ns/iter valid=True correct=True witness=[7573.29, 7581.68]us
template store b32 s160 W32: 511.888 ns/iter valid=False correct=True witness=[7573.07, 7577.64]us
template store b32 s192 W32: 510.129 ns/iter valid=False correct=True witness=[7586.45, 7585.52]us
template store b32 s255 W32: 476.125 ns/iter valid=False correct=True witness=[7571.35, 7573.02]us
template store b64 s3 W32: 248.849 ns/iter valid=True correct=True witness=[7572.29, 7578.98]us
template store b64 s5 W32: 255.165 ns/iter valid=True correct=True witness=[7579.84, 7589.61]us
template store b64 s6 W32: 259.089 ns/iter valid=True correct=True witness=[7573.0, 7576.09]us
template store b64 s7 W32: 262.699 ns/iter valid=True correct=True witness=[7585.24, 7572.7]us
template store b64 s9 W32: 264.785 ns/iter valid=True correct=True witness=[7571.95, 7577.55]us
template store b64 s10 W32: 268.421 ns/iter valid=True correct=True witness=[7576.62, 7574.89]us
template store b64 s11 W32: 268.575 ns/iter valid=True correct=True witness=[7578.6, 7593.97]us
template store b64 s12 W32: 272.261 ns/iter valid=True correct=True witness=[7575.86, 7572.91]us
template store b64 s13 W32: 277.603 ns/iter valid=True correct=True witness=[7580.08, 7578.02]us
template store b64 s14 W32: 276.292 ns/iter valid=True correct=True witness=[7577.93, 7572.11]us
template store b64 s15 W32: 280.190 ns/iter valid=True correct=True witness=[7578.48, 7575.74]us
template store b64 s17 W32: 834.315 ns/iter valid=False correct=True witness=[7574.89, 7591.69]us
template store b64 s18 W32: 1027.693 ns/iter valid=False correct=True witness=[7589.93, 7572.19]us
template store b64 s19 W32: 560.742 ns/iter valid=False correct=True witness=[7578.19, 7572.77]us
template store b64 s20 W32: 541.771 ns/iter valid=False correct=True witness=[7578.81, 7576.51]us
template store b64 s21 W32: 593.184 ns/iter valid=False correct=True witness=[7592.95, 7589.11]us
template store b64 s22 W32: 602.495 ns/iter valid=False correct=True witness=[7572.61, 7580.77]us
template store b64 s23 W32: 538.668 ns/iter valid=False correct=True witness=[7577.38, 7575.51]us
template store b64 s24 W32: 536.846 ns/iter valid=False correct=True witness=[7580.21, 7572.08]us
template store b64 s25 W32: 568.030 ns/iter valid=False correct=True witness=[7594.65, 7574.41]us
template store b64 s26 W32: 593.712 ns/iter valid=False correct=True witness=[7572.72, 7594.15]us
template store b64 s27 W32: 547.386 ns/iter valid=False correct=True witness=[7589.68, 7574.06]us
template store b64 s28 W32: 547.582 ns/iter valid=False correct=True witness=[7596.35, 7573.7]us
template store b64 s29 W32: 653.666 ns/iter valid=False correct=True witness=[7602.89, 7596.69]us
template store b64 s30 W32: 710.200 ns/iter valid=False correct=True witness=[7613.83, 7593.88]us
template store b64 s31 W32: 573.985 ns/iter valid=False correct=True witness=[7588.38, 7584.37]us
template store b64 s40 W32: 540.220 ns/iter valid=True correct=True witness=[7572.61, 7572.49]us
template store b64 s48 W32: 514.679 ns/iter valid=True correct=True witness=[7578.79, 7577.66]us
template store b64 s63 W32: 523.724 ns/iter valid=True correct=True witness=[7572.46, 7591.88]us
template store b64 s65 W32: 524.496 ns/iter valid=True correct=True witness=[7572.26, 7571.95]us
template store b64 s80 W32: 566.566 ns/iter valid=False correct=True witness=[7595.99, 7573.91]us
template store b64 s96 W32: 563.707 ns/iter valid=False correct=True witness=[7578.94, 7573.36]us
template store b64 s127 W32: 539.595 ns/iter valid=True correct=True witness=[7593.79, 7578.04]us
template store b64 s129 W32: 534.626 ns/iter valid=True correct=True witness=[7574.98, 7579.45]us
template store b64 s160 W32: 547.988 ns/iter valid=False correct=True witness=[7575.63, 7578.29]us
template store b64 s192 W32: 536.606 ns/iter valid=True correct=True witness=[7581.61, 7585.67]us
template store b64 s255 W32: 534.645 ns/iter valid=False correct=True witness=[7574.8, 7581.72]us
template store b128 s3 W32: 256.460 ns/iter valid=True correct=True witness=[7582.56, 7582.12]us
template store b128 s5 W32: 269.671 ns/iter valid=True correct=True witness=[7577.8, 7571.93]us
template store b128 s6 W32: 273.936 ns/iter valid=True correct=True witness=[7590.69, 7572.59]us
template store b128 s7 W32: 277.662 ns/iter valid=True correct=True witness=[7594.49, 7572.46]us
template store b128 s9 W32: 875.568 ns/iter valid=False correct=True witness=[7578.32, 7572.01]us
template store b128 s10 W32: 577.547 ns/iter valid=False correct=True witness=[7581.94, 7572.04]us
template store b128 s11 W32: 587.925 ns/iter valid=False correct=True witness=[7596.16, 7578.08]us
template store b128 s12 W32: 540.699 ns/iter valid=False correct=True witness=[7587.75, 7571.69]us
template store b128 s13 W32: 565.475 ns/iter valid=False correct=True witness=[7578.78, 7593.21]us
template store b128 s14 W32: 566.947 ns/iter valid=False correct=True witness=[7574.52, 7579.29]us
template store b128 s15 W32: 660.873 ns/iter valid=False correct=True witness=[7579.93, 7574.33]us
template store b128 s17 W32: 617.945 ns/iter valid=False correct=True witness=[7576.42, 7576.13]us
template store b128 s18 W32: 612.013 ns/iter valid=False correct=True witness=[7574.58, 7572.16]us
template store b128 s19 W32: 664.792 ns/iter valid=False correct=True witness=[7571.67, 7590.48]us
template store b128 s20 W32: 566.484 ns/iter valid=True correct=True witness=[7574.87, 7575.57]us
template store b128 s21 W32: 587.904 ns/iter valid=True correct=True witness=[7578.71, 7589.92]us
template store b128 s22 W32: 575.698 ns/iter valid=True correct=True witness=[7572.08, 7590.8]us
template store b128 s23 W32: 575.848 ns/iter valid=True correct=True witness=[7578.46, 7587.67]us
template store b128 s24 W32: 571.177 ns/iter valid=True correct=True witness=[7594.76, 7573.1]us
template store b128 s25 W32: 591.970 ns/iter valid=True correct=True witness=[7577.55, 7577.63]us
template store b128 s26 W32: 581.965 ns/iter valid=True correct=True witness=[7579.69, 7591.14]us
template store b128 s27 W32: 618.580 ns/iter valid=True correct=True witness=[7575.09, 7571.95]us
template store b128 s28 W32: 601.999 ns/iter valid=True correct=True witness=[7577.19, 7589.23]us
template store b128 s29 W32: 624.527 ns/iter valid=True correct=True witness=[7572.13, 7577.11]us
template store b128 s30 W32: 614.152 ns/iter valid=True correct=True witness=[7571.67, 7573.31]us
template store b128 s31 W32: 688.187 ns/iter valid=True correct=True witness=[7575.53, 7587.23]us
template store b128 s40 W32: 664.361 ns/iter valid=True correct=True witness=[7572.43, 7585.98]us
template store b128 s48 W32: 653.664 ns/iter valid=True correct=True witness=[7573.66, 7573.7]us
template store b128 s63 W32: 651.047 ns/iter valid=True correct=True witness=[7574.03, 7575.97]us
template store b128 s65 W32: 655.233 ns/iter valid=True correct=True witness=[7576.32, 7578.87]us
template store b128 s80 W32: 673.593 ns/iter valid=True correct=True witness=[7574.06, 7581.34]us
template store b128 s96 W32: 672.369 ns/iter valid=True correct=True witness=[7583.91, 7591.28]us
template store b128 s127 W32: 654.850 ns/iter valid=True correct=True witness=[7572.91, 7576.67]us
template store b128 s129 W32: 648.767 ns/iter valid=True correct=True witness=[7594.88, 7569.65]us
template store b128 s160 W32: 658.734 ns/iter valid=True correct=True witness=[7653.83, 7571.82]us
template store b128 s192 W32: 651.419 ns/iter valid=True correct=True witness=[7606.27, 7569.53]us
template store b128 s255 W32: 640.112 ns/iter valid=False correct=True witness=[7574.6, 7569.02]us
template store b256 s3 W32: 281.493 ns/iter valid=True correct=True witness=[7569.52, 7576.76]us
template store b256 s5 W32: 557.557 ns/iter valid=False correct=True witness=[7568.26, 7571.78]us
template store b256 s6 W32: 551.825 ns/iter valid=False correct=True witness=[7568.51, 7569.42]us
template store b256 s7 W32: 563.151 ns/iter valid=False correct=True witness=[7590.55, 7593.46]us
template store b256 s9 W32: 584.604 ns/iter valid=True correct=True witness=[7590.52, 7583.22]us
template store b256 s10 W32: 591.860 ns/iter valid=True correct=True witness=[7588.05, 7575.93]us
template store b256 s11 W32: 574.833 ns/iter valid=True correct=True witness=[7570.1, 7570.26]us
template store b256 s12 W32: 573.235 ns/iter valid=True correct=True witness=[7571.78, 7571.14]us
template store b256 s13 W32: 591.512 ns/iter valid=True correct=True witness=[7590.35, 7570.74]us
template store b256 s14 W32: 603.164 ns/iter valid=True correct=True witness=[7582.63, 7598.27]us
template store b256 s15 W32: 637.208 ns/iter valid=True correct=True witness=[7569.78, 7638.95]us
template store b256 s17 W32: 742.923 ns/iter valid=True correct=True witness=[7574.53, 7571.02]us
template store b256 s18 W32: 715.546 ns/iter valid=True correct=True witness=[7592.39, 7578.29]us
template store b256 s19 W32: 750.097 ns/iter valid=True correct=True witness=[7576.66, 7577.18]us
template store b256 s20 W32: 732.304 ns/iter valid=True correct=True witness=[7575.03, 7628.24]us
template store b256 s21 W32: 795.783 ns/iter valid=True correct=True witness=[7578.35, 7568.41]us
template store b256 s22 W32: 759.220 ns/iter valid=True correct=True witness=[7574.44, 7594.0]us
template store b256 s23 W32: 770.447 ns/iter valid=True correct=True witness=[7568.74, 7575.31]us
template store b256 s24 W32: 789.460 ns/iter valid=True correct=True witness=[7578.86, 7576.45]us
template store b256 s25 W32: 808.351 ns/iter valid=True correct=True witness=[7575.61, 7621.11]us
template store b256 s26 W32: 829.174 ns/iter valid=True correct=True witness=[7603.45, 7573.72]us
template store b256 s27 W32: 828.717 ns/iter valid=True correct=True witness=[7573.64, 7583.15]us
template store b256 s28 W32: 849.895 ns/iter valid=True correct=True witness=[7588.91, 7572.32]us
template store b256 s29 W32: 855.111 ns/iter valid=True correct=True witness=[7576.3, 7571.13]us
template store b256 s30 W32: 876.146 ns/iter valid=True correct=True witness=[7578.18, 7575.14]us
template store b256 s31 W32: 909.353 ns/iter valid=True correct=True witness=[7699.5, 7576.19]us
template store b256 s40 W32: 899.630 ns/iter valid=True correct=True witness=[7576.32, 7578.87]us
template store b256 s48 W32: 924.481 ns/iter valid=True correct=True witness=[7587.09, 7571.41]us
template store b256 s63 W32: 874.269 ns/iter valid=True correct=True witness=[7586.54, 7574.16]us
template store b256 s65 W32: 874.628 ns/iter valid=True correct=True witness=[7573.29, 7581.38]us
template store b256 s80 W32: 906.436 ns/iter valid=True correct=True witness=[7577.0, 7599.38]us
template store b256 s96 W32: 926.427 ns/iter valid=True correct=True witness=[7569.31, 7568.95]us
template store b256 s127 W32: 848.843 ns/iter valid=True correct=True witness=[7634.94, 7570.46]us
template store b256 s129 W32: 828.999 ns/iter valid=True correct=True witness=[7573.76, 7569.31]us
template store b256 s160 W32: 906.324 ns/iter valid=True correct=True witness=[7569.45, 7581.86]us
template store b256 s192 W32: 780.506 ns/iter valid=True correct=True witness=[7587.21, 7580.08]us
template store b256 s255 W32: 858.590 ns/iter valid=True correct=True witness=[7568.89, 7576.81]us
template store b512 s3 W32: 582.707 ns/iter valid=False correct=True witness=[7568.59, 7581.83]us
template store b512 s5 W32: 609.238 ns/iter valid=True correct=True witness=[7579.75, 7568.76]us
template store b512 s6 W32: 586.288 ns/iter valid=True correct=True witness=[7569.23, 7578.66]us
template store b512 s7 W32: 605.231 ns/iter valid=True correct=True witness=[7592.45, 7584.26]us
template store b512 s9 W32: 732.514 ns/iter valid=True correct=True witness=[7583.91, 7658.48]us
template store b512 s10 W32: 756.851 ns/iter valid=True correct=True witness=[7574.48, 7568.39]us
template store b512 s11 W32: 788.792 ns/iter valid=True correct=True witness=[7576.32, 7582.18]us
template store b512 s12 W32: 814.283 ns/iter valid=True correct=True witness=[7568.35, 7581.65]us
template store b512 s13 W32: 840.455 ns/iter valid=True correct=True witness=[7584.12, 7580.9]us
template store b512 s14 W32: 868.357 ns/iter valid=True correct=True witness=[7589.03, 7594.95]us
template store b512 s15 W32: 915.646 ns/iter valid=True correct=True witness=[7599.21, 7588.51]us
template store b512 s17 W32: 997.752 ns/iter valid=True correct=True witness=[7582.38, 7569.14]us
template store b512 s18 W32: 1048.778 ns/iter valid=True correct=True witness=[7576.84, 7577.81]us
template store b512 s19 W32: 1044.573 ns/iter valid=True correct=True witness=[7574.41, 7589.69]us
template store b512 s20 W32: 1066.504 ns/iter valid=True correct=True witness=[7593.0, 7571.38]us
template store b512 s21 W32: 1114.291 ns/iter valid=True correct=True witness=[7573.29, 7595.72]us
template store b512 s22 W32: 1148.794 ns/iter valid=True correct=True witness=[7582.5, 7576.15]us
template store b512 s23 W32: 1157.255 ns/iter valid=True correct=True witness=[7592.05, 7571.21]us
template store b512 s24 W32: 1182.871 ns/iter valid=True correct=True witness=[7589.5, 7571.03]us
template store b512 s25 W32: 1219.569 ns/iter valid=True correct=True witness=[7580.02, 7572.34]us
template store b512 s26 W32: 1197.499 ns/iter valid=True correct=True witness=[7568.75, 7577.28]us
template store b512 s27 W32: 1221.568 ns/iter valid=True correct=True witness=[7573.51, 7571.18]us
template store b512 s28 W32: 1237.464 ns/iter valid=True correct=True witness=[7568.41, 7591.52]us
template store b512 s29 W32: 1268.829 ns/iter valid=True correct=True witness=[7578.75, 7569.09]us
template store b512 s30 W32: 1289.776 ns/iter valid=True correct=True witness=[7586.67, 7599.02]us
template store b512 s31 W32: 1305.893 ns/iter valid=True correct=True witness=[7578.4, 7586.4]us
template store b512 s40 W32: 1375.041 ns/iter valid=True correct=True witness=[7665.34, 7690.23]us
template store b512 s48 W32: 1405.561 ns/iter valid=True correct=True witness=[7655.79, 7672.54]us
template store b512 s63 W32: 1353.516 ns/iter valid=True correct=True witness=[7574.76, 7569.63]us
template store b512 s65 W32: 1352.858 ns/iter valid=True correct=True witness=[7658.63, 7602.66]us
template store b512 s80 W32: 1357.867 ns/iter valid=True correct=True witness=[7577.89, 7573.58]us
template store b512 s96 W32: 1345.030 ns/iter valid=True correct=True witness=[7575.92, 7573.78]us
template store b512 s127 W32: 1282.745 ns/iter valid=True correct=True witness=[7578.79, 7574.84]us
template store b512 s129 W32: 1269.509 ns/iter valid=True correct=True witness=[7571.6, 7575.86]us
template store b512 s160 W32: 1229.407 ns/iter valid=True correct=True witness=[7572.72, 7578.43]us
template store b512 s192 W32: 1196.411 ns/iter valid=True correct=True witness=[7754.35, 7570.54]us
template store b512 s255 W32: 1197.918 ns/iter valid=True correct=True witness=[7568.85, 7573.66]us
template store b1024 s3 W32: 615.314 ns/iter valid=True correct=True witness=[7574.53, 7586.72]us
template store b1024 s5 W32: 793.949 ns/iter valid=True correct=True witness=[7568.74, 7586.15]us
template store b1024 s6 W32: 859.666 ns/iter valid=True correct=True witness=[7568.95, 7579.93]us
template store b1024 s7 W32: 899.364 ns/iter valid=True correct=True witness=[7568.84, 7573.67]us
template store b1024 s9 W32: 1090.888 ns/iter valid=True correct=True witness=[7575.25, 7573.47]us
template store b1024 s10 W32: 1133.785 ns/iter valid=True correct=True witness=[7578.11, 7574.89]us
template store b1024 s11 W32: 1169.342 ns/iter valid=True correct=True witness=[7586.54, 7569.0]us
template store b1024 s12 W32: 1210.329 ns/iter valid=True correct=True witness=[7580.86, 7570.51]us
template store b1024 s13 W32: 1308.534 ns/iter valid=True correct=True witness=[7568.77, 7569.59]us
template store b1024 s14 W32: 1355.047 ns/iter valid=True correct=True witness=[7570.74, 7573.42]us
template store b1024 s15 W32: 1434.305 ns/iter valid=True correct=True witness=[7571.98, 7575.16]us
template store b1024 s17 W32: 1502.810 ns/iter valid=True correct=True witness=[7569.68, 7574.39]us
template store b1024 s18 W32: 1586.442 ns/iter valid=True correct=True witness=[7568.9, 7571.71]us
template store b1024 s19 W32: 1638.640 ns/iter valid=True correct=True witness=[7575.51, 7589.07]us
template store b1024 s20 W32: 1689.500 ns/iter valid=True correct=True witness=[7585.25, 7585.56]us
template store b1024 s21 W32: 1747.862 ns/iter valid=True correct=True witness=[7587.25, 7576.53]us
template store b1024 s22 W32: 1779.271 ns/iter valid=True correct=True witness=[7574.06, 7589.73]us
template store b1024 s23 W32: 1831.116 ns/iter valid=True correct=True witness=[7575.95, 7575.34]us
template store b1024 s24 W32: 1892.237 ns/iter valid=True correct=True witness=[7567.93, 7576.44]us
template store b1024 s25 W32: 1973.071 ns/iter valid=True correct=True witness=[7574.38, 7571.51]us
template store b1024 s26 W32: 2026.199 ns/iter valid=True correct=True witness=[7586.43, 7585.0]us
template store b1024 s27 W32: 2079.569 ns/iter valid=True correct=True witness=[7575.8, 7588.88]us
template store b1024 s28 W32: 2139.951 ns/iter valid=True correct=True witness=[7584.75, 7574.49]us
template store b1024 s29 W32: 2220.703 ns/iter valid=True correct=True witness=[7569.66, 7575.41]us
template store b1024 s30 W32: 2268.371 ns/iter valid=True correct=True witness=[7570.74, 7576.46]us
template store b1024 s31 W32: 2317.388 ns/iter valid=True correct=True witness=[7577.59, 7576.38]us
template store b1024 s40 W32: 2388.623 ns/iter valid=True correct=True witness=[7574.46, 7570.91]us
template store b1024 s48 W32: 2307.910 ns/iter valid=True correct=True witness=[7591.38, 7593.76]us
template store b1024 s63 W32: 2386.499 ns/iter valid=True correct=True witness=[7591.81, 7569.41]us
template store b1024 s65 W32: 2399.656 ns/iter valid=True correct=True witness=[7574.84, 7570.15]us
template store b1024 s80 W32: 2239.182 ns/iter valid=True correct=True witness=[7582.51, 7584.57]us
template store b1024 s96 W32: 2216.326 ns/iter valid=True correct=True witness=[7587.02, 7582.09]us
template store b1024 s127 W32: 2246.525 ns/iter valid=True correct=True witness=[7577.05, 7570.19]us
template store b1024 s129 W32: 2199.279 ns/iter valid=True correct=True witness=[7570.55, 7578.25]us
template store b1024 s160 W32: 2178.367 ns/iter valid=True correct=True witness=[7582.43, 7579.94]us
template store b1024 s192 W32: 2115.481 ns/iter valid=True correct=True witness=[7569.49, 7571.64]us
template store b1024 s255 W32: 2127.551 ns/iter valid=True correct=True witness=[7576.49, 7584.36]us
template store b2048 s3 W32: 977.529 ns/iter valid=True correct=True witness=[7634.12, 7581.99]us
template store b2048 s5 W32: 1273.478 ns/iter valid=True correct=True witness=[7576.71, 7569.77]us
template store b2048 s6 W32: 1335.450 ns/iter valid=True correct=True witness=[7569.79, 7569.56]us
template store b2048 s7 W32: 1487.398 ns/iter valid=True correct=True witness=[7574.96, 7572.75]us
template store b2048 s9 W32: 1843.616 ns/iter valid=True correct=True witness=[7583.63, 7590.59]us
template store b2048 s10 W32: 1947.846 ns/iter valid=True correct=True witness=[7577.04, 7587.9]us
template store b2048 s11 W32: 2056.592 ns/iter valid=True correct=True witness=[7574.93, 7595.63]us
template store b2048 s12 W32: 2151.523 ns/iter valid=True correct=True witness=[7570.4, 7575.72]us
template store b2048 s13 W32: 2359.575 ns/iter valid=True correct=True witness=[7577.91, 7574.07]us
template store b2048 s14 W32: 2468.137 ns/iter valid=True correct=True witness=[7590.07, 7569.62]us
template store b2048 s15 W32: 2611.213 ns/iter valid=True correct=True witness=[7577.16, 7568.76]us
template store b2048 s17 W32: 2876.842 ns/iter valid=True correct=True witness=[7576.23, 7577.44]us
template store b2048 s18 W32: 2958.765 ns/iter valid=True correct=True witness=[7569.97, 7585.12]us
template store b2048 s19 W32: 3053.805 ns/iter valid=True correct=True witness=[7569.05, 7570.64]us
template store b2048 s20 W32: 3201.538 ns/iter valid=True correct=True witness=[7576.74, 7574.99]us
template store b2048 s21 W32: 3432.322 ns/iter valid=True correct=True witness=[7586.3, 7587.82]us
template store b2048 s22 W32: 3521.904 ns/iter valid=True correct=True witness=[7569.73, 7596.2]us
template store b2048 s23 W32: 3641.818 ns/iter valid=True correct=True witness=[7576.02, 7574.73]us
template store b2048 s24 W32: 3763.599 ns/iter valid=True correct=True witness=[7576.76, 7576.32]us
template store b2048 s25 W32: 3899.878 ns/iter valid=True correct=True witness=[7568.45, 7584.62]us
template store b2048 s26 W32: 4015.946 ns/iter valid=True correct=True witness=[7568.23, 7574.99]us
template store b2048 s27 W32: 4123.600 ns/iter valid=True correct=True witness=[7574.7, 7569.66]us
template store b2048 s28 W32: 4243.046 ns/iter valid=True correct=True witness=[7571.28, 7578.24]us
template store b2048 s29 W32: 4399.158 ns/iter valid=True correct=True witness=[7576.51, 7600.73]us
template store b2048 s30 W32: 4507.428 ns/iter valid=True correct=True witness=[7602.21, 7570.0]us
template store b2048 s31 W32: 4636.770 ns/iter valid=True correct=True witness=[7575.63, 7575.82]us
template store b2048 s40 W32: 4637.703 ns/iter valid=True correct=True witness=[7568.81, 7574.69]us
template store b2048 s48 W32: 4600.698 ns/iter valid=True correct=True witness=[7576.19, 7581.0]us
template store b2048 s63 W32: 4618.834 ns/iter valid=True correct=True witness=[7568.83, 7607.4]us
template store b2048 s65 W32: 4620.528 ns/iter valid=True correct=True witness=[7568.86, 7575.55]us
template store b2048 s80 W32: 4443.256 ns/iter valid=True correct=True witness=[7591.35, 7571.6]us
template store b2048 s96 W32: 4385.587 ns/iter valid=True correct=True witness=[7570.43, 7574.68]us
template store b2048 s127 W32: 4337.711 ns/iter valid=True correct=True witness=[7577.73, 7580.8]us
template store b2048 s129 W32: 4287.736 ns/iter valid=True correct=True witness=[7593.39, 7574.44]us
template store b2048 s160 W32: 4247.051 ns/iter valid=True correct=True witness=[7569.5, 7591.89]us
template store b2048 s192 W32: 4261.432 ns/iter valid=True correct=True witness=[7575.1, 7576.16]us
template store b2048 s255 W32: 4244.985 ns/iter valid=True correct=True witness=[7575.31, 7576.95]us
WROTE results/model_template_stride_v2/raw/board_template_stride_store_pass1.json valid=320/370 freq=1650MHz query=0.511s ref_witness=7578.87us elapsed=3213.3s
