/home/c00946898/.conda/envs/wj_autoscope/lib/python3.11/site-packages/torch_npu/utils/collect_env.py:58: UserWarning: Warning: The /usr/local/Ascend/cann-9.1.0 owner does not match the current owner.
  warnings.warn(f"Warning: The {path} owner does not match the current owner.")
/home/c00946898/.conda/envs/wj_autoscope/lib/python3.11/site-packages/torch_npu/utils/collect_env.py:58: UserWarning: Warning: The /usr/local/Ascend/cann-9.1.0/x86_64-linux/ascend_toolkit_install.info owner does not match the current owner.
  warnings.warn(f"Warning: The {path} owner does not match the current owner.")
/home/c00946898/.conda/envs/wj_autoscope/lib/python3.11/site-packages/torch_npu/utils/collect_env.py:58: UserWarning: Warning: The /usr/local/Ascend/cann-9.1.0 owner does not match the current owner.
  warnings.warn(f"Warning: The {path} owner does not match the current owner.")
/home/c00946898/.conda/envs/wj_autoscope/lib/python3.11/site-packages/torch_npu/utils/collect_env.py:58: UserWarning: Warning: The /usr/local/Ascend/cann-9.1.0/x86_64-linux/ascend_toolkit_install.info owner does not match the current owner.
  warnings.warn(f"Warning: The {path} owner does not match the current owner.")
template store b4 s3 W32: 231.409 ns/iter valid=True correct=True witness=[7573.97]us
template store b4 s5 W32: 230.196 ns/iter valid=True correct=True witness=[7572.31]us
template store b4 s6 W32: 230.031 ns/iter valid=True correct=True witness=[7577.87]us
template store b4 s7 W32: 229.365 ns/iter valid=True correct=True witness=[7600.46]us
template store b4 s9 W32: 230.961 ns/iter valid=True correct=True witness=[7590.46]us
template store b4 s10 W32: 228.998 ns/iter valid=True correct=True witness=[7578.61]us
template store b4 s11 W32: 239.567 ns/iter valid=True correct=True witness=[7598.84]us
template store b4 s12 W32: 242.379 ns/iter valid=True correct=True witness=[7594.08]us
template store b4 s13 W32: 240.755 ns/iter valid=True correct=True witness=[7573.91]us
template store b4 s14 W32: 240.583 ns/iter valid=True correct=True witness=[7574.37]us
template store b4 s15 W32: 240.202 ns/iter valid=True correct=True witness=[7572.99]us
template store b4 s17 W32: 243.417 ns/iter valid=True correct=True witness=[7590.85]us
template store b4 s18 W32: 241.334 ns/iter valid=True correct=True witness=[7587.83]us
template store b4 s19 W32: 249.116 ns/iter valid=True correct=True witness=[7567.11]us
template store b4 s20 W32: 239.841 ns/iter valid=True correct=True witness=[7576.21]us
template store b4 s21 W32: 247.549 ns/iter valid=True correct=True witness=[7577.88]us
template store b4 s22 W32: 249.799 ns/iter valid=True correct=True witness=[7596.83]us
template store b4 s23 W32: 249.919 ns/iter valid=True correct=True witness=[7577.68]us
template store b4 s24 W32: 248.481 ns/iter valid=True correct=True witness=[7574.93]us
template store b4 s25 W32: 248.109 ns/iter valid=True correct=True witness=[7576.05]us
template store b4 s26 W32: 248.982 ns/iter valid=True correct=True witness=[7581.0]us
template store b4 s27 W32: 245.375 ns/iter valid=True correct=True witness=[7575.31]us
template store b4 s28 W32: 248.889 ns/iter valid=True correct=True witness=[7579.83]us
template store b4 s29 W32: 248.264 ns/iter valid=True correct=True witness=[7579.53]us
template store b4 s30 W32: 248.213 ns/iter valid=True correct=True witness=[7585.53]us
template store b4 s31 W32: 247.064 ns/iter valid=True correct=True witness=[7584.15]us
template store b4 s40 W32: 258.814 ns/iter valid=True correct=True witness=[7575.05]us
template store b4 s48 W32: 256.804 ns/iter valid=True correct=True witness=[7575.33]us
template store b4 s63 W32: 255.337 ns/iter valid=True correct=True witness=[7573.4]us
template store b4 s65 W32: 255.939 ns/iter valid=True correct=True witness=[7585.22]us
template store b4 s80 W32: 255.529 ns/iter valid=True correct=True witness=[7575.7]us
template store b4 s96 W32: 248.318 ns/iter valid=True correct=True witness=[7582.98]us
template store b4 s127 W32: 248.236 ns/iter valid=True correct=True witness=[7576.42]us
template store b4 s129 W32: 245.200 ns/iter valid=True correct=True witness=[7575.41]us
template store b4 s160 W32: 241.921 ns/iter valid=True correct=True witness=[7584.66]us
template store b4 s192 W32: 242.932 ns/iter valid=True correct=True witness=[7588.1]us
template store b4 s255 W32: 242.203 ns/iter valid=True correct=True witness=[7575.79]us
template store b8 s3 W32: 231.807 ns/iter valid=True correct=True witness=[7578.36]us
template store b8 s5 W32: 240.402 ns/iter valid=True correct=True witness=[7573.02]us
template store b8 s6 W32: 240.369 ns/iter valid=True correct=True witness=[7579.59]us
template store b8 s7 W32: 235.468 ns/iter valid=True correct=True witness=[7576.43]us
template store b8 s9 W32: 239.828 ns/iter valid=True correct=True witness=[7577.24]us
template store b8 s10 W32: 249.062 ns/iter valid=True correct=True witness=[7582.09]us
template store b8 s11 W32: 249.102 ns/iter valid=True correct=True witness=[7589.88]us
template store b8 s12 W32: 249.057 ns/iter valid=True correct=True witness=[7569.64]us
template store b8 s13 W32: 249.824 ns/iter valid=True correct=True witness=[7586.98]us
template store b8 s14 W32: 258.355 ns/iter valid=True correct=True witness=[7585.14]us
template store b8 s15 W32: 259.349 ns/iter valid=True correct=True witness=[7568.23]us
template store b8 s17 W32: 255.310 ns/iter valid=True correct=True witness=[7568.08]us
template store b8 s18 W32: 257.933 ns/iter valid=True correct=True witness=[7580.88]us
template store b8 s19 W32: 276.655 ns/iter valid=True correct=True witness=[7576.0]us
template store b8 s20 W32: 263.241 ns/iter valid=True correct=True witness=[7620.91]us
template store b8 s21 W32: 274.884 ns/iter valid=True correct=True witness=[7576.05]us
template store b8 s22 W32: 265.781 ns/iter valid=True correct=True witness=[7596.32]us
template store b8 s23 W32: 273.718 ns/iter valid=True correct=True witness=[7585.48]us
template store b8 s24 W32: 276.150 ns/iter valid=True correct=True witness=[7591.74]us
template store b8 s25 W32: 273.004 ns/iter valid=True correct=True witness=[7576.7]us
template store b8 s26 W32: 276.199 ns/iter valid=True correct=True witness=[7569.5]us
template store b8 s27 W32: 275.455 ns/iter valid=True correct=True witness=[7567.95]us
template store b8 s28 W32: 274.945 ns/iter valid=True correct=True witness=[7572.15]us
template store b8 s29 W32: 275.574 ns/iter valid=True correct=True witness=[7588.61]us
template store b8 s30 W32: 274.443 ns/iter valid=True correct=True witness=[7582.13]us
template store b8 s31 W32: 273.562 ns/iter valid=True correct=True witness=[7576.02]us
template store b8 s40 W32: 274.294 ns/iter valid=True correct=True witness=[7583.81]us
template store b8 s48 W32: 267.059 ns/iter valid=True correct=True witness=[7584.14]us
template store b8 s63 W32: 265.452 ns/iter valid=True correct=True witness=[7633.34]us
template store b8 s65 W32: 260.358 ns/iter valid=True correct=True witness=[7572.06]us
template store b8 s80 W32: 257.916 ns/iter valid=True correct=True witness=[7573.55]us
template store b8 s96 W32: 249.585 ns/iter valid=True correct=True witness=[7597.62]us
template store b8 s127 W32: 251.793 ns/iter valid=True correct=True witness=[7573.56]us
template store b8 s129 W32: 247.973 ns/iter valid=True correct=True witness=[7577.26]us
template store b8 s160 W32: 249.947 ns/iter valid=True correct=True witness=[7616.92]us
template store b8 s192 W32: 246.998 ns/iter valid=True correct=True witness=[7577.35]us
template store b8 s255 W32: 248.589 ns/iter valid=True correct=True witness=[7646.64]us
template store b16 s3 W32: 238.914 ns/iter valid=True correct=True witness=[7575.66]us
template store b16 s5 W32: 248.715 ns/iter valid=True correct=True witness=[7575.4]us
template store b16 s6 W32: 247.224 ns/iter valid=True correct=True witness=[7578.58]us
template store b16 s7 W32: 253.431 ns/iter valid=True correct=True witness=[7590.95]us
template store b16 s9 W32: 264.753 ns/iter valid=True correct=True witness=[7615.41]us
template store b16 s10 W32: 265.762 ns/iter valid=True correct=True witness=[7585.96]us
template store b16 s11 W32: 272.304 ns/iter valid=True correct=True witness=[7590.04]us
template store b16 s12 W32: 274.358 ns/iter valid=True correct=True witness=[7597.3]us
template store b16 s13 W32: 275.496 ns/iter valid=True correct=True witness=[7583.85]us
template store b16 s14 W32: 273.601 ns/iter valid=True correct=True witness=[7575.08]us
template store b16 s15 W32: 282.242 ns/iter valid=True correct=True witness=[7575.73]us
template store b16 s17 W32: 284.598 ns/iter valid=True correct=True witness=[7569.06]us
template store b16 s18 W32: 281.107 ns/iter valid=True correct=True witness=[7578.3]us
template store b16 s19 W32: 290.299 ns/iter valid=True correct=True witness=[7578.19]us
template store b16 s20 W32: 282.033 ns/iter valid=True correct=True witness=[7594.04]us
template store b16 s21 W32: 292.029 ns/iter valid=True correct=True witness=[7588.48]us
template store b16 s22 W32: 282.630 ns/iter valid=True correct=True witness=[7577.29]us
template store b16 s23 W32: 283.126 ns/iter valid=True correct=True witness=[7589.35]us
template store b16 s24 W32: 283.367 ns/iter valid=True correct=True witness=[7585.15]us
template store b16 s25 W32: 282.780 ns/iter valid=True correct=True witness=[7590.59]us
template store b16 s26 W32: 285.539 ns/iter valid=True correct=True witness=[7576.07]us
template store b16 s27 W32: 283.090 ns/iter valid=True correct=True witness=[7592.89]us
template store b16 s28 W32: 285.368 ns/iter valid=True correct=True witness=[7600.69]us
template store b16 s29 W32: 284.836 ns/iter valid=True correct=True witness=[7576.99]us
template store b16 s30 W32: 288.659 ns/iter valid=True correct=True witness=[7592.54]us
template store b16 s31 W32: 283.495 ns/iter valid=True correct=True witness=[7597.03]us
template store b16 s40 W32: 285.506 ns/iter valid=True correct=True witness=[7591.95]us
template store b16 s48 W32: 280.650 ns/iter valid=True correct=True witness=[7577.89]us
template store b16 s63 W32: 269.915 ns/iter valid=True correct=True witness=[7579.19]us
template store b16 s65 W32: 270.212 ns/iter valid=True correct=True witness=[7579.86]us
template store b16 s80 W32: 479.643 ns/iter valid=False correct=True witness=[7592.59]us
template store b16 s96 W32: 494.110 ns/iter valid=False correct=True witness=[7572.81]us
template store b16 s127 W32: 495.922 ns/iter valid=False correct=True witness=[7587.43]us
template store b16 s129 W32: 487.118 ns/iter valid=False correct=True witness=[7582.84]us
template store b16 s160 W32: 505.607 ns/iter valid=False correct=True witness=[7589.94]us
template store b16 s192 W32: 502.227 ns/iter valid=False correct=True witness=[7588.82]us
template store b16 s255 W32: 438.506 ns/iter valid=False correct=True witness=[7591.37]us
template store b32 s3 W32: 223.589 ns/iter valid=True correct=True witness=[7577.12]us
template store b32 s5 W32: 241.971 ns/iter valid=True correct=True witness=[7584.28]us
template store b32 s6 W32: 251.116 ns/iter valid=True correct=True witness=[7587.09]us
template store b32 s7 W32: 251.011 ns/iter valid=True correct=True witness=[7609.47]us
template store b32 s9 W32: 258.113 ns/iter valid=True correct=True witness=[7581.37]us
template store b32 s10 W32: 256.747 ns/iter valid=True correct=True witness=[7578.77]us
template store b32 s11 W32: 257.639 ns/iter valid=True correct=True witness=[7579.04]us
template store b32 s12 W32: 258.527 ns/iter valid=True correct=True witness=[7576.53]us
template store b32 s13 W32: 260.608 ns/iter valid=True correct=True witness=[7581.77]us
template store b32 s14 W32: 261.708 ns/iter valid=True correct=True witness=[7574.85]us
template store b32 s15 W32: 263.451 ns/iter valid=True correct=True witness=[7589.96]us
template store b32 s17 W32: 266.259 ns/iter valid=True correct=True witness=[7574.62]us
template store b32 s18 W32: 267.497 ns/iter valid=True correct=True witness=[7578.45]us
template store b32 s19 W32: 280.256 ns/iter valid=True correct=True witness=[7573.57]us
template store b32 s20 W32: 267.366 ns/iter valid=True correct=True witness=[7574.22]us
template store b32 s21 W32: 281.618 ns/iter valid=True correct=True witness=[7581.32]us
template store b32 s22 W32: 271.241 ns/iter valid=True correct=True witness=[7584.91]us
template store b32 s23 W32: 275.116 ns/iter valid=True correct=True witness=[7586.18]us
template store b32 s24 W32: 273.924 ns/iter valid=True correct=True witness=[7577.9]us
template store b32 s25 W32: 276.453 ns/iter valid=True correct=True witness=[7578.8]us
template store b32 s26 W32: 277.266 ns/iter valid=True correct=True witness=[7575.9]us
template store b32 s27 W32: 278.394 ns/iter valid=True correct=True witness=[7578.08]us
template store b32 s28 W32: 278.256 ns/iter valid=True correct=True witness=[7593.99]us
template store b32 s29 W32: 280.882 ns/iter valid=True correct=True witness=[7585.94]us
template store b32 s30 W32: 281.491 ns/iter valid=True correct=True witness=[7576.79]us
template store b32 s31 W32: 282.876 ns/iter valid=True correct=True witness=[7569.53]us
template store b32 s40 W32: 532.814 ns/iter valid=False correct=True witness=[7583.69]us
template store b32 s48 W32: 518.240 ns/iter valid=False correct=True witness=[7591.21]us
template store b32 s63 W32: 529.964 ns/iter valid=False correct=True witness=[7572.2]us
template store b32 s65 W32: 522.700 ns/iter valid=False correct=True witness=[7568.86]us
template store b32 s80 W32: 517.009 ns/iter valid=False correct=True witness=[7575.2]us
template store b32 s96 W32: 523.358 ns/iter valid=False correct=True witness=[7598.44]us
template store b32 s127 W32: 503.496 ns/iter valid=False correct=True witness=[7589.51]us
template store b32 s129 W32: 514.956 ns/iter valid=False correct=True witness=[7581.22]us
template store b32 s160 W32: 525.056 ns/iter valid=False correct=True witness=[7573.29]us
template store b32 s192 W32: 518.241 ns/iter valid=False correct=True witness=[7574.13]us
template store b32 s255 W32: 479.604 ns/iter valid=False correct=True witness=[7574.03]us
template store b64 s3 W32: 249.674 ns/iter valid=True correct=True witness=[7573.58]us
template store b64 s5 W32: 258.964 ns/iter valid=True correct=True witness=[7588.52]us
template store b64 s6 W32: 260.634 ns/iter valid=True correct=True witness=[7588.27]us
template store b64 s7 W32: 264.310 ns/iter valid=True correct=True witness=[7577.3]us
template store b64 s9 W32: 266.526 ns/iter valid=True correct=True witness=[7584.85]us
template store b64 s10 W32: 270.901 ns/iter valid=True correct=True witness=[7575.39]us
template store b64 s11 W32: 273.756 ns/iter valid=True correct=True witness=[7574.47]us
template store b64 s12 W32: 275.685 ns/iter valid=True correct=True witness=[7587.3]us
template store b64 s13 W32: 279.205 ns/iter valid=True correct=True witness=[7573.23]us
template store b64 s14 W32: 279.273 ns/iter valid=True correct=True witness=[7587.95]us
template store b64 s15 W32: 282.642 ns/iter valid=True correct=True witness=[7582.79]us
template store b64 s17 W32: 716.170 ns/iter valid=False correct=True witness=[7574.24]us
template store b64 s18 W32: 1000.679 ns/iter valid=False correct=True witness=[7581.33]us
template store b64 s19 W32: 588.628 ns/iter valid=False correct=True witness=[7614.03]us
template store b64 s20 W32: 565.607 ns/iter valid=False correct=True witness=[7580.28]us
template store b64 s21 W32: 580.263 ns/iter valid=False correct=True witness=[7597.47]us
template store b64 s22 W32: 623.305 ns/iter valid=False correct=True witness=[7575.87]us
template store b64 s23 W32: 551.201 ns/iter valid=False correct=True witness=[7571.31]us
template store b64 s24 W32: 548.466 ns/iter valid=False correct=True witness=[7656.36]us
template store b64 s25 W32: 558.204 ns/iter valid=False correct=True witness=[7579.14]us
template store b64 s26 W32: 600.926 ns/iter valid=False correct=True witness=[7584.56]us
template store b64 s27 W32: 564.269 ns/iter valid=False correct=True witness=[7589.34]us
template store b64 s28 W32: 560.606 ns/iter valid=False correct=True witness=[7575.28]us
template store b64 s29 W32: 627.517 ns/iter valid=False correct=True witness=[7575.23]us
template store b64 s30 W32: 725.738 ns/iter valid=False correct=True witness=[7569.78]us
template store b64 s31 W32: 588.285 ns/iter valid=False correct=True witness=[7581.3]us
template store b64 s40 W32: 604.611 ns/iter valid=False correct=True witness=[7600.58]us
template store b64 s48 W32: 596.826 ns/iter valid=False correct=True witness=[7587.5]us
template store b64 s63 W32: 583.819 ns/iter valid=False correct=True witness=[7577.24]us
template store b64 s65 W32: 582.779 ns/iter valid=False correct=True witness=[7577.13]us
template store b64 s80 W32: 585.356 ns/iter valid=False correct=True witness=[7586.56]us
template store b64 s96 W32: 579.300 ns/iter valid=False correct=True witness=[7596.98]us
template store b64 s127 W32: 566.807 ns/iter valid=False correct=True witness=[7569.46]us
template store b64 s129 W32: 562.164 ns/iter valid=False correct=True witness=[7579.18]us
template store b64 s160 W32: 560.681 ns/iter valid=False correct=True witness=[7576.41]us
template store b64 s192 W32: 562.648 ns/iter valid=False correct=True witness=[7581.69]us
template store b64 s255 W32: 538.712 ns/iter valid=False correct=True witness=[7583.17]us
template store b128 s3 W32: 259.406 ns/iter valid=True correct=True witness=[7569.53]us
template store b128 s5 W32: 271.171 ns/iter valid=True correct=True witness=[7579.45]us
template store b128 s6 W32: 274.569 ns/iter valid=True correct=True witness=[7575.85]us
template store b128 s7 W32: 281.469 ns/iter valid=True correct=True witness=[7588.49]us
template store b128 s9 W32: 797.253 ns/iter valid=False correct=True witness=[7576.25]us
template store b128 s10 W32: 579.512 ns/iter valid=False correct=True witness=[7662.61]us
template store b128 s11 W32: 587.816 ns/iter valid=False correct=True witness=[7575.96]us
template store b128 s12 W32: 554.180 ns/iter valid=False correct=True witness=[7584.34]us
template store b128 s13 W32: 559.029 ns/iter valid=False correct=True witness=[7584.16]us
template store b128 s14 W32: 576.875 ns/iter valid=False correct=True witness=[7570.04]us
template store b128 s15 W32: 630.620 ns/iter valid=False correct=True witness=[7573.99]us
template store b128 s17 W32: 664.613 ns/iter valid=False correct=True witness=[7577.22]us
template store b128 s18 W32: 659.618 ns/iter valid=False correct=True witness=[7583.19]us
template store b128 s19 W32: 661.611 ns/iter valid=False correct=True witness=[7575.84]us
template store b128 s20 W32: 688.104 ns/iter valid=False correct=True witness=[7580.28]us
template store b128 s21 W32: 617.593 ns/iter valid=False correct=True witness=[7586.6]us
template store b128 s22 W32: 616.934 ns/iter valid=False correct=True witness=[7574.98]us
template store b128 s23 W32: 614.699 ns/iter valid=False correct=True witness=[7574.47]us
template store b128 s24 W32: 657.855 ns/iter valid=False correct=True witness=[7579.05]us
template store b128 s25 W32: 626.253 ns/iter valid=False correct=True witness=[7584.06]us
template store b128 s26 W32: 662.792 ns/iter valid=False correct=True witness=[7579.76]us
template store b128 s27 W32: 642.545 ns/iter valid=False correct=True witness=[7574.42]us
template store b128 s28 W32: 680.188 ns/iter valid=False correct=True witness=[7579.62]us
template store b128 s29 W32: 651.042 ns/iter valid=True correct=True witness=[7575.9]us
template store b128 s30 W32: 705.953 ns/iter valid=False correct=True witness=[7577.01]us
template store b128 s31 W32: 710.630 ns/iter valid=False correct=True witness=[7576.52]us
template store b128 s40 W32: 718.944 ns/iter valid=False correct=True witness=[7587.93]us
template store b128 s48 W32: 685.579 ns/iter valid=False correct=True witness=[7583.21]us
template store b128 s63 W32: 679.653 ns/iter valid=False correct=True witness=[7577.38]us
template store b128 s65 W32: 694.751 ns/iter valid=False correct=True witness=[7576.92]us
template store b128 s80 W32: 690.015 ns/iter valid=False correct=True witness=[7584.2]us
template store b128 s96 W32: 688.148 ns/iter valid=False correct=True witness=[7582.63]us
template store b128 s127 W32: 665.593 ns/iter valid=False correct=True witness=[7586.59]us
template store b128 s129 W32: 662.803 ns/iter valid=False correct=True witness=[7578.55]us
template store b128 s160 W32: 673.879 ns/iter valid=False correct=True witness=[7579.48]us
template store b128 s192 W32: 666.921 ns/iter valid=False correct=True witness=[7589.97]us
template store b128 s255 W32: 644.948 ns/iter valid=False correct=True witness=[7571.19]us
template store b256 s3 W32: 282.528 ns/iter valid=True correct=True witness=[7600.58]us
template store b256 s5 W32: 555.759 ns/iter valid=False correct=True witness=[7572.1]us
template store b256 s6 W32: 558.242 ns/iter valid=False correct=True witness=[7584.41]us
template store b256 s7 W32: 575.059 ns/iter valid=False correct=True witness=[7576.61]us
template store b256 s9 W32: 635.895 ns/iter valid=False correct=True witness=[7574.48]us
template store b256 s10 W32: 622.977 ns/iter valid=False correct=True witness=[7575.3]us
template store b256 s11 W32: 636.957 ns/iter valid=False correct=True witness=[7582.58]us
template store b256 s12 W32: 679.208 ns/iter valid=False correct=True witness=[7593.86]us
template store b256 s13 W32: 630.596 ns/iter valid=False correct=True witness=[7586.69]us
template store b256 s14 W32: 646.481 ns/iter valid=True correct=True witness=[7585.77]us
template store b256 s15 W32: 697.115 ns/iter valid=False correct=True witness=[7586.87]us
template store b256 s17 W32: 817.856 ns/iter valid=False correct=True witness=[7578.14]us
template store b256 s18 W32: 767.708 ns/iter valid=False correct=True witness=[7569.42]us
template store b256 s19 W32: 790.696 ns/iter valid=False correct=True witness=[7575.74]us
template store b256 s20 W32: 775.139 ns/iter valid=True correct=True witness=[7569.68]us
template store b256 s21 W32: 851.383 ns/iter valid=False correct=True witness=[7619.32]us
template store b256 s22 W32: 800.490 ns/iter valid=True correct=True witness=[7580.54]us
template store b256 s23 W32: 807.940 ns/iter valid=True correct=True witness=[7574.77]us
template store b256 s24 W32: 826.031 ns/iter valid=True correct=True witness=[7588.64]us
template store b256 s25 W32: 846.553 ns/iter valid=True correct=True witness=[7574.97]us
template store b256 s26 W32: 868.488 ns/iter valid=True correct=True witness=[7575.05]us
template store b256 s27 W32: 865.182 ns/iter valid=True correct=True witness=[7600.09]us
template store b256 s28 W32: 892.129 ns/iter valid=True correct=True witness=[7580.69]us
template store b256 s29 W32: 902.978 ns/iter valid=True correct=True witness=[7585.76]us
template store b256 s30 W32: 931.058 ns/iter valid=True correct=True witness=[7575.64]us
template store b256 s31 W32: 959.236 ns/iter valid=True correct=True witness=[7586.53]us
template store b256 s40 W32: 942.892 ns/iter valid=True correct=True witness=[7574.53]us
template store b256 s48 W32: 941.474 ns/iter valid=True correct=True witness=[7581.76]us
template store b256 s63 W32: 884.470 ns/iter valid=True correct=True witness=[7583.34]us
template store b256 s65 W32: 886.453 ns/iter valid=True correct=True witness=[7576.06]us
template store b256 s80 W32: 917.923 ns/iter valid=True correct=True witness=[7575.85]us
template store b256 s96 W32: 935.921 ns/iter valid=True correct=True witness=[7586.31]us
template store b256 s127 W32: 858.302 ns/iter valid=True correct=True witness=[7579.67]us
template store b256 s129 W32: 837.200 ns/iter valid=True correct=True witness=[7581.63]us
template store b256 s160 W32: 914.728 ns/iter valid=True correct=True witness=[7584.07]us
template store b256 s192 W32: 784.333 ns/iter valid=True correct=True witness=[7576.79]us
template store b256 s255 W32: 877.700 ns/iter valid=True correct=True witness=[7576.32]us
template store b512 s3 W32: 591.623 ns/iter valid=False correct=True witness=[7580.33]us
template store b512 s5 W32: 635.926 ns/iter valid=False correct=True witness=[7595.44]us
template store b512 s6 W32: 655.931 ns/iter valid=False correct=True witness=[7579.5]us
template store b512 s7 W32: 647.545 ns/iter valid=True correct=True witness=[7584.3]us
template store b512 s9 W32: 791.715 ns/iter valid=True correct=True witness=[7576.42]us
template store b512 s10 W32: 806.808 ns/iter valid=True correct=True witness=[7588.55]us
template store b512 s11 W32: 835.530 ns/iter valid=True correct=True witness=[7576.83]us
template store b512 s12 W32: 849.879 ns/iter valid=True correct=True witness=[7578.2]us
template store b512 s13 W32: 883.479 ns/iter valid=True correct=True witness=[7576.13]us
template store b512 s14 W32: 908.200 ns/iter valid=True correct=True witness=[7578.36]us
template store b512 s15 W32: 956.743 ns/iter valid=True correct=True witness=[7721.16]us
template store b512 s17 W32: 1038.082 ns/iter valid=True correct=True witness=[7574.29]us
template store b512 s18 W32: 1058.441 ns/iter valid=True correct=True witness=[7599.92]us
template store b512 s19 W32: 1096.288 ns/iter valid=True correct=True witness=[7572.91]us
template store b512 s20 W32: 1123.238 ns/iter valid=True correct=True witness=[7577.49]us
template store b512 s21 W32: 1132.377 ns/iter valid=True correct=True witness=[7573.76]us
template store b512 s22 W32: 1183.345 ns/iter valid=True correct=True witness=[7577.45]us
template store b512 s23 W32: 1201.819 ns/iter valid=True correct=True witness=[7583.21]us
template store b512 s24 W32: 1239.754 ns/iter valid=True correct=True witness=[7578.09]us
template store b512 s25 W32: 1249.752 ns/iter valid=True correct=True witness=[7578.24]us
template store b512 s26 W32: 1217.255 ns/iter valid=True correct=True witness=[7592.62]us
template store b512 s27 W32: 1242.849 ns/iter valid=True correct=True witness=[7576.66]us
template store b512 s28 W32: 1247.327 ns/iter valid=True correct=True witness=[7575.06]us
template store b512 s29 W32: 1358.324 ns/iter valid=True correct=True witness=[7588.3]us
template store b512 s30 W32: 1384.480 ns/iter valid=True correct=True witness=[7588.63]us
template store b512 s31 W32: 1328.128 ns/iter valid=True correct=True witness=[7581.45]us
template store b512 s40 W32: 1440.952 ns/iter valid=True correct=True witness=[7585.83]us
template store b512 s48 W32: 1430.181 ns/iter valid=True correct=True witness=[7575.22]us
template store b512 s63 W32: 1362.604 ns/iter valid=True correct=True witness=[7606.58]us
template store b512 s65 W32: 1359.930 ns/iter valid=True correct=True witness=[7573.83]us
template store b512 s80 W32: 1366.121 ns/iter valid=True correct=True witness=[7573.93]us
template store b512 s96 W32: 1351.716 ns/iter valid=True correct=True witness=[7572.88]us
template store b512 s127 W32: 1290.261 ns/iter valid=True correct=True witness=[7587.28]us
template store b512 s129 W32: 1283.051 ns/iter valid=True correct=True witness=[7584.34]us
template store b512 s160 W32: 1332.072 ns/iter valid=True correct=True witness=[7707.61]us
template store b512 s192 W32: 1215.917 ns/iter valid=True correct=True witness=[7684.08]us
template store b512 s255 W32: 1207.174 ns/iter valid=True correct=True witness=[7726.51]us
template store b1024 s3 W32: 730.653 ns/iter valid=True correct=True witness=[7589.89]us
template store b1024 s5 W32: 853.521 ns/iter valid=True correct=True witness=[7632.02]us
template store b1024 s6 W32: 913.974 ns/iter valid=True correct=True witness=[7624.75]us
template store b1024 s7 W32: 931.988 ns/iter valid=True correct=True witness=[7697.79]us
template store b1024 s9 W32: 1108.923 ns/iter valid=True correct=True witness=[7692.14]us
template store b1024 s10 W32: 1153.473 ns/iter valid=True correct=True witness=[7682.68]us
template store b1024 s11 W32: 1224.579 ns/iter valid=True correct=True witness=[7690.17]us
template store b1024 s12 W32: 1226.679 ns/iter valid=True correct=True witness=[7582.15]us
template store b1024 s13 W32: 1315.685 ns/iter valid=True correct=True witness=[7586.14]us
template store b1024 s14 W32: 1382.678 ns/iter valid=True correct=True witness=[7574.78]us
template store b1024 s15 W32: 1442.979 ns/iter valid=True correct=True witness=[7622.71]us
template store b1024 s17 W32: 1553.586 ns/iter valid=True correct=True witness=[7760.88]us
template store b1024 s18 W32: 1583.941 ns/iter valid=True correct=True witness=[7607.78]us
template store b1024 s19 W32: 1631.412 ns/iter valid=True correct=True witness=[7579.57]us
template store b1024 s20 W32: 1671.612 ns/iter valid=True correct=True witness=[7600.05]us
template store b1024 s21 W32: 1795.936 ns/iter valid=True correct=True witness=[7620.44]us
template store b1024 s22 W32: 1847.573 ns/iter valid=True correct=True witness=[7644.08]us
template store b1024 s23 W32: 1917.438 ns/iter valid=True correct=True witness=[7652.61]us
template store b1024 s24 W32: 1962.717 ns/iter valid=True correct=True witness=[7598.02]us
template store b1024 s25 W32: 2041.086 ns/iter valid=True correct=True witness=[7588.81]us
template store b1024 s26 W32: 2093.191 ns/iter valid=True correct=True witness=[7698.08]us
template store b1024 s27 W32: 2156.225 ns/iter valid=True correct=True witness=[7572.29]us
template store b1024 s28 W32: 2214.549 ns/iter valid=True correct=True witness=[7706.88]us
template store b1024 s29 W32: 2293.946 ns/iter valid=True correct=True witness=[7658.38]us
template store b1024 s30 W32: 2335.917 ns/iter valid=True correct=True witness=[7576.04]us
template store b1024 s31 W32: 2388.197 ns/iter valid=True correct=True witness=[7685.87]us
template store b1024 s40 W32: 2413.785 ns/iter valid=True correct=True witness=[7611.9]us
template store b1024 s48 W32: 2368.538 ns/iter valid=True correct=True witness=[7677.84]us
template store b1024 s63 W32: 2432.748 ns/iter valid=True correct=True witness=[7723.43]us
template store b1024 s65 W32: 2417.981 ns/iter valid=True correct=True witness=[7711.86]us
template store b1024 s80 W32: 2281.358 ns/iter valid=True correct=True witness=[7703.69]us
template store b1024 s96 W32: 2222.291 ns/iter valid=True correct=True witness=[7739.88]us
template store b1024 s127 W32: 2272.692 ns/iter valid=True correct=True witness=[7713.51]us
template store b1024 s129 W32: 2236.033 ns/iter valid=True correct=True witness=[7598.69]us
template store b1024 s160 W32: 2198.145 ns/iter valid=True correct=True witness=[7594.92]us
template store b1024 s192 W32: 2171.868 ns/iter valid=True correct=True witness=[7572.85]us
template store b1024 s255 W32: 2161.855 ns/iter valid=True correct=True witness=[7635.15]us
template store b2048 s3 W32: 1043.026 ns/iter valid=True correct=True witness=[7573.2]us
template store b2048 s5 W32: 1321.978 ns/iter valid=True correct=True witness=[7591.85]us
template store b2048 s6 W32: 1364.523 ns/iter valid=True correct=True witness=[7574.09]us
template store b2048 s7 W32: 1517.814 ns/iter valid=True correct=True witness=[7608.47]us
template store b2048 s9 W32: 1866.482 ns/iter valid=True correct=True witness=[7585.45]us
template store b2048 s10 W32: 1974.481 ns/iter valid=True correct=True witness=[7577.91]us
template store b2048 s11 W32: 2079.729 ns/iter valid=True correct=True witness=[7575.42]us
template store b2048 s12 W32: 2175.098 ns/iter valid=True correct=True witness=[7585.04]us
template store b2048 s13 W32: 2379.012 ns/iter valid=True correct=True witness=[7589.78]us
template store b2048 s14 W32: 2490.248 ns/iter valid=True correct=True witness=[7579.8]us
template store b2048 s15 W32: 2636.514 ns/iter valid=True correct=True witness=[7579.13]us
template store b2048 s17 W32: 2844.689 ns/iter valid=True correct=True witness=[7585.44]us
template store b2048 s18 W32: 3031.334 ns/iter valid=True correct=True witness=[7576.1]us
template store b2048 s19 W32: 3075.751 ns/iter valid=True correct=True witness=[7577.19]us
template store b2048 s20 W32: 3171.261 ns/iter valid=True correct=True witness=[7575.59]us
template store b2048 s21 W32: 3440.558 ns/iter valid=True correct=True witness=[7581.51]us
template store b2048 s22 W32: 3550.311 ns/iter valid=True correct=True witness=[7590.81]us
template store b2048 s23 W32: 3658.363 ns/iter valid=True correct=True witness=[7569.87]us
template store b2048 s24 W32: 3758.182 ns/iter valid=True correct=True witness=[7576.62]us
template store b2048 s25 W32: 3924.420 ns/iter valid=True correct=True witness=[7582.25]us
template store b2048 s26 W32: 4028.016 ns/iter valid=True correct=True witness=[7581.42]us
template store b2048 s27 W32: 4138.469 ns/iter valid=True correct=True witness=[7568.92]us
template store b2048 s28 W32: 4246.673 ns/iter valid=True correct=True witness=[7583.75]us
template store b2048 s29 W32: 4402.710 ns/iter valid=True correct=True witness=[7576.72]us
template store b2048 s30 W32: 4535.586 ns/iter valid=True correct=True witness=[7583.0]us
template store b2048 s31 W32: 4656.269 ns/iter valid=True correct=True witness=[7577.01]us
template store b2048 s40 W32: 4660.797 ns/iter valid=True correct=True witness=[7583.86]us
template store b2048 s48 W32: 4612.375 ns/iter valid=True correct=True witness=[7579.26]us
template store b2048 s63 W32: 4619.288 ns/iter valid=True correct=True witness=[7602.87]us
template store b2048 s65 W32: 4664.319 ns/iter valid=True correct=True witness=[7604.15]us
template store b2048 s80 W32: 4473.190 ns/iter valid=True correct=True witness=[7590.59]us
template store b2048 s96 W32: 4410.251 ns/iter valid=True correct=True witness=[7584.64]us
template store b2048 s127 W32: 4347.571 ns/iter valid=True correct=True witness=[7596.66]us
template store b2048 s129 W32: 4289.450 ns/iter valid=True correct=True witness=[7574.05]us
template store b2048 s160 W32: 4279.003 ns/iter valid=True correct=True witness=[7578.27]us
template store b2048 s192 W32: 4257.802 ns/iter valid=True correct=True witness=[7578.54]us
template store b2048 s255 W32: 4254.210 ns/iter valid=True correct=True witness=[7570.29]us
WROTE results/model_template_stride_v2/raw/board_template_stride_store_pass2.json valid=278/370 freq=1650MHz query=0.366s ref_witness=7574.25us elapsed=177.6s
