[WARN]  /home/c00946898/simd_ld_o8_nc_camodel_20260921 is not recommended to be writable by group or other users
=================================================================
                   >>>>>   MindStudio   <<<<<
    THE END-TO-END TOOLCHAIN TO UNLEASH HUAWEI ASCEND COMPUTE
=================================================================

[INFO]  Op profiling analysis start.
[INFO]  Running simulation task: Binary Simulation Running, use simulator Ascend950PR 9599 by --soc-version
[INFO] Top sim cfg file: /usr/local/Ascend/cann-9.1.0/x86_64-linux/simulator/dav_3510/lib/Ascend950pr_9599_sim.toml
[INFO] Model cfg file: /usr/local/Ascend/cann-9.1.0/x86_64-linux/simulator/dav_3510/lib/Ascend950pr_9599_model.toml
[INFO] FFTS plus cfg file: /usr/local/Ascend/cann-9.1.0/x86_64-linux/simulator/dav_3510/lib/Ascend950pr_9599_ffts_plus.toml
[INFO] [0000000000] sim_cfg: /usr/local/Ascend/cann-9.1.0/x86_64-linux/simulator/dav_3510/lib/Ascend950pr_9599_sim.toml
[INFO] [0000000000] model_cfg: /usr/local/Ascend/cann-9.1.0/x86_64-linux/simulator/dav_3510/lib/Ascend950pr_9599_model.toml
[INFO] [0000000000] stars_cfg: /usr/local/Ascend/cann-9.1.0/x86_64-linux/simulator/dav_3510/lib/Ascend950pr_9599_stars.toml
[INFO] [0000000000] ffts_cfg: /usr/local/Ascend/cann-9.1.0/x86_64-linux/simulator/dav_3510/lib/Ascend950pr_9599_ffts.toml
[INFO] [0000000000] ffts_plus_cfg: /usr/local/Ascend/cann-9.1.0/x86_64-linux/simulator/dav_3510/lib/Ascend950pr_9599_ffts_plus.toml
[FuncCache]: size:0x20000, line_size:128, way_num:16, line_num:1024, idx_num:64
             idx_lsb:7, idx_mask:0x3f, tag_lsb:13, tag_mask:0xffffffffffffffff, ofst_mask:0x7f

[INFO] Config file [1982_cloud_config.toml] from model dynamic library path. Path: /usr/local/Ascend/cann-9.1.0/x86_64-linux/simulator/dav_3510/lib/1982_cloud_config.toml
[TmSim]: Run in serial mode.
[INFO] Config file [./1982_cloud_config.toml] from model dynamic library path. Path: /usr/local/Ascend/cann-9.1.0/x86_64-linux/simulator/dav_3510/lib/1982_cloud_config.toml
[INFO] AicWrapper attach AIC 0, num_vec_core=2, num_subcore=3
[INFO] AicWrapper attach AIC 1, num_vec_core=2, num_subcore=3
[INFO] AicWrapper attach AIC 2, num_vec_core=2, num_subcore=3
[INFO] AicWrapper attach AIC 3, num_vec_core=2, num_subcore=3
[INFO] AicWrapper attach AIC 4, num_vec_core=2, num_subcore=3
[INFO] AicWrapper attach AIC 5, num_vec_core=2, num_subcore=3
[INFO] AicWrapper attach AIC 6, num_vec_core=2, num_subcore=3
[INFO] AicWrapper attach AIC 7, num_vec_core=2, num_subcore=3
[INFO] AicWrapper attach AIC 8, num_vec_core=2, num_subcore=3
[INFO] AicWrapper attach AIC 9, num_vec_core=2, num_subcore=3
[INFO] AicWrapper attach AIC 10, num_vec_core=2, num_subcore=3
[INFO] AicWrapper attach AIC 11, num_vec_core=2, num_subcore=3
[INFO] AicWrapper attach AIC 12, num_vec_core=2, num_subcore=3
[INFO] AicWrapper attach AIC 13, num_vec_core=2, num_subcore=3
[INFO] AicWrapper attach AIC 14, num_vec_core=2, num_subcore=3
[INFO] AicWrapper attach AIC 15, num_vec_core=2, num_subcore=3
[INFO] AicWrapper attach AIC 16, num_vec_core=2, num_subcore=3
[INFO] AicWrapper attach AIC 17, num_vec_core=2, num_subcore=3
[INFO] AicWrapper attach AIC 18, num_vec_core=2, num_subcore=3
[INFO] AicWrapper attach AIC 19, num_vec_core=2, num_subcore=3
[INFO] AicWrapper attach AIC 20, num_vec_core=2, num_subcore=3
[INFO] AicWrapper attach AIC 21, num_vec_core=2, num_subcore=3
[INFO] AicWrapper attach AIC 22, num_vec_core=2, num_subcore=3
[INFO] AicWrapper attach AIC 23, num_vec_core=2, num_subcore=3
[INFO] AicWrapper attach AIC 24, num_vec_core=2, num_subcore=3
[INFO] AicWrapper attach AIC 25, num_vec_core=2, num_subcore=3
[INFO] AicWrapper attach AIC 26, num_vec_core=2, num_subcore=3
[INFO] AicWrapper attach AIC 27, num_vec_core=2, num_subcore=3
[INFO] AicWrapper attach AIC 28, num_vec_core=2, num_subcore=3
[INFO] AicWrapper attach AIC 29, num_vec_core=2, num_subcore=3
[INFO] AicWrapper attach AIC 30, num_vec_core=2, num_subcore=3
[INFO] AicWrapper attach AIC 31, num_vec_core=2, num_subcore=3
[INFO] Chip 0 AIC / Scheduler / Soc periods: 200.0000 / 200.0000 / 105.0000
[INFO] chip 0 die 0 device created
================================================================================
>>>>                                                                        
>>>>                             " PEM MODEL "                                
>>>>             Total no. of 1 chip(s) Model Init Success!                
>>>>                                                                        
================================================================================
[INFO] Model Start Time: 2026-09-21 20:27:40
[DRVSTUB_LOG] driver_api.c:521 sendSwapBuf:swapbuf_base_addr:10000000
[DRVSTUB_LOG] driver_api.c:522 sendSwapBuf:sq:0 swapbuf_addr:10000000
[DRVSTUB_LOG] driver_api.c:521 sendSwapBuf:swapbuf_base_addr:10000000
[DRVSTUB_LOG] driver_api.c:522 sendSwapBuf:sq:1 swapbuf_addr:10000040
[DRVSTUB_LOG] driver_api.c:521 sendSwapBuf:swapbuf_base_addr:10000000
[DRVSTUB_LOG] driver_api.c:522 sendSwapBuf:sq:2 swapbuf_addr:10000080
[INFO] <ProfInit> Start profiling on kernel: simd_main_ld_same_o8_sum
[info] [0000000324] [block_start]           : AIC_MIX, task_id=0, core_id=0, main_blk_id=0
[info] [0000000324] [block_start]           : AIC_MIX, task_id=0, core_id=0, main_blk_id=0, sub_blk_id=0
[info] [0000000324] [block_start]           : AIC_MIX, task_id=0, core_id=1, main_blk_id=0, sub_blk_id=1
[info] [0000002873] [block_end]             : AIC, task_id=0, core_id=0, block_id=0
[info] [0000002878] [block_end]             : AIV, task_id=0, core_id=0, block_id=0, sub_block_id=0
[info] [0000002903] [block_end]             : AIV, task_id=0, core_id=1, block_id=0, sub_block_id=1
LAUNCH 0 simd_main_ld_same_o8_sum out=0\n[INFO] <ProfInit> Start profiling on kernel: simd_main_ld_same_o8_nc
[info] [0000003025] [block_start]           : AIC_MIX, task_id=0, core_id=0, main_blk_id=0
[info] [0000003025] [block_start]           : AIC_MIX, task_id=0, core_id=0, main_blk_id=0, sub_blk_id=0
[info] [0000003025] [block_start]           : AIC_MIX, task_id=0, core_id=1, main_blk_id=0, sub_blk_id=1
[info] [0000005138] [block_end]             : AIV, task_id=0, core_id=0, block_id=0, sub_block_id=0
[info] [0000005171] [block_end]             : AIV, task_id=0, core_id=1, block_id=0, sub_block_id=1
[info] [0000005253] [block_end]             : AIC, task_id=0, core_id=0, block_id=0
LAUNCH 1 simd_main_ld_same_o8_nc out=0\n[INFO] <ProfInit> Start profiling on kernel: simd_main_ld_diff_o8_sum
[info] [0000005373] [block_start]           : AIC_MIX, task_id=0, core_id=0, main_blk_id=0
[info] [0000005373] [block_start]           : AIC_MIX, task_id=0, core_id=0, main_blk_id=0, sub_blk_id=0
[info] [0000005373] [block_start]           : AIC_MIX, task_id=0, core_id=1, main_blk_id=0, sub_blk_id=1
[info] [0000009723] [block_end]             : AIC, task_id=0, core_id=0, block_id=0
[info] [0000009769] [block_end]             : AIV, task_id=0, core_id=1, block_id=0, sub_block_id=1
[info] [0000009794] [block_end]             : AIV, task_id=0, core_id=0, block_id=0, sub_block_id=0
LAUNCH 2 simd_main_ld_diff_o8_sum out=0\n[INFO] <ProfInit> Start profiling on kernel: simd_main_ld_diff_o8_nc
[info] [0000009917] [block_start]           : AIC_MIX, task_id=0, core_id=0, main_blk_id=0
[info] [0000009917] [block_start]           : AIC_MIX, task_id=0, core_id=0, main_blk_id=0, sub_blk_id=0
[info] [0000009917] [block_start]           : AIC_MIX, task_id=0, core_id=1, main_blk_id=0, sub_blk_id=1
[info] [0000014401] [block_end]             : AIV, task_id=0, core_id=0, block_id=0, sub_block_id=0
[info] [0000014579] [block_end]             : AIC, task_id=0, core_id=0, block_id=0
[info] [0000014586] [block_end]             : AIV, task_id=0, core_id=1, block_id=0, sub_block_id=1
LAUNCH 3 simd_main_ld_diff_o8_nc out=0\n[info] [MCU_LOG] [INFO] [0000014710] stop (645):: mcu_wrapper is stopping...
[info] [MCU_LOG] [INFO] [0000014710] main_loop (624):: mcu_wrapper loop is stopping...
[info] [MCU_LOG] [INFO] [0000014710] stop (654):: mcu_wrapper loop joined successfully.
[INFO] Model Stop Time: 2026-09-21 20:28:04
Model RUN TIME: 24046.1 ms
[INFO] Total tick: 14709
[INFO] Model stopped successfully.
warning: failed to compute relocation: Unknown, Invalid data was encountered while parsing the file
warning: failed to compute relocation: Unknown, Invalid data was encountered while parsing the file
warning: failed to compute relocation: Unknown, Invalid data was encountered while parsing the file
warning: failed to compute relocation: Unknown, Invalid data was encountered while parsing the file
warning: failed to compute relocation: Unknown, Invalid data was encountered while parsing the file
warning: failed to compute relocation: Unknown, Invalid data was encountered while parsing the file
warning: failed to compute relocation: Unknown, Invalid data was encountered while parsing the file
warning: failed to compute relocation: Unknown, Invalid data was encountered while parsing the file
warning: failed to compute relocation: Unknown, Invalid data was encountered while parsing the file
warning: failed to compute relocation: Unknown, Invalid data was encountered while parsing the file
warning: failed to compute relocation: Unknown, Invalid data was encountered while parsing the file
warning: failed to compute relocation: Unknown, Invalid data was encountered while parsing the file
warning: failed to compute relocation: Unknown, Invalid data was encountered while parsing the file
warning: failed to compute relocation: Unknown, Invalid data was encountered while parsing the file
warning: failed to compute relocation: Unknown, Invalid data was encountered while parsing the file
warning: failed to compute relocation: Unknown, Invalid data was encountered while parsing the file
[INFO]  Profiling running finished. All task success.
[INFO]  Start parse dump file
[INFO]  Extract 67 relations from kernel
[WARN]  Kernel missed debug_line information. If you need code call stack, please recompile kernel with -g option
[WARN]  Code call stack is empty
[WARN]  Lack of code info of files
[INFO]  Core operator results run in simulator as follow:
core_name           duration_time(us)   running_time(us)    
core0.cubecore0     2.2                 2.14                
core0.veccore0      2.13                2.13                
core0.veccore1      2.18                2.18                
warning: failed to compute relocation: Unknown, Invalid data was encountered while parsing the file
warning: failed to compute relocation: Unknown, Invalid data was encountered while parsing the file
warning: failed to compute relocation: Unknown, Invalid data was encountered while parsing the file
warning: failed to compute relocation: Unknown, Invalid data was encountered while parsing the file
warning: failed to compute relocation: Unknown, Invalid data was encountered while parsing the file
warning: failed to compute relocation: Unknown, Invalid data was encountered while parsing the file
warning: failed to compute relocation: Unknown, Invalid data was encountered while parsing the file
warning: failed to compute relocation: Unknown, Invalid data was encountered while parsing the file
warning: failed to compute relocation: Unknown, Invalid data was encountered while parsing the file
warning: failed to compute relocation: Unknown, Invalid data was encountered while parsing the file
warning: failed to compute relocation: Unknown, Invalid data was encountered while parsing the file
warning: failed to compute relocation: Unknown, Invalid data was encountered while parsing the file
warning: failed to compute relocation: Unknown, Invalid data was encountered while parsing the file
warning: failed to compute relocation: Unknown, Invalid data was encountered while parsing the file
warning: failed to compute relocation: Unknown, Invalid data was encountered while parsing the file
warning: failed to compute relocation: Unknown, Invalid data was encountered while parsing the file
[INFO]  Extract 83 relations from kernel
[WARN]  Kernel missed debug_line information. If you need code call stack, please recompile kernel with -g option
[WARN]  Code call stack is empty
[WARN]  Lack of code info of files
[INFO]  Core operator results run in simulator as follow:
core_name           duration_time(us)   running_time(us)    
core0.cubecore0     2.03                2.03                
core0.veccore0      2.08                2.08                
core0.veccore1      2.08                2.08                
warning: failed to compute relocation: Unknown, Invalid data was encountered while parsing the file
warning: failed to compute relocation: Unknown, Invalid data was encountered while parsing the file
warning: failed to compute relocation: Unknown, Invalid data was encountered while parsing the file
warning: failed to compute relocation: Unknown, Invalid data was encountered while parsing the file
warning: failed to compute relocation: Unknown, Invalid data was encountered while parsing the file
warning: failed to compute relocation: Unknown, Invalid data was encountered while parsing the file
warning: failed to compute relocation: Unknown, Invalid data was encountered while parsing the file
warning: failed to compute relocation: Unknown, Invalid data was encountered while parsing the file
warning: failed to compute relocation: Unknown, Invalid data was encountered while parsing the file
warning: failed to compute relocation: Unknown, Invalid data was encountered while parsing the file
warning: failed to compute relocation: Unknown, Invalid data was encountered while parsing the file
warning: failed to compute relocation: Unknown, Invalid data was encountered while parsing the file
warning: failed to compute relocation: Unknown, Invalid data was encountered while parsing the file
warning: failed to compute relocation: Unknown, Invalid data was encountered while parsing the file
warning: failed to compute relocation: Unknown, Invalid data was encountered while parsing the file
warning: failed to compute relocation: Unknown, Invalid data was encountered while parsing the file
[INFO]  Extract 67 relations from kernel
[WARN]  Kernel missed debug_line information. If you need code call stack, please recompile kernel with -g option
[WARN]  Code call stack is empty
[WARN]  Lack of code info of files
[INFO]  Core operator results run in simulator as follow:
core_name           duration_time(us)   running_time(us)    
core0.cubecore0     0.85                0.85                
core0.veccore0      0.81                0.81                
core0.veccore1      0.86                0.86                
warning: failed to compute relocation: Unknown, Invalid data was encountered while parsing the file
warning: failed to compute relocation: Unknown, Invalid data was encountered while parsing the file
warning: failed to compute relocation: Unknown, Invalid data was encountered while parsing the file
warning: failed to compute relocation: Unknown, Invalid data was encountered while parsing the file
warning: failed to compute relocation: Unknown, Invalid data was encountered while parsing the file
warning: failed to compute relocation: Unknown, Invalid data was encountered while parsing the file
warning: failed to compute relocation: Unknown, Invalid data was encountered while parsing the file
warning: failed to compute relocation: Unknown, Invalid data was encountered while parsing the file
warning: failed to compute relocation: Unknown, Invalid data was encountered while parsing the file
warning: failed to compute relocation: Unknown, Invalid data was encountered while parsing the file
warning: failed to compute relocation: Unknown, Invalid data was encountered while parsing the file
warning: failed to compute relocation: Unknown, Invalid data was encountered while parsing the file
warning: failed to compute relocation: Unknown, Invalid data was encountered while parsing the file
warning: failed to compute relocation: Unknown, Invalid data was encountered while parsing the file
warning: failed to compute relocation: Unknown, Invalid data was encountered while parsing the file
warning: failed to compute relocation: Unknown, Invalid data was encountered while parsing the file
[INFO]  Extract 83 relations from kernel
[WARN]  Kernel missed debug_line information. If you need code call stack, please recompile kernel with -g option
[WARN]  Code call stack is empty
[WARN]  Lack of code info of files
[INFO]  Core operator results run in simulator as follow:
core_name           duration_time(us)   running_time(us)    
core0.cubecore0     0.8                 0.8                 
core0.veccore0      0.8                 0.8                 
core0.veccore1      0.77                0.77                
[INFO]  Profiling results saved in /home/c00946898/simd_ld_o8_nc_camodel_20260921/OPPROF_20260921202737_YIUKZEMVRNTGVPOM
[INFO]  Profiling data parse finished.
[INFO]  Op profiling finish. Welcome to next use.
